Archive member included to satisfy reference by file (symbol)

/usr/local/Cellar/arm-none-eabi-gcc/10.3-2021.07/gcc/bin/../lib/gcc/arm-none-eabi/10.3.1/thumb/v6-m/nofp/libgcc.a(_dvmd_tls.o)
                              CMakeFiles/main.dir/Users/masonwright/pico/pico-sdk/src/rp2_common/pico_divider/divider.S.obj (__aeabi_idiv0)
/usr/local/Cellar/arm-none-eabi-gcc/10.3-2021.07/gcc/bin/../lib/gcc/arm-none-eabi/10.3.1/../../../../arm-none-eabi/lib/thumb/v6-m/nofp/libg.a(lib_a-calloc.o)
                              CMakeFiles/main.dir/Users/masonwright/pico/pico-sdk/src/rp2_common/pico_malloc/pico_malloc.c.obj (calloc)
/usr/local/Cellar/arm-none-eabi-gcc/10.3-2021.07/gcc/bin/../lib/gcc/arm-none-eabi/10.3.1/../../../../arm-none-eabi/lib/thumb/v6-m/nofp/libg.a(lib_a-callocr.o)
                              /usr/local/Cellar/arm-none-eabi-gcc/10.3-2021.07/gcc/bin/../lib/gcc/arm-none-eabi/10.3.1/../../../../arm-none-eabi/lib/thumb/v6-m/nofp/libg.a(lib_a-calloc.o) (_calloc_r)
/usr/local/Cellar/arm-none-eabi-gcc/10.3-2021.07/gcc/bin/../lib/gcc/arm-none-eabi/10.3.1/../../../../arm-none-eabi/lib/thumb/v6-m/nofp/libg.a(lib_a-ctype_.o)
                              CMakeFiles/main.dir/Users/masonwright/pico/pico-sdk/lib/tinyusb/src/tusb.c.obj (_ctype_)
/usr/local/Cellar/arm-none-eabi-gcc/10.3-2021.07/gcc/bin/../lib/gcc/arm-none-eabi/10.3.1/../../../../arm-none-eabi/lib/thumb/v6-m/nofp/libg.a(lib_a-errno.o)
                              /usr/local/Cellar/arm-none-eabi-gcc/10.3-2021.07/gcc/bin/../lib/gcc/arm-none-eabi/10.3.1/../../../../arm-none-eabi/lib/thumb/v6-m/nofp/libg.a(lib_a-callocr.o) (__errno)
/usr/local/Cellar/arm-none-eabi-gcc/10.3-2021.07/gcc/bin/../lib/gcc/arm-none-eabi/10.3.1/../../../../arm-none-eabi/lib/thumb/v6-m/nofp/libg.a(lib_a-impure.o)
                              /usr/local/Cellar/arm-none-eabi-gcc/10.3-2021.07/gcc/bin/../lib/gcc/arm-none-eabi/10.3.1/../../../../arm-none-eabi/lib/thumb/v6-m/nofp/libg.a(lib_a-calloc.o) (_impure_ptr)
/usr/local/Cellar/arm-none-eabi-gcc/10.3-2021.07/gcc/bin/../lib/gcc/arm-none-eabi/10.3.1/../../../../arm-none-eabi/lib/thumb/v6-m/nofp/libg.a(lib_a-init.o)
                              /usr/local/Cellar/arm-none-eabi-gcc/10.3-2021.07/gcc/bin/../lib/gcc/arm-none-eabi/10.3.1/../../../../arm-none-eabi/lib/thumb/v6-m/nofp/crt0.o (__libc_init_array)
/usr/local/Cellar/arm-none-eabi-gcc/10.3-2021.07/gcc/bin/../lib/gcc/arm-none-eabi/10.3.1/../../../../arm-none-eabi/lib/thumb/v6-m/nofp/libg.a(lib_a-malloc.o)
                              CMakeFiles/main.dir/Users/masonwright/pico/pico-sdk/src/rp2_common/pico_malloc/pico_malloc.c.obj (malloc)
/usr/local/Cellar/arm-none-eabi-gcc/10.3-2021.07/gcc/bin/../lib/gcc/arm-none-eabi/10.3.1/../../../../arm-none-eabi/lib/thumb/v6-m/nofp/libg.a(lib_a-mallocr.o)
                              /usr/local/Cellar/arm-none-eabi-gcc/10.3-2021.07/gcc/bin/../lib/gcc/arm-none-eabi/10.3.1/../../../../arm-none-eabi/lib/thumb/v6-m/nofp/libg.a(lib_a-callocr.o) (_malloc_r)
/usr/local/Cellar/arm-none-eabi-gcc/10.3-2021.07/gcc/bin/../lib/gcc/arm-none-eabi/10.3.1/../../../../arm-none-eabi/lib/thumb/v6-m/nofp/libg.a(lib_a-mlock.o)
                              /usr/local/Cellar/arm-none-eabi-gcc/10.3-2021.07/gcc/bin/../lib/gcc/arm-none-eabi/10.3.1/../../../../arm-none-eabi/lib/thumb/v6-m/nofp/libg.a(lib_a-mallocr.o) (__malloc_lock)
/usr/local/Cellar/arm-none-eabi-gcc/10.3-2021.07/gcc/bin/../lib/gcc/arm-none-eabi/10.3.1/../../../../arm-none-eabi/lib/thumb/v6-m/nofp/libg.a(lib_a-realloc.o)
                              CMakeFiles/main.dir/Users/masonwright/pico/pico-sdk/src/rp2_common/pico_malloc/pico_malloc.c.obj (realloc)
/usr/local/Cellar/arm-none-eabi-gcc/10.3-2021.07/gcc/bin/../lib/gcc/arm-none-eabi/10.3.1/../../../../arm-none-eabi/lib/thumb/v6-m/nofp/libg.a(lib_a-reallocr.o)
                              /usr/local/Cellar/arm-none-eabi-gcc/10.3-2021.07/gcc/bin/../lib/gcc/arm-none-eabi/10.3.1/../../../../arm-none-eabi/lib/thumb/v6-m/nofp/libg.a(lib_a-realloc.o) (_realloc_r)
/usr/local/Cellar/arm-none-eabi-gcc/10.3-2021.07/gcc/bin/../lib/gcc/arm-none-eabi/10.3.1/../../../../arm-none-eabi/lib/thumb/v6-m/nofp/libg.a(lib_a-sbrkr.o)
                              /usr/local/Cellar/arm-none-eabi-gcc/10.3-2021.07/gcc/bin/../lib/gcc/arm-none-eabi/10.3.1/../../../../arm-none-eabi/lib/thumb/v6-m/nofp/libg.a(lib_a-mallocr.o) (_sbrk_r)
/usr/local/Cellar/arm-none-eabi-gcc/10.3-2021.07/gcc/bin/../lib/gcc/arm-none-eabi/10.3.1/../../../../arm-none-eabi/lib/thumb/v6-m/nofp/libg.a(lib_a-strlen-stub.o)
                              CMakeFiles/main.dir/Users/masonwright/pico/pico-sdk/src/rp2_common/pico_stdio/stdio.c.obj (strlen)
/usr/local/Cellar/arm-none-eabi-gcc/10.3-2021.07/gcc/bin/../lib/gcc/arm-none-eabi/10.3.1/../../../../arm-none-eabi/lib/thumb/v6-m/nofp/libg.a(lib_a-freer.o)
[...]
Memory Configuration

Name             Origin             Length             Attributes
FLASH            0x0000000010000000 0x0000000000200000 xr
RAM              0x0000000020000000 0x0000000000040000 xrw
SCRATCH_X        0x0000000020040000 0x0000000000001000 xrw
SCRATCH_Y        0x0000000020041000 0x0000000000001000 xrw
*default*        0x0000000000000000 0xffffffffffffffff

Linker script and memory map

LOAD /usr/local/Cellar/arm-none-eabi-gcc/10.3-2021.07/gcc/bin/../lib/gcc/arm-none-eabi/10.3.1/thumb/v6-m/nofp/crti.o
LOAD /usr/local/Cellar/arm-none-eabi-gcc/10.3-2021.07/gcc/bin/../lib/gcc/arm-none-eabi/10.3.1/thumb/v6-m/nofp/crtbegin.o
LOAD /usr/local/Cellar/arm-none-eabi-gcc/10.3-2021.07/gcc/bin/../lib/gcc/arm-none-eabi/10.3.1/../../../../arm-none-eabi/lib/thumb/v6-m/nofp/crt0.o

.flash_begin    0x0000000010000000        0x0
                0x0000000010000000                __flash_binary_start = .

.boot2          0x0000000010000000      0x100
                0x0000000010000000                __boot2_start__ = .
 *(.boot2)
 .boot2         0x0000000010000000      0x100 /var/folders/7b/c07zbwkj03nf7cs4vm_0yw1w0000gn/T//cc6UR4RQ.o
                0x0000000010000100                __boot2_end__ = .
                0x0000000000000001                ASSERT (((__boot2_end__ - __boot2_start__) == 0x100), ERROR: Pico second stage bootloader must be 256 bytes in size)

.text           0x0000000010000100     0x7200
                0x0000000010000100                __logical_binary_start = .
 *(.vectors)
 .vectors       0x0000000010000100       0xd4 CMakeFiles/main.dir/Users/masonwright/pico/pico-sdk/src/rp2_common/pico_standard_link/crt0.S.obj
                0x0000000010000100                __VECTOR_TABLE
                0x0000000010000100                __vectors
                0x00000000100001c0                __default_isrs_start
                0x00000000100001c0                isr_invalid
                0x00000000100001c2                isr_nmi
                0x00000000100001c4                isr_hardfault
                0x00000000100001c6                isr_svcall
                0x00000000100001c8                isr_pendsv
                0x00000000100001ca                isr_systick
                0x00000000100001cc                isr_irq28
                0x00000000100001cc                isr_irq19
                0x00000000100001cc                isr_irq0
                0x00000000100001cc                isr_irq6
                0x00000000100001cc                isr_irq22
                0x00000000100001cc                isr_irq17
                0x00000000100001cc                isr_irq14
                0x00000000100001cc                isr_irq2
                0x00000000100001cc                isr_irq10
                0x00000000100001cc                isr_irq8
                0x00000000100001cc                isr_irq24
                0x00000000100001cc                isr_irq1
                0x00000000100001cc                isr_irq7
                0x00000000100001cc                isr_irq21
                0x00000000100001cc                isr_irq20
                0x00000000100001cc                isr_irq15
                0x00000000100001cc                isr_irq25
                0x00000000100001cc                isr_irq4
                0x00000000100001cc                isr_irq16
                0x00000000100001cc                isr_irq29
                0x00000000100001cc                isr_irq26
                0x00000000100001cc                __default_isrs_end
                0x00000000100001cc                isr_irq3
                0x00000000100001cc                isr_irq9
                0x00000000100001cc                __unhandled_user_irq
                0x00000000100001cc                isr_irq13
                0x00000000100001cc                isr_irq27
                0x00000000100001cc                isr_irq31
                0x00000000100001cc                isr_irq5
                0x00000000100001cc                isr_irq11
                0x00000000100001cc                isr_irq23
                0x00000000100001cc                isr_irq18
                0x00000000100001cc                isr_irq30
                0x00000000100001cc                isr_irq12
                0x00000000100001d2                unhandled_user_irq_num_in_r0
 *(.binary_info_header)
 .binary_info_header
                0x00000000100001d4       0x14 CMakeFiles/main.dir/Users/masonwright/pico/pico-sdk/src/rp2_common/pico_standard_link/crt0.S.obj
                0x00000000100001e8                __binary_info_header_end = .
 *(.reset)
 .reset         0x00000000100001e8       0xa8 CMakeFiles/main.dir/Users/masonwright/pico/pico-sdk/src/rp2_common/pico_standard_link/crt0.S.obj
                0x00000000100001e8                _entry_point
                0x0000000010000266                __get_current_exception
 .reset         0x0000000010000290       0x30 CMakeFiles/main.dir/Users/masonwright/pico/pico-sdk/src/rp2_common/pico_standard_link/binary_info.c.obj
 *(.init)
 .init          0x00000000100002c0        0x4 /usr/local/Cellar/arm-none-eabi-gcc/10.3-2021.07/gcc/bin/../lib/gcc/arm-none-eabi/10.3.1/thumb/v6-m/nofp/crti.o
                0x00000000100002c0                _init
 *(EXCLUDE_FILE(*libm.a: *libc.a:*lib_a-mem*.o *libgcc.a:) .text*)
 .text          0x00000000100002c4       0x48 /usr/local/Cellar/arm-none-eabi-gcc/10.3-2021.07/gcc/bin/../lib/gcc/arm-none-eabi/10.3.1/thumb/v6-m/nofp/crtbegin.o
 .text.main     0x000000001000030c       0x40 CMakeFiles/main.dir/main.c.obj
                0x000000001000030c                main
 .text.gpio_set_function
                0x000000001000034c       0x30 CMakeFiles/main.dir/Users/masonwright/pico/pico-sdk/src/rp2_common/hardware_gpio/gpio.c.obj
                0x000000001000034c                gpio_set_function
 .text.gpio_init
                0x000000001000037c       0x16 CMakeFiles/main.dir/Users/masonwright/pico/pico-sdk/src/rp2_common/hardware_gpio/gpio.c.obj
                0x000000001000037c                gpio_init
 *fill*         0x0000000010000392        0x2 
 .text.hw_claim_lock
                0x0000000010000394       0x18 CMakeFiles/main.dir/Users/masonwright/pico/pico-sdk/src/rp2_common/hardware_claim/claim.c.obj
                0x0000000010000394                hw_claim_lock
 .text.hw_claim_unlock
                0x00000000100003ac       0x14 CMakeFiles/main.dir/Users/masonwright/pico/pico-sdk/src/rp2_common/hardware_claim/claim.c.obj
                0x00000000100003ac                hw_claim_unlock
 .text.hw_claim_or_assert
                0x00000000100003c0       0x32 CMakeFiles/main.dir/Users/masonwright/pico/pico-sdk/src/rp2_common/hardware_claim/claim.c.obj
                0x00000000100003c0                hw_claim_or_assert
 .text.hw_claim_unused_from_range
                0x00000000100003f2       0x50 CMakeFiles/main.dir/Users/masonwright/pico/pico-sdk/src/rp2_common/hardware_claim/claim.c.obj
                0x00000000100003f2                hw_claim_unused_from_range
 *fill*         0x0000000010000442        0x2 
 .text.running_on_fpga
                0x0000000010000444       0x14 CMakeFiles/main.dir/Users/masonwright/pico/pico-sdk/src/rp2_common/pico_platform/platform.c.obj
                0x0000000010000444                running_on_fpga
 .text.spin_locks_reset
                0x0000000010000458       0x20 CMakeFiles/main.dir/Users/masonwright/pico/pico-sdk/src/rp2_common/hardware_sync/sync.c.obj
                0x0000000010000458                spin_locks_reset
 .text.next_striped_spin_lock_num
                0x0000000010000478       0x1c CMakeFiles/main.dir/Users/masonwright/pico/pico-sdk/src/rp2_common/hardware_sync/sync.c.obj
                0x0000000010000478                next_striped_spin_lock_num
 .text.spin_lock_claim_unused
                0x0000000010000494       0x20 CMakeFiles/main.dir/Users/masonwright/pico/pico-sdk/src/rp2_common/hardware_sync/sync.c.obj
                0x0000000010000494                spin_lock_claim_unused
 .text.set_raw_irq_handler_and_unlock
                0x00000000100004b4       0x28 CMakeFiles/main.dir/Users/masonwright/pico/pico-sdk/src/rp2_common/hardware_irq/irq.c.obj
 .text.make_branch
                0x00000000100004dc       0x48 CMakeFiles/main.dir/Users/masonwright/pico/pico-sdk/src/rp2_common/hardware_irq/irq.c.obj
 .text.insert_branch_and_link
                0x0000000010000524       0x40 CMakeFiles/main.dir/Users/masonwright/pico/pico-sdk/src/rp2_common/hardware_irq/irq.c.obj
 .text.irq_is_enabled
                0x0000000010000564       0x18 CMakeFiles/main.dir/Users/masonwright/pico/pico-sdk/src/rp2_common/hardware_irq/irq.c.obj
                0x0000000010000564                irq_is_enabled
 .text.irq_set_mask_enabled
                0x000000001000057c       0x20 CMakeFiles/main.dir/Users/masonwright/pico/pico-sdk/src/rp2_common/hardware_irq/irq.c.obj
                0x000000001000057c                irq_set_mask_enabled
 .text.irq_set_enabled
                0x000000001000059c        0xe CMakeFiles/main.dir/Users/masonwright/pico/pico-sdk/src/rp2_common/hardware_irq/irq.c.obj
                0x000000001000059c                irq_set_enabled
 *fill*         0x00000000100005aa        0x2 
 .text.irq_set_pending
                0x00000000100005ac       0x10 CMakeFiles/main.dir/Users/masonwright/pico/pico-sdk/src/rp2_common/hardware_irq/irq.c.obj
                0x00000000100005ac                irq_set_pending
 .text.irq_get_vtable_handler
                0x00000000100005bc       0x10 CMakeFiles/main.dir/Users/masonwright/pico/pico-sdk/src/rp2_common/hardware_irq/irq.c.obj
                0x00000000100005bc                irq_get_vtable_handler
 .text.irq_has_shared_handler
                0x00000000100005cc       0x24 CMakeFiles/main.dir/Users/masonwright/pico/pico-sdk/src/rp2_common/hardware_irq/irq.c.obj
                0x00000000100005cc                irq_has_shared_handler
 .text.irq_set_exclusive_handler
                0x00000000100005f0       0x54 CMakeFiles/main.dir/Users/masonwright/pico/pico-sdk/src/rp2_common/hardware_irq/irq.c.obj
                0x00000000100005f0                irq_set_exclusive_handler
 .text.irq_add_shared_handler
                0x0000000010000644      0x230 CMakeFiles/main.dir/Users/masonwright/pico/pico-sdk/src/rp2_common/hardware_irq/irq.c.obj
                0x0000000010000644                irq_add_shared_handler
 .text.irq_remove_handler
                0x0000000010000874      0x1a8 CMakeFiles/main.dir/Users/masonwright/pico/pico-sdk/src/rp2_common/hardware_irq/irq.c.obj
                0x0000000010000874                irq_remove_handler
 .text.irq_add_tail_to_free_list
                0x0000000010000a1c       0xf0 CMakeFiles/main.dir/Users/masonwright/pico/pico-sdk/src/rp2_common/hardware_irq/irq.c.obj
                0x0000000010000a1c                irq_add_tail_to_free_list
 .text.irq_init_priorities
                0x0000000010000b0c       0x1c CMakeFiles/main.dir/Users/masonwright/pico/pico-sdk/src/rp2_common/hardware_irq/irq.c.obj
                0x0000000010000b0c                irq_init_priorities
 .text.user_irq_claim_unused
                0x0000000010000b28       0x30 CMakeFiles/main.dir/Users/masonwright/pico/pico-sdk/src/rp2_common/hardware_irq/irq.c.obj
                0x0000000010000b28                user_irq_claim_unused
 .text.lock_init
                0x0000000010000b58       0x10 CMakeFiles/main.dir/Users/masonwright/pico/pico-sdk/src/common/pico_sync/lock_core.c.obj
                0x0000000010000b58                lock_init
 .text.alarm_pool_post_alloc_init
                0x0000000010000b68       0x40 CMakeFiles/main.dir/Users/masonwright/pico/pico-sdk/src/common/pico_time/time.c.obj
 .text.sleep_until_callback
                0x0000000010000ba8       0x30 CMakeFiles/main.dir/Users/masonwright/pico/pico-sdk/src/common/pico_time/time.c.obj
 .text.timer_pool_entry_comparator
                0x0000000010000bd8       0x7c CMakeFiles/main.dir/Users/masonwright/pico/pico-sdk/src/common/pico_time/time.c.obj
                0x0000000010000bd8                timer_pool_entry_comparator
 .text.ph_add_child_node
                0x0000000010000c54       0xa4 CMakeFiles/main.dir/Users/masonwright/pico/pico-sdk/src/common/pico_time/time.c.obj
 .text.ph_merge_nodes
                0x0000000010000cf8       0x3e CMakeFiles/main.dir/Users/masonwright/pico/pico-sdk/src/common/pico_time/time.c.obj
 *fill*         0x0000000010000d36        0x2 
 .text.add_alarm_under_lock
                0x0000000010000d38      0x174 CMakeFiles/main.dir/Users/masonwright/pico/pico-sdk/src/common/pico_time/time.c.obj
 .text.alarm_pool_alarm_callback
                0x0000000010000eac      0x328 CMakeFiles/main.dir/Users/masonwright/pico/pico-sdk/src/common/pico_time/time.c.obj
 .text.alarm_pool_init_default
                0x00000000100011d4       0x38 CMakeFiles/main.dir/Users/masonwright/pico/pico-sdk/src/common/pico_time/time.c.obj
                0x00000000100011d4                alarm_pool_init_default
 .text.alarm_pool_get_default
                0x000000001000120c       0x2c CMakeFiles/main.dir/Users/masonwright/pico/pico-sdk/src/common/pico_time/time.c.obj
                0x000000001000120c                alarm_pool_get_default
 .text.alarm_pool_add_alarm_at
                0x0000000010001238      0x170 CMakeFiles/main.dir/Users/masonwright/pico/pico-sdk/src/common/pico_time/time.c.obj
                0x0000000010001238                alarm_pool_add_alarm_at
 .text.alarm_pool_cancel_alarm
                0x00000000100013a8       0xf0 CMakeFiles/main.dir/Users/masonwright/pico/pico-sdk/src/common/pico_time/time.c.obj
                0x00000000100013a8                alarm_pool_cancel_alarm
 .text.sleep_until
                0x0000000010001498       0xfc CMakeFiles/main.dir/Users/masonwright/pico/pico-sdk/src/common/pico_time/time.c.obj
                0x0000000010001498                sleep_until
 .text.sleep_us
                0x0000000010001594       0x58 CMakeFiles/main.dir/Users/masonwright/pico/pico-sdk/src/common/pico_time/time.c.obj
                0x0000000010001594                sleep_us
 .text.sleep_ms
                0x00000000100015ec       0x14 CMakeFiles/main.dir/Users/masonwright/pico/pico-sdk/src/common/pico_time/time.c.obj
                0x00000000100015ec                sleep_ms
 .text.best_effort_wfe_or_timeout
                0x0000000010001600       0x80 CMakeFiles/main.dir/Users/masonwright/pico/pico-sdk/src/common/pico_time/time.c.obj
                0x0000000010001600                best_effort_wfe_or_timeout
 .text.hardware_alarm_irq_handler
                0x0000000010001680       0x8c CMakeFiles/main.dir/Users/masonwright/pico/pico-sdk/src/rp2_common/hardware_timer/timer.c.obj
 .text.hardware_alarm_claim
                0x000000001000170c       0x18 CMakeFiles/main.dir/Users/masonwright/pico/pico-sdk/src/rp2_common/hardware_timer/timer.c.obj
                0x000000001000170c                hardware_alarm_claim
 .text.time_us_64
                0x0000000010001724       0x18 CMakeFiles/main.dir/Users/masonwright/pico/pico-sdk/src/rp2_common/hardware_timer/timer.c.obj
                0x0000000010001724                time_us_64
 .text.busy_wait_until
                0x000000001000173c       0x28 CMakeFiles/main.dir/Users/masonwright/pico/pico-sdk/src/rp2_common/hardware_timer/timer.c.obj
                0x000000001000173c                busy_wait_until
 .text.hardware_alarm_set_callback
                0x0000000010001764       0x90 CMakeFiles/main.dir/Users/masonwright/pico/pico-sdk/src/rp2_common/hardware_timer/timer.c.obj
                0x0000000010001764                hardware_alarm_set_callback
 .text.hardware_alarm_set_target
                0x00000000100017f4       0xe8 CMakeFiles/main.dir/Users/masonwright/pico/pico-sdk/src/rp2_common/hardware_timer/timer.c.obj
                0x00000000100017f4                hardware_alarm_set_target
 .text.hardware_alarm_cancel
                0x00000000100018dc       0x40 CMakeFiles/main.dir/Users/masonwright/pico/pico-sdk/src/rp2_common/hardware_timer/timer.c.obj
                0x00000000100018dc                hardware_alarm_cancel
 .text.ph_add_child_node
                0x000000001000191c       0xa4 CMakeFiles/main.dir/Users/masonwright/pico/pico-sdk/src/common/pico_util/pheap.c.obj
 .text.ph_merge_nodes
                0x00000000100019c0       0x3e CMakeFiles/main.dir/Users/masonwright/pico/pico-sdk/src/common/pico_util/pheap.c.obj
 *fill*         0x00000000100019fe        0x2 
 .text.ph_clear
                0x0000000010001a00       0x70 CMakeFiles/main.dir/Users/masonwright/pico/pico-sdk/src/common/pico_util/pheap.c.obj
                0x0000000010001a00                ph_clear
 .text.ph_post_alloc_init
                0x0000000010001a70        0xe CMakeFiles/main.dir/Users/masonwright/pico/pico-sdk/src/common/pico_util/pheap.c.obj
                0x0000000010001a70                ph_post_alloc_init
 *fill*         0x0000000010001a7e        0x2 
 .text.ph_merge_two_pass
                0x0000000010001a80       0xa8 CMakeFiles/main.dir/Users/masonwright/pico/pico-sdk/src/common/pico_util/pheap.c.obj
                0x0000000010001a80                ph_merge_two_pass
 .text.ph_remove_any_head
                0x0000000010001b28      0x108 CMakeFiles/main.dir/Users/masonwright/pico/pico-sdk/src/common/pico_util/pheap.c.obj
 .text.ph_remove_head
                0x0000000010001c30       0x14 CMakeFiles/main.dir/Users/masonwright/pico/pico-sdk/src/common/pico_util/pheap.c.obj
                0x0000000010001c30                ph_remove_head
 .text.ph_remove_and_free_node
                0x0000000010001c44       0xf8 CMakeFiles/main.dir/Users/masonwright/pico/pico-sdk/src/common/pico_util/pheap.c.obj
                0x0000000010001c44                ph_remove_and_free_node
 .text.mutex_init
                0x0000000010001d3c       0x1a CMakeFiles/main.dir/Users/masonwright/pico/pico-sdk/src/common/pico_sync/mutex.c.obj
                0x0000000010001d3c                mutex_init
 .text.recursive_mutex_init
                0x0000000010001d56       0x1e CMakeFiles/main.dir/Users/masonwright/pico/pico-sdk/src/common/pico_sync/mutex.c.obj
                0x0000000010001d56                recursive_mutex_init
 .text.critical_section_init_with_lock_num
                0x0000000010001d74       0x14 CMakeFiles/main.dir/Users/masonwright/pico/pico-sdk/src/common/pico_sync/critical_section.c.obj
                0x0000000010001d74                critical_section_init_with_lock_num
 .text.critical_section_init
                0x0000000010001d88       0x14 CMakeFiles/main.dir/Users/masonwright/pico/pico-sdk/src/common/pico_sync/critical_section.c.obj
                0x0000000010001d88                critical_section_init
 .text._exit    0x0000000010001d9c        0x4 CMakeFiles/main.dir/Users/masonwright/pico/pico-sdk/src/rp2_common/pico_runtime/runtime.c.obj
                0x0000000010001d9c                _exit
 .text.exit     0x0000000010001da0        0x6 CMakeFiles/main.dir/Users/masonwright/pico/pico-sdk/src/rp2_common/pico_runtime/runtime.c.obj
                0x0000000010001da0                exit
 *fill*         0x0000000010001da6        0x2 
 .text.__assert_func
                0x0000000010001da8       0x3c CMakeFiles/main.dir/Users/masonwright/pico/pico-sdk/src/rp2_common/pico_runtime/runtime.c.obj
                0x0000000010001da8                __assert_func
 .text.runtime_init
                0x0000000010001de4       0xf8 CMakeFiles/main.dir/Users/masonwright/pico/pico-sdk/src/rp2_common/pico_runtime/runtime.c.obj
                0x0000000010001de4                runtime_init
 .text.panic    0x0000000010001edc       0x30 CMakeFiles/main.dir/Users/masonwright/pico/pico-sdk/src/rp2_common/pico_runtime/runtime.c.obj
                0x0000000010001edc                panic
 .text.clock_configure
                0x0000000010001f0c      0x104 CMakeFiles/main.dir/Users/masonwright/pico/pico-sdk/src/rp2_common/hardware_clocks/clocks.c.obj
                0x0000000010001f0c                clock_configure
 .text.clocks_init
                0x0000000010002010      0x100 CMakeFiles/main.dir/Users/masonwright/pico/pico-sdk/src/rp2_common/hardware_clocks/clocks.c.obj
                0x0000000010002010                clocks_init
 .text.pll_init
                0x0000000010002110      0x140 CMakeFiles/main.dir/Users/masonwright/pico/pico-sdk/src/rp2_common/hardware_pll/pll.c.obj
                0x0000000010002110                pll_init
 .text.watchdog_start_tick
                0x0000000010002250       0x10 CMakeFiles/main.dir/Users/masonwright/pico/pico-sdk/src/rp2_common/hardware_watchdog/watchdog.c.obj
                0x0000000010002250                watchdog_start_tick
 .text.watchdog_update
                0x0000000010002260       0x14 CMakeFiles/main.dir/Users/masonwright/pico/pico-sdk/src/rp2_common/hardware_watchdog/watchdog.c.obj
                0x0000000010002260                watchdog_update
 .text._watchdog_enable
                0x0000000010002274       0x78 CMakeFiles/main.dir/Users/masonwright/pico/pico-sdk/src/rp2_common/hardware_watchdog/watchdog.c.obj
                0x0000000010002274                _watchdog_enable
 .text.watchdog_reboot
                0x00000000100022ec       0x48 CMakeFiles/main.dir/Users/masonwright/pico/pico-sdk/src/rp2_common/hardware_watchdog/watchdog.c.obj
                0x00000000100022ec                watchdog_reboot
 .text.xosc_init
                0x0000000010002334       0x28 CMakeFiles/main.dir/Users/masonwright/pico/pico-sdk/src/rp2_common/hardware_xosc/xosc.c.obj
                0x0000000010002334                xosc_init
 .text._out_null
                0x000000001000235c        0x2 CMakeFiles/main.dir/Users/masonwright/pico/pico-sdk/src/rp2_common/pico_printf/printf.c.obj
 .text._out_fct
                0x000000001000235e        0xe CMakeFiles/main.dir/Users/masonwright/pico/pico-sdk/src/rp2_common/pico_printf/printf.c.obj
 .text._atoi    0x000000001000236c       0x24 CMakeFiles/main.dir/Users/masonwright/pico/pico-sdk/src/rp2_common/pico_printf/printf.c.obj
 .text._out_rev
                0x0000000010002390       0xae CMakeFiles/main.dir/Users/masonwright/pico/pico-sdk/src/rp2_common/pico_printf/printf.c.obj
 .text._ntoa_format
                0x000000001000243e      0x112 CMakeFiles/main.dir/Users/masonwright/pico/pico-sdk/src/rp2_common/pico_printf/printf.c.obj
 .text._ntoa_long
                0x0000000010002550       0xbc CMakeFiles/main.dir/Users/masonwright/pico/pico-sdk/src/rp2_common/pico_printf/printf.c.obj
 .text._ntoa_long_long
                0x000000001000260c       0xe2 CMakeFiles/main.dir/Users/masonwright/pico/pico-sdk/src/rp2_common/pico_printf/printf.c.obj
 *fill*         0x00000000100026ee        0x2 
 .text._etoa    0x00000000100026f0      0x414 CMakeFiles/main.dir/Users/masonwright/pico/pico-sdk/src/rp2_common/pico_printf/printf.c.obj
 .text._ftoa    0x0000000010002b04      0x354 CMakeFiles/main.dir/Users/masonwright/pico/pico-sdk/src/rp2_common/pico_printf/printf.c.obj
 .text._vsnprintf
                0x0000000010002e58      0x624 CMakeFiles/main.dir/Users/masonwright/pico/pico-sdk/src/rp2_common/pico_printf/printf.c.obj
 .text.vfctprintf
                0x000000001000347c       0x20 CMakeFiles/main.dir/Users/masonwright/pico/pico-sdk/src/rp2_common/pico_printf/printf.c.obj
                0x000000001000347c                vfctprintf
 .text          0x000000001000349c       0x10 CMakeFiles/main.dir/Users/masonwright/pico/pico-sdk/src/rp2_common/pico_bit_ops/bit_ops_aeabi.S.obj
 .text.rom_func_lookup
                0x00000000100034ac       0x10 CMakeFiles/main.dir/Users/masonwright/pico/pico-sdk/src/rp2_common/pico_bootrom/bootrom.c.obj
                0x00000000100034ac                rom_func_lookup
 .text.rom_data_lookup
                0x00000000100034bc       0x10 CMakeFiles/main.dir/Users/masonwright/pico/pico-sdk/src/rp2_common/pico_bootrom/bootrom.c.obj
                0x00000000100034bc                rom_data_lookup
 .text.rom_funcs_lookup
                0x00000000100034cc       0x36 CMakeFiles/main.dir/Users/masonwright/pico/pico-sdk/src/rp2_common/pico_bootrom/bootrom.c.obj
                0x00000000100034cc                rom_funcs_lookup
 *fill*         0x0000000010003502        0x2 
 .text.__wrap___aeabi_idiv
                0x0000000010003504       0x50 CMakeFiles/main.dir/Users/masonwright/pico/pico-sdk/src/rp2_common/pico_divider/divider.S.obj
                0x0000000010003504                __wrap___aeabi_idivmod
                0x0000000010003504                divmod_s32s32
                0x0000000010003504                div_s32s32
                0x0000000010003504                __wrap___aeabi_idiv
                0x000000001000350c                divmod_s32s32_unsafe
                0x0000000010003538                divmod_s32s32_savestate
 .text.__wrap___aeabi_uidiv
                0x0000000010003554       0x4c CMakeFiles/main.dir/Users/masonwright/pico/pico-sdk/src/rp2_common/pico_divider/divider.S.obj
                0x0000000010003554                __wrap___aeabi_uidiv
                0x0000000010003554                __wrap___aeabi_uidivmod
                0x0000000010003554                div_u32u32
                0x0000000010003554                divmod_u32u32
                0x000000001000355c                divmod_u32u32_unsafe
                0x0000000010003584                divmod_u32u32_savestate
 .text.__wrap___aeabi_ldiv
                0x00000000100035a0      0x434 CMakeFiles/main.dir/Users/masonwright/pico/pico-sdk/src/rp2_common/pico_divider/divider.S.obj
                0x00000000100035a0                __wrap___aeabi_ldivmod
                0x00000000100035a0                div_s64s64
                0x00000000100035a0                divmod_s64s64
                0x00000000100035d8                divmod_u64u64
                0x00000000100035d8                div_u64u64
                0x00000000100035d8                __wrap___aeabi_uldivmod
                0x00000000100035e8                divmod_u64u64_savestate
                0x0000000010003610                divmod_s64s64_unsafe
                0x0000000010003698                divmod_u64u64_unsafe
 .text.__wrap___aeabi_darithmetic
                0x00000000100039d4       0x80 CMakeFiles/main.dir/Users/masonwright/pico/pico-sdk/src/rp2_common/pico_double/double_aeabi.S.obj
                0x00000000100039d4                __wrap___aeabi_drsub
                0x00000000100039da                __wrap___aeabi_dsub
                0x00000000100039ec                __wrap___aeabi_dadd
                0x00000000100039fe                __wrap___aeabi_ddiv
                0x0000000010003a3a                __wrap___aeabi_dmul
 .text.__wrap___aeabi_cdcmple
                0x0000000010003a54       0x6c CMakeFiles/main.dir/Users/masonwright/pico/pico-sdk/src/rp2_common/pico_double/double_aeabi.S.obj
                0x0000000010003a54                __wrap___aeabi_cdrcmple
                0x0000000010003a64                __wrap___aeabi_cdcmple
                0x0000000010003a64                __wrap___aeabi_cdcmpeq
 .text.__wrap___aeabi_dcmplt
                0x0000000010003ac0        0xc CMakeFiles/main.dir/Users/masonwright/pico/pico-sdk/src/rp2_common/pico_double/double_aeabi.S.obj
                0x0000000010003ac0                __wrap___aeabi_dcmplt
 .text.__wrap___aeabi_dcmple
                0x0000000010003acc       0x10 CMakeFiles/main.dir/Users/masonwright/pico/pico-sdk/src/rp2_common/pico_double/double_aeabi.S.obj
                0x0000000010003acc                __wrap___aeabi_dcmple
 .text.__wrap___aeabi_dcmpge
                0x0000000010003adc       0x10 CMakeFiles/main.dir/Users/masonwright/pico/pico-sdk/src/rp2_common/pico_double/double_aeabi.S.obj
                0x0000000010003adc                __wrap___aeabi_dcmpge
 .text.__wrap___aeabi_dcmpgt
                0x0000000010003aec        0xa CMakeFiles/main.dir/Users/masonwright/pico/pico-sdk/src/rp2_common/pico_double/double_aeabi.S.obj
                0x0000000010003aec                __wrap___aeabi_dcmpgt
 .text.__wrap___aeabi_dcmpun
                0x0000000010003af6       0x1c CMakeFiles/main.dir/Users/masonwright/pico/pico-sdk/src/rp2_common/pico_double/double_aeabi.S.obj
                0x0000000010003af6                __wrap___aeabi_dcmpun
 *fill*         0x0000000010003b12        0x2 
 .text.__wrap___aeabi_i2d
                0x0000000010003b14       0x38 CMakeFiles/main.dir/Users/masonwright/pico/pico-sdk/src/rp2_common/pico_double/double_aeabi.S.obj
                0x0000000010003b14                __wrap___aeabi_ui2d
                0x0000000010003b1c                __wrap___aeabi_i2d
 .text.__wrap___aeabi_d2iz
                0x0000000010003b4c       0x48 CMakeFiles/main.dir/Users/masonwright/pico/pico-sdk/src/rp2_common/pico_double/double_aeabi.S.obj
                0x0000000010003b4c                __wrap___aeabi_d2iz
                0x0000000010003b4c                double2int_z
 .text.__wrap___aeabi_d2uiz
                0x0000000010003b94       0x18 CMakeFiles/main.dir/Users/masonwright/pico/pico-sdk/src/rp2_common/pico_double/double_aeabi.S.obj
                0x0000000010003b94                double2uint
                0x0000000010003b94                __wrap___aeabi_d2uiz
 .text.__aeabi_double_init
                0x0000000010003bac       0xc8 CMakeFiles/main.dir/Users/masonwright/pico/pico-sdk/src/rp2_common/pico_double/double_init_rom.c.obj
                0x0000000010003bac                __aeabi_double_init
 .text.double_table_shim_on_use_helper
                0x0000000010003c74       0x34 CMakeFiles/main.dir/Users/masonwright/pico/pico-sdk/src/rp2_common/pico_double/double_v1_rom_shim.S.obj
                0x0000000010003c74                double_table_shim_on_use_helper
 .text.__wrap___aeabi_dsub
                0x0000000010003ca8       0x10 CMakeFiles/main.dir/Users/masonwright/pico/pico-sdk/src/rp2_common/pico_double/double_v1_rom_shim.S.obj
                0x0000000010003ca8                drsub_shim
                0x0000000010003cae                dsub_shim
 .text.dadd_shim
                0x0000000010003cb8      0x15c CMakeFiles/main.dir/Users/masonwright/pico/pico-sdk/src/rp2_common/pico_double/double_v1_rom_shim.S.obj
                0x0000000010003cb8                dadd_shim
 .text.dmul_shim
                0x0000000010003e14      0x15c CMakeFiles/main.dir/Users/masonwright/pico/pico-sdk/src/rp2_common/pico_double/double_v1_rom_shim.S.obj
                0x0000000010003e14                dmul_shim
 .text.ddiv_shim
                0x0000000010003f70      0x1b0 CMakeFiles/main.dir/Users/masonwright/pico/pico-sdk/src/rp2_common/pico_double/double_v1_rom_shim.S.obj
                0x0000000010003f70                ddiv_shim
 .text.double2uint_shim
                0x0000000010004120        0xe CMakeFiles/main.dir/Users/masonwright/pico/pico-sdk/src/rp2_common/pico_double/double_v1_rom_shim.S.obj
                0x0000000010004120                double2uint_shim
                0x0000000010004122                double2ufix_shim
 *fill*         0x000000001000412e        0x2 
 .text.double2uint64_shim
                0x0000000010004130       0x70 CMakeFiles/main.dir/Users/masonwright/pico/pico-sdk/src/rp2_common/pico_double/double_v1_rom_shim.S.obj
                0x0000000010004130                double2uint64_shim
                0x0000000010004132                double2ufix64_shim
                0x0000000010004152                d2fix_a
 .text.dunpacks
                0x00000000100041a0       0x3c CMakeFiles/main.dir/Users/masonwright/pico/pico-sdk/src/rp2_common/pico_double/double_v1_rom_shim.S.obj
                0x00000000100041a0                dunpacks
 .text.__aeabi_lmul
                0x00000000100041dc       0x32 CMakeFiles/main.dir/Users/masonwright/pico/pico-sdk/src/rp2_common/pico_int64_ops/pico_int64_ops_aeabi.S.obj
                0x00000000100041dc                __wrap___aeabi_lmul
 *fill*         0x000000001000420e        0x2 
 .text.__aeabi_float_init
                0x0000000010004210       0xfc CMakeFiles/main.dir/Users/masonwright/pico/pico-sdk/src/rp2_common/pico_float/float_init_rom.c.obj
                0x0000000010004210                __aeabi_float_init
 .text.float_table_shim_on_use_helper
                0x000000001000430c       0x34 CMakeFiles/main.dir/Users/masonwright/pico/pico-sdk/src/rp2_common/pico_float/float_v1_rom_shim.S.obj
                0x000000001000430c                float_table_shim_on_use_helper
 .text          0x0000000010004340       0x10 CMakeFiles/main.dir/Users/masonwright/pico/pico-sdk/src/rp2_common/pico_mem_ops/mem_ops_aeabi.S.obj
                0x0000000010004340                __aeabi_mem_init
 .text.memset   0x0000000010004350        0xc CMakeFiles/main.dir/Users/masonwright/pico/pico-sdk/src/rp2_common/pico_mem_ops/mem_ops_aeabi.S.obj
                0x0000000010004350                __wrap_memset
 .text.memcpy   0x000000001000435c        0xc CMakeFiles/main.dir/Users/masonwright/pico/pico-sdk/src/rp2_common/pico_mem_ops/mem_ops_aeabi.S.obj
                0x000000001000435c                __wrap___aeabi_memcpy
                0x000000001000435c                __wrap_memcpy
 .text.stdio_out_chars_no_crlf
                0x0000000010004368        0xe CMakeFiles/main.dir/Users/masonwright/pico/pico-sdk/src/rp2_common/pico_stdio/stdio.c.obj
 *fill*         0x0000000010004376        0x2 
 .text.stdio_out_chars_crlf
                0x0000000010004378       0x80 CMakeFiles/main.dir/Users/masonwright/pico/pico-sdk/src/rp2_common/pico_stdio/stdio.c.obj
 .text.stdio_stack_buffer_flush
                0x00000000100043f8       0x44 CMakeFiles/main.dir/Users/masonwright/pico/pico-sdk/src/rp2_common/pico_stdio/stdio.c.obj
 .text.stdio_buffered_printer
                0x000000001000443c       0x20 CMakeFiles/main.dir/Users/masonwright/pico/pico-sdk/src/rp2_common/pico_stdio/stdio.c.obj
 .text.stdout_serialize_begin
                0x000000001000445c       0x30 CMakeFiles/main.dir/Users/masonwright/pico/pico-sdk/src/rp2_common/pico_stdio/stdio.c.obj
                0x000000001000445c                stdout_serialize_begin
 .text.stdout_serialize_end
                0x000000001000448c       0x10 CMakeFiles/main.dir/Users/masonwright/pico/pico-sdk/src/rp2_common/pico_stdio/stdio.c.obj
                0x000000001000448c                stdout_serialize_end
 .text.stdio_put_string
                0x000000001000449c       0x98 CMakeFiles/main.dir/Users/masonwright/pico/pico-sdk/src/rp2_common/pico_stdio/stdio.c.obj
 .text.stdio_set_driver_enabled
                0x0000000010004534       0x2c CMakeFiles/main.dir/Users/masonwright/pico/pico-sdk/src/rp2_common/pico_stdio/stdio.c.obj
                0x0000000010004534                stdio_set_driver_enabled
 .text.stdio_flush
                0x0000000010004560       0x20 CMakeFiles/main.dir/Users/masonwright/pico/pico-sdk/src/rp2_common/pico_stdio/stdio.c.obj
                0x0000000010004560                stdio_flush
 .text.__wrap_puts
                0x0000000010004580       0x1e CMakeFiles/main.dir/Users/masonwright/pico/pico-sdk/src/rp2_common/pico_stdio/stdio.c.obj
                0x0000000010004580                __wrap_puts
 *fill*         0x000000001000459e        0x2 
 .text.__wrap_vprintf
                0x00000000100045a0       0x44 CMakeFiles/main.dir/Users/masonwright/pico/pico-sdk/src/rp2_common/pico_stdio/stdio.c.obj
                0x00000000100045a0                __wrap_vprintf
 .text.__wrap_printf
                0x00000000100045e4       0x18 CMakeFiles/main.dir/Users/masonwright/pico/pico-sdk/src/rp2_common/pico_stdio/stdio.c.obj
                0x00000000100045e4                __wrap_printf
 .text.stdio_init_all
                0x00000000100045fc        0x8 CMakeFiles/main.dir/Users/masonwright/pico/pico-sdk/src/rp2_common/pico_stdio/stdio.c.obj
                0x00000000100045fc                stdio_init_all
 .text.resetd_init
                0x0000000010004604        0x2 CMakeFiles/main.dir/Users/masonwright/pico/pico-sdk/src/rp2_common/pico_stdio_usb/reset_interface.c.obj
 *fill*         0x0000000010004606        0x2 
 .text.resetd_reset
                0x0000000010004608        0xc CMakeFiles/main.dir/Users/masonwright/pico/pico-sdk/src/rp2_common/pico_stdio_usb/reset_interface.c.obj
 .text.resetd_open
                0x0000000010004614       0x34 CMakeFiles/main.dir/Users/masonwright/pico/pico-sdk/src/rp2_common/pico_stdio_usb/reset_interface.c.obj
 .text.resetd_xfer_cb
                0x0000000010004648        0x4 CMakeFiles/main.dir/Users/masonwright/pico/pico-sdk/src/rp2_common/pico_stdio_usb/reset_interface.c.obj
 .text.reset_usb_boot
                0x000000001000464c       0x18 CMakeFiles/main.dir/Users/masonwright/pico/pico-sdk/src/rp2_common/pico_stdio_usb/reset_interface.c.obj
 .text.resetd_control_xfer_cb
                0x0000000010004664       0x5c CMakeFiles/main.dir/Users/masonwright/pico/pico-sdk/src/rp2_common/pico_stdio_usb/reset_interface.c.obj
 .text.usbd_app_driver_get_cb
                0x00000000100046c0        0xc CMakeFiles/main.dir/Users/masonwright/pico/pico-sdk/src/rp2_common/pico_stdio_usb/reset_interface.c.obj
                0x00000000100046c0                usbd_app_driver_get_cb
 .text.tud_cdc_line_coding_cb
                0x00000000100046cc       0x28 CMakeFiles/main.dir/Users/masonwright/pico/pico-sdk/src/rp2_common/pico_stdio_usb/reset_interface.c.obj
                0x00000000100046cc                tud_cdc_line_coding_cb
 .text.stdio_usb_in_chars
                0x00000000100046f4       0x70 CMakeFiles/main.dir/Users/masonwright/pico/pico-sdk/src/rp2_common/pico_stdio_usb/stdio_usb.c.obj
                0x00000000100046f4                stdio_usb_in_chars
 .text.low_priority_worker_irq
                0x0000000010004764       0x20 CMakeFiles/main.dir/Users/masonwright/pico/pico-sdk/src/rp2_common/pico_stdio_usb/stdio_usb.c.obj
 .text.stdio_usb_out_chars
                0x0000000010004784       0xd4 CMakeFiles/main.dir/Users/masonwright/pico/pico-sdk/src/rp2_common/pico_stdio_usb/stdio_usb.c.obj
 .text.timer_task
                0x0000000010004858       0x40 CMakeFiles/main.dir/Users/masonwright/pico/pico-sdk/src/rp2_common/pico_stdio_usb/stdio_usb.c.obj
 .text.usb_irq  0x0000000010004898       0x10 CMakeFiles/main.dir/Users/masonwright/pico/pico-sdk/src/rp2_common/pico_stdio_usb/stdio_usb.c.obj
 .text.stdio_usb_init
                0x00000000100048a8       0xec CMakeFiles/main.dir/Users/masonwright/pico/pico-sdk/src/rp2_common/pico_stdio_usb/stdio_usb.c.obj
                0x00000000100048a8                stdio_usb_init
 .text.tud_descriptor_device_cb
                0x0000000010004994        0x8 CMakeFiles/main.dir/Users/masonwright/pico/pico-sdk/src/rp2_common/pico_stdio_usb/stdio_usb_descriptors.c.obj
                0x0000000010004994                tud_descriptor_device_cb
 .text.tud_descriptor_configuration_cb
                0x000000001000499c        0x8 CMakeFiles/main.dir/Users/masonwright/pico/pico-sdk/src/rp2_common/pico_stdio_usb/stdio_usb_descriptors.c.obj
                0x000000001000499c                tud_descriptor_configuration_cb
 .text.tud_descriptor_string_cb
                0x00000000100049a4       0x6c CMakeFiles/main.dir/Users/masonwright/pico/pico-sdk/src/rp2_common/pico_stdio_usb/stdio_usb_descriptors.c.obj
                0x00000000100049a4                tud_descriptor_string_cb
 .text.hw_endpoint_get_by_addr
                0x0000000010004a10       0x18 CMakeFiles/main.dir/Users/masonwright/pico/pico-sdk/lib/tinyusb/src/portable/raspberrypi/rp2040/dcd_rp2040.c.obj
 .text.reset_ep0_pid
                0x0000000010004a28       0x28 CMakeFiles/main.dir/Users/masonwright/pico/pico-sdk/lib/tinyusb/src/portable/raspberrypi/rp2040/dcd_rp2040.c.obj
 .text._hw_endpoint_alloc
                0x0000000010004a50       0x70 CMakeFiles/main.dir/Users/masonwright/pico/pico-sdk/lib/tinyusb/src/portable/raspberrypi/rp2040/dcd_rp2040.c.obj
 .text.hw_endpoint_init
                0x0000000010004ac0       0x88 CMakeFiles/main.dir/Users/masonwright/pico/pico-sdk/lib/tinyusb/src/portable/raspberrypi/rp2040/dcd_rp2040.c.obj
 .text.reset_non_control_endpoints
                0x0000000010004b48       0x40 CMakeFiles/main.dir/Users/masonwright/pico/pico-sdk/lib/tinyusb/src/portable/raspberrypi/rp2040/dcd_rp2040.c.obj
 .text.hw_handle_buff_status
                0x0000000010004b88       0x8c CMakeFiles/main.dir/Users/masonwright/pico/pico-sdk/lib/tinyusb/src/portable/raspberrypi/rp2040/dcd_rp2040.c.obj
 .text.dcd_rp2040_irq
                0x0000000010004c14       0xc0 CMakeFiles/main.dir/Users/masonwright/pico/pico-sdk/lib/tinyusb/src/portable/raspberrypi/rp2040/dcd_rp2040.c.obj
 .text.hw_endpoint_xfer
                0x0000000010004cd4       0x14 CMakeFiles/main.dir/Users/masonwright/pico/pico-sdk/lib/tinyusb/src/portable/raspberrypi/rp2040/dcd_rp2040.c.obj
 .text.dcd_int_enable
                0x0000000010004ce8       0x2c CMakeFiles/main.dir/Users/masonwright/pico/pico-sdk/lib/tinyusb/src/portable/raspberrypi/rp2040/dcd_rp2040.c.obj
                0x0000000010004ce8                dcd_int_enable
 .text.dcd_set_address
                0x0000000010004d14       0x2c CMakeFiles/main.dir/Users/masonwright/pico/pico-sdk/lib/tinyusb/src/portable/raspberrypi/rp2040/dcd_rp2040.c.obj
                0x0000000010004d14                dcd_set_address
 .text.dcd_connect
                0x0000000010004d40       0x10 CMakeFiles/main.dir/Users/masonwright/pico/pico-sdk/lib/tinyusb/src/portable/raspberrypi/rp2040/dcd_rp2040.c.obj
                0x0000000010004d40                dcd_connect
 .text.dcd_init
                0x0000000010004d50       0x7c CMakeFiles/main.dir/Users/masonwright/pico/pico-sdk/lib/tinyusb/src/portable/raspberrypi/rp2040/dcd_rp2040.c.obj
                0x0000000010004d50                dcd_init
 .text.dcd_edpt0_status_complete
                0x0000000010004dcc       0x1c CMakeFiles/main.dir/Users/masonwright/pico/pico-sdk/lib/tinyusb/src/portable/raspberrypi/rp2040/dcd_rp2040.c.obj
                0x0000000010004dcc                dcd_edpt0_status_complete
 .text.dcd_edpt_open
                0x0000000010004de8       0x40 CMakeFiles/main.dir/Users/masonwright/pico/pico-sdk/lib/tinyusb/src/portable/raspberrypi/rp2040/dcd_rp2040.c.obj
                0x0000000010004de8                dcd_edpt_open
 .text.dcd_edpt_close_all
                0x0000000010004e28        0x8 CMakeFiles/main.dir/Users/masonwright/pico/pico-sdk/lib/tinyusb/src/portable/raspberrypi/rp2040/dcd_rp2040.c.obj
                0x0000000010004e28                dcd_edpt_close_all
 .text.dcd_edpt_xfer
                0x0000000010004e30       0x30 CMakeFiles/main.dir/Users/masonwright/pico/pico-sdk/lib/tinyusb/src/portable/raspberrypi/rp2040/dcd_rp2040.c.obj
                0x0000000010004e30                dcd_edpt_xfer
 .text.dcd_edpt_stall
                0x0000000010004e60       0x2c CMakeFiles/main.dir/Users/masonwright/pico/pico-sdk/lib/tinyusb/src/portable/raspberrypi/rp2040/dcd_rp2040.c.obj
                0x0000000010004e60                dcd_edpt_stall
 .text.dcd_edpt_clear_stall
                0x0000000010004e8c       0x20 CMakeFiles/main.dir/Users/masonwright/pico/pico-sdk/lib/tinyusb/src/portable/raspberrypi/rp2040/dcd_rp2040.c.obj
                0x0000000010004e8c                dcd_edpt_clear_stall
 .text.prepare_ep_buffer
                0x0000000010004eac       0x70 CMakeFiles/main.dir/Users/masonwright/pico/pico-sdk/lib/tinyusb/src/portable/raspberrypi/rp2040/rp2040_usb.c.obj
 .text.sync_ep_buffer
                0x0000000010004f1c       0x7c CMakeFiles/main.dir/Users/masonwright/pico/pico-sdk/lib/tinyusb/src/portable/raspberrypi/rp2040/rp2040_usb.c.obj
 .text._hw_endpoint_xfer_sync
                0x0000000010004f98       0x28 CMakeFiles/main.dir/Users/masonwright/pico/pico-sdk/lib/tinyusb/src/portable/raspberrypi/rp2040/rp2040_usb.c.obj
 .text.rp2040_usb_init
                0x0000000010004fc0       0x4c CMakeFiles/main.dir/Users/masonwright/pico/pico-sdk/lib/tinyusb/src/portable/raspberrypi/rp2040/rp2040_usb.c.obj
                0x0000000010004fc0                rp2040_usb_init
 .text.hw_endpoint_reset_transfer
                0x000000001000500c        0xc CMakeFiles/main.dir/Users/masonwright/pico/pico-sdk/lib/tinyusb/src/portable/raspberrypi/rp2040/rp2040_usb.c.obj
                0x000000001000500c                hw_endpoint_reset_transfer
 .text._hw_endpoint_buffer_control_update32
                0x0000000010005018       0x58 CMakeFiles/main.dir/Users/masonwright/pico/pico-sdk/lib/tinyusb/src/portable/raspberrypi/rp2040/rp2040_usb.c.obj
                0x0000000010005018                _hw_endpoint_buffer_control_update32
 .text._hw_endpoint_start_next_buffer
                0x0000000010005070       0x74 CMakeFiles/main.dir/Users/masonwright/pico/pico-sdk/lib/tinyusb/src/portable/raspberrypi/rp2040/rp2040_usb.c.obj
 .text.hw_endpoint_xfer_start
                0x00000000100050e4       0x48 CMakeFiles/main.dir/Users/masonwright/pico/pico-sdk/lib/tinyusb/src/portable/raspberrypi/rp2040/rp2040_usb.c.obj
                0x00000000100050e4                hw_endpoint_xfer_start
 .text.hw_endpoint_xfer_continue
                0x000000001000512c       0x38 CMakeFiles/main.dir/Users/masonwright/pico/pico-sdk/lib/tinyusb/src/portable/raspberrypi/rp2040/rp2040_usb.c.obj
                0x000000001000512c                hw_endpoint_xfer_continue
 .text.configuration_reset
                0x0000000010005164       0x84 CMakeFiles/main.dir/Users/masonwright/pico/pico-sdk/lib/tinyusb/src/device/usbd.c.obj
 .text.usbd_reset
                0x00000000100051e8        0xc CMakeFiles/main.dir/Users/masonwright/pico/pico-sdk/lib/tinyusb/src/device/usbd.c.obj
 .text.invoke_class_control
                0x00000000100051f4       0x1a CMakeFiles/main.dir/Users/masonwright/pico/pico-sdk/lib/tinyusb/src/device/usbd.c.obj
 *fill*         0x000000001000520e        0x2 
 .text.process_set_config
                0x0000000010005210      0x1b0 CMakeFiles/main.dir/Users/masonwright/pico/pico-sdk/lib/tinyusb/src/device/usbd.c.obj
 .text.process_get_descriptor
                0x00000000100053c0       0xec CMakeFiles/main.dir/Users/masonwright/pico/pico-sdk/lib/tinyusb/src/device/usbd.c.obj
 .text.tud_mounted
                0x00000000100054ac       0x10 CMakeFiles/main.dir/Users/masonwright/pico/pico-sdk/lib/tinyusb/src/device/usbd.c.obj
                0x00000000100054ac                tud_mounted
 .text.tud_suspended
                0x00000000100054bc       0x10 CMakeFiles/main.dir/Users/masonwright/pico/pico-sdk/lib/tinyusb/src/device/usbd.c.obj
                0x00000000100054bc                tud_suspended
 .text.tud_inited
                0x00000000100054cc        0xc CMakeFiles/main.dir/Users/masonwright/pico/pico-sdk/lib/tinyusb/src/device/usbd.c.obj
                0x00000000100054cc                tud_inited
 .text.tud_init
                0x00000000100054d8       0xcc CMakeFiles/main.dir/Users/masonwright/pico/pico-sdk/lib/tinyusb/src/device/usbd.c.obj
                0x00000000100054d8                tud_init
 .text.dcd_event_handler
                0x00000000100055a4      0x1e0 CMakeFiles/main.dir/Users/masonwright/pico/pico-sdk/lib/tinyusb/src/device/usbd.c.obj
                0x00000000100055a4                dcd_event_handler
 .text.dcd_event_bus_signal
                0x0000000010005784       0x26 CMakeFiles/main.dir/Users/masonwright/pico/pico-sdk/lib/tinyusb/src/device/usbd.c.obj
                0x0000000010005784                dcd_event_bus_signal
 .text.dcd_event_bus_reset
                0x00000000100057aa       0x2a CMakeFiles/main.dir/Users/masonwright/pico/pico-sdk/lib/tinyusb/src/device/usbd.c.obj
                0x00000000100057aa                dcd_event_bus_reset
 .text.dcd_event_setup_received
                0x00000000100057d4       0x34 CMakeFiles/main.dir/Users/masonwright/pico/pico-sdk/lib/tinyusb/src/device/usbd.c.obj
                0x00000000100057d4                dcd_event_setup_received
 .text.dcd_event_xfer_complete
                0x0000000010005808       0x44 CMakeFiles/main.dir/Users/masonwright/pico/pico-sdk/lib/tinyusb/src/device/usbd.c.obj
                0x0000000010005808                dcd_event_xfer_complete
 .text.usbd_edpt_open
                0x000000001000584c       0x58 CMakeFiles/main.dir/Users/masonwright/pico/pico-sdk/lib/tinyusb/src/device/usbd.c.obj
                0x000000001000584c                usbd_edpt_open
 .text.usbd_open_edpt_pair
                0x00000000100058a4       0x8c CMakeFiles/main.dir/Users/masonwright/pico/pico-sdk/lib/tinyusb/src/device/usbd.c.obj
                0x00000000100058a4                usbd_open_edpt_pair
 .text.usbd_edpt_claim
                0x0000000010005930       0x8c CMakeFiles/main.dir/Users/masonwright/pico/pico-sdk/lib/tinyusb/src/device/usbd.c.obj
                0x0000000010005930                usbd_edpt_claim
 .text.usbd_edpt_release
                0x00000000100059bc       0x68 CMakeFiles/main.dir/Users/masonwright/pico/pico-sdk/lib/tinyusb/src/device/usbd.c.obj
                0x00000000100059bc                usbd_edpt_release
 .text.usbd_edpt_xfer
                0x0000000010005a24       0x80 CMakeFiles/main.dir/Users/masonwright/pico/pico-sdk/lib/tinyusb/src/device/usbd.c.obj
                0x0000000010005a24                usbd_edpt_xfer
 .text.usbd_edpt_stall
                0x0000000010005aa4       0x40 CMakeFiles/main.dir/Users/masonwright/pico/pico-sdk/lib/tinyusb/src/device/usbd.c.obj
                0x0000000010005aa4                usbd_edpt_stall
 .text.usbd_edpt_clear_stall
                0x0000000010005ae4       0x40 CMakeFiles/main.dir/Users/masonwright/pico/pico-sdk/lib/tinyusb/src/device/usbd.c.obj
                0x0000000010005ae4                usbd_edpt_clear_stall
 .text.usbd_edpt_stalled
                0x0000000010005b24       0x1c CMakeFiles/main.dir/Users/masonwright/pico/pico-sdk/lib/tinyusb/src/device/usbd.c.obj
                0x0000000010005b24                usbd_edpt_stalled
 .text.process_control_request
                0x0000000010005b40      0x3b8 CMakeFiles/main.dir/Users/masonwright/pico/pico-sdk/lib/tinyusb/src/device/usbd.c.obj
 .text.tud_task
                0x0000000010005ef8      0x218 CMakeFiles/main.dir/Users/masonwright/pico/pico-sdk/lib/tinyusb/src/device/usbd.c.obj
                0x0000000010005ef8                tud_task
 .text._data_stage_xact
                0x0000000010006110       0x58 CMakeFiles/main.dir/Users/masonwright/pico/pico-sdk/lib/tinyusb/src/device/usbd_control.c.obj
 .text.tud_control_status
                0x0000000010006168       0x38 CMakeFiles/main.dir/Users/masonwright/pico/pico-sdk/lib/tinyusb/src/device/usbd_control.c.obj
                0x0000000010006168                tud_control_status
 .text.tud_control_xfer
                0x00000000100061a0       0xa8 CMakeFiles/main.dir/Users/masonwright/pico/pico-sdk/lib/tinyusb/src/device/usbd_control.c.obj
                0x00000000100061a0                tud_control_xfer
 .text.usbd_control_reset
                0x0000000010006248       0x14 CMakeFiles/main.dir/Users/masonwright/pico/pico-sdk/lib/tinyusb/src/device/usbd_control.c.obj
                0x0000000010006248                usbd_control_reset
 .text.usbd_control_set_complete_callback
                0x000000001000625c        0xc CMakeFiles/main.dir/Users/masonwright/pico/pico-sdk/lib/tinyusb/src/device/usbd_control.c.obj
                0x000000001000625c                usbd_control_set_complete_callback
 .text.usbd_control_set_request
                0x0000000010006268       0x1c CMakeFiles/main.dir/Users/masonwright/pico/pico-sdk/lib/tinyusb/src/device/usbd_control.c.obj
                0x0000000010006268                usbd_control_set_request
 .text.usbd_control_xfer_cb
                0x0000000010006284       0xfc CMakeFiles/main.dir/Users/masonwright/pico/pico-sdk/lib/tinyusb/src/device/usbd_control.c.obj
                0x0000000010006284                usbd_control_xfer_cb
 .text._prep_out_transaction
                0x0000000010006380       0x46 CMakeFiles/main.dir/Users/masonwright/pico/pico-sdk/lib/tinyusb/src/class/cdc/cdc_device.c.obj
 *fill*         0x00000000100063c6        0x2 
 .text.tud_cdc_n_connected
                0x00000000100063c8       0x44 CMakeFiles/main.dir/Users/masonwright/pico/pico-sdk/lib/tinyusb/src/class/cdc/cdc_device.c.obj
                0x00000000100063c8                tud_cdc_n_connected
 .text.tud_cdc_n_available
                0x000000001000640c       0x18 CMakeFiles/main.dir/Users/masonwright/pico/pico-sdk/lib/tinyusb/src/class/cdc/cdc_device.c.obj
                0x000000001000640c                tud_cdc_n_available
 .text.tud_cdc_n_read
                0x0000000010006424       0x28 CMakeFiles/main.dir/Users/masonwright/pico/pico-sdk/lib/tinyusb/src/class/cdc/cdc_device.c.obj
                0x0000000010006424                tud_cdc_n_read
 .text.tud_cdc_n_write_flush
                0x000000001000644c       0xcc CMakeFiles/main.dir/Users/masonwright/pico/pico-sdk/lib/tinyusb/src/class/cdc/cdc_device.c.obj
                0x000000001000644c                tud_cdc_n_write_flush
 .text.tud_cdc_n_write
                0x0000000010006518       0x38 CMakeFiles/main.dir/Users/masonwright/pico/pico-sdk/lib/tinyusb/src/class/cdc/cdc_device.c.obj
                0x0000000010006518                tud_cdc_n_write
 .text.tud_cdc_n_write_available
                0x0000000010006550       0x1c CMakeFiles/main.dir/Users/masonwright/pico/pico-sdk/lib/tinyusb/src/class/cdc/cdc_device.c.obj
                0x0000000010006550                tud_cdc_n_write_available
 .text.cdcd_init
                0x000000001000656c       0xbc CMakeFiles/main.dir/Users/masonwright/pico/pico-sdk/lib/tinyusb/src/class/cdc/cdc_device.c.obj
                0x000000001000656c                cdcd_init
 .text.cdcd_reset
                0x0000000010006628       0x44 CMakeFiles/main.dir/Users/masonwright/pico/pico-sdk/lib/tinyusb/src/class/cdc/cdc_device.c.obj
                0x0000000010006628                cdcd_reset
 .text.cdcd_open
                0x000000001000666c       0xf8 CMakeFiles/main.dir/Users/masonwright/pico/pico-sdk/lib/tinyusb/src/class/cdc/cdc_device.c.obj
                0x000000001000666c                cdcd_open
 .text.cdcd_control_xfer_cb
                0x0000000010006764      0x134 CMakeFiles/main.dir/Users/masonwright/pico/pico-sdk/lib/tinyusb/src/class/cdc/cdc_device.c.obj
                0x0000000010006764                cdcd_control_xfer_cb
 .text.cdcd_xfer_cb
                0x0000000010006898      0x144 CMakeFiles/main.dir/Users/masonwright/pico/pico-sdk/lib/tinyusb/src/class/cdc/cdc_device.c.obj
                0x0000000010006898                cdcd_xfer_cb
 .text.tusb_init
                0x00000000100069dc       0x24 CMakeFiles/main.dir/Users/masonwright/pico/pico-sdk/lib/tinyusb/src/tusb.c.obj
                0x00000000100069dc                tusb_init
 .text.tusb_inited
                0x0000000010006a00        0xe CMakeFiles/main.dir/Users/masonwright/pico/pico-sdk/lib/tinyusb/src/tusb.c.obj
                0x0000000010006a00                tusb_inited
 *fill*         0x0000000010006a0e        0x2 
 .text.tu_edpt_validate
                0x0000000010006a10       0xa8 CMakeFiles/main.dir/Users/masonwright/pico/pico-sdk/lib/tinyusb/src/tusb.c.obj
                0x0000000010006a10                tu_edpt_validate
 .text.tu_edpt_bind_driver
                0x0000000010006ab8       0x2a CMakeFiles/main.dir/Users/masonwright/pico/pico-sdk/lib/tinyusb/src/tusb.c.obj
                0x0000000010006ab8                tu_edpt_bind_driver
 .text.advance_pointer
                0x0000000010006ae2       0x18 CMakeFiles/main.dir/Users/masonwright/pico/pico-sdk/lib/tinyusb/src/common/tusb_fifo.c.obj
 .text.backward_pointer
                0x0000000010006afa       0x1e CMakeFiles/main.dir/Users/masonwright/pico/pico-sdk/lib/tinyusb/src/common/tusb_fifo.c.obj
 .text.get_relative_pointer
                0x0000000010006b18       0x10 CMakeFiles/main.dir/Users/masonwright/pico/pico-sdk/lib/tinyusb/src/common/tusb_fifo.c.obj
 .text._tu_fifo_peek
                0x0000000010006b28       0x50 CMakeFiles/main.dir/Users/masonwright/pico/pico-sdk/lib/tinyusb/src/common/tusb_fifo.c.obj
 .text._ff_pull_const_addr
                0x0000000010006b78       0x4c CMakeFiles/main.dir/Users/masonwright/pico/pico-sdk/lib/tinyusb/src/common/tusb_fifo.c.obj
 .text._ff_pull_n
                0x0000000010006bc4      0x10c CMakeFiles/main.dir/Users/masonwright/pico/pico-sdk/lib/tinyusb/src/common/tusb_fifo.c.obj
 .text._tu_fifo_peek_n
                0x0000000010006cd0       0x5e CMakeFiles/main.dir/Users/masonwright/pico/pico-sdk/lib/tinyusb/src/common/tusb_fifo.c.obj
 .text._tu_fifo_read_n
                0x0000000010006d2e       0x4e CMakeFiles/main.dir/Users/masonwright/pico/pico-sdk/lib/tinyusb/src/common/tusb_fifo.c.obj
 .text._ff_push_const_addr
                0x0000000010006d7c       0x40 CMakeFiles/main.dir/Users/masonwright/pico/pico-sdk/lib/tinyusb/src/common/tusb_fifo.c.obj
 .text._ff_push_n
                0x0000000010006dbc      0x108 CMakeFiles/main.dir/Users/masonwright/pico/pico-sdk/lib/tinyusb/src/common/tusb_fifo.c.obj
 .text._tu_fifo_write_n
                0x0000000010006ec4       0x9e CMakeFiles/main.dir/Users/masonwright/pico/pico-sdk/lib/tinyusb/src/common/tusb_fifo.c.obj
 .text.tu_fifo_config
                0x0000000010006f62       0x72 CMakeFiles/main.dir/Users/masonwright/pico/pico-sdk/lib/tinyusb/src/common/tusb_fifo.c.obj
                0x0000000010006f62                tu_fifo_config
 .text.tu_fifo_count
                0x0000000010006fd4       0x26 CMakeFiles/main.dir/Users/masonwright/pico/pico-sdk/lib/tinyusb/src/common/tusb_fifo.c.obj
                0x0000000010006fd4                tu_fifo_count
 .text.tu_fifo_empty
                0x0000000010006ffa       0x10 CMakeFiles/main.dir/Users/masonwright/pico/pico-sdk/lib/tinyusb/src/common/tusb_fifo.c.obj
                0x0000000010006ffa                tu_fifo_empty
 .text.tu_fifo_remaining
                0x000000001000700a       0x20 CMakeFiles/main.dir/Users/masonwright/pico/pico-sdk/lib/tinyusb/src/common/tusb_fifo.c.obj
                0x000000001000700a                tu_fifo_remaining
 .text.tu_fifo_read
                0x000000001000702a       0x42 CMakeFiles/main.dir/Users/masonwright/pico/pico-sdk/lib/tinyusb/src/common/tusb_fifo.c.obj
                0x000000001000702a                tu_fifo_read
 .text.tu_fifo_read_n
                0x000000001000706c        0xa CMakeFiles/main.dir/Users/masonwright/pico/pico-sdk/lib/tinyusb/src/common/tusb_fifo.c.obj
                0x000000001000706c                tu_fifo_read_n
 .text.tu_fifo_write
                0x0000000010007076       0x6c CMakeFiles/main.dir/Users/masonwright/pico/pico-sdk/lib/tinyusb/src/common/tusb_fifo.c.obj
                0x0000000010007076                tu_fifo_write
 .text.tu_fifo_write_n
                0x00000000100070e2        0xa CMakeFiles/main.dir/Users/masonwright/pico/pico-sdk/lib/tinyusb/src/common/tusb_fifo.c.obj
                0x00000000100070e2                tu_fifo_write_n
 .text.tu_fifo_clear
                0x00000000100070ec       0x4c CMakeFiles/main.dir/Users/masonwright/pico/pico-sdk/lib/tinyusb/src/common/tusb_fifo.c.obj
                0x00000000100070ec                tu_fifo_clear
 .text.tu_fifo_set_overwritable
                0x0000000010007138       0x3c CMakeFiles/main.dir/Users/masonwright/pico/pico-sdk/lib/tinyusb/src/common/tusb_fifo.c.obj
                0x0000000010007138                tu_fifo_set_overwritable
 .text._retrieve_unique_id_on_boot
                0x0000000010007174       0x10 CMakeFiles/main.dir/Users/masonwright/pico/pico-sdk/src/rp2_common/pico_unique_id/unique_id.c.obj
 .text.pico_get_unique_board_id_string
                0x0000000010007184       0x60 CMakeFiles/main.dir/Users/masonwright/pico/pico-sdk/src/rp2_common/pico_unique_id/unique_id.c.obj
                0x0000000010007184                pico_get_unique_board_id_string
 .text.flash_get_unique_id
                0x00000000100071e4       0x46 CMakeFiles/main.dir/Users/masonwright/pico/pico-sdk/src/rp2_common/hardware_flash/flash.c.obj
                0x00000000100071e4                flash_get_unique_id
 *fill*         0x000000001000722a        0x2 
 .text.strlen   0x000000001000722c       0x5c /usr/local/Cellar/arm-none-eabi-gcc/10.3-2021.07/gcc/bin/../lib/gcc/arm-none-eabi/10.3.1/../../../../arm-none-eabi/lib/thumb/v6-m/nofp/libg.a(lib_a-strlen-stub.o)
                0x000000001000722c                strlen
 *(.fini)
 .fini          0x0000000010007288        0x4 /usr/local/Cellar/arm-none-eabi-gcc/10.3-2021.07/gcc/bin/../lib/gcc/arm-none-eabi/10.3.1/thumb/v6-m/nofp/crti.o
                0x0000000010007288                _fini
 *fill*         0x000000001000728c        0x4 
 .fini.__stub   0x0000000010007290       0x70 linker stubs
 *crtbegin.o(.ctors)
 *crtbegin?.o(.ctors)
 *(EXCLUDE_FILE(*crtend.o *crtend?.o) .ctors)
 *(SORT_BY_NAME(.ctors.*))
 *(.ctors)
 *crtbegin.o(.dtors)
 *crtbegin?.o(.dtors)
 *(EXCLUDE_FILE(*crtend.o *crtend?.o) .dtors)
 *(SORT_BY_NAME(.dtors.*))
 *(.dtors)
 *(.eh_frame*)
 .eh_frame      0x0000000010007300        0x0 /usr/local/Cellar/arm-none-eabi-gcc/10.3-2021.07/gcc/bin/../lib/gcc/arm-none-eabi/10.3.1/thumb/v6-m/nofp/crtbegin.o
                0x0000000010007300                . = ALIGN (0x4)

.glue_7         0x0000000010007300        0x0
 .glue_7        0x0000000010007300        0x0 linker stubs

.glue_7t        0x0000000010007300        0x0
 .glue_7t       0x0000000010007300        0x0 linker stubs

.vfp11_veneer   0x0000000010007300        0x0
 .vfp11_veneer  0x0000000010007300        0x0 linker stubs

.v4_bx          0x0000000010007300        0x0
 .v4_bx         0x0000000010007300        0x0 linker stubs

.iplt           0x0000000010007300        0x0
 .iplt          0x0000000010007300        0x0 /usr/local/Cellar/arm-none-eabi-gcc/10.3-2021.07/gcc/bin/../lib/gcc/arm-none-eabi/10.3.1/thumb/v6-m/nofp/crtbegin.o

.rodata         0x0000000010007300     0x173c
 *(EXCLUDE_FILE(*libm.a: *libc.a:*lib_a-mem*.o *libgcc.a:) .rodata*)
 .rodata.main.str1.4
                0x0000000010007300        0xb CMakeFiles/main.dir/main.c.obj
 *fill*         0x000000001000730b        0x1 
 .rodata.spin_lock_claim_unused.str1.4
                0x000000001000730c       0x1b CMakeFiles/main.dir/Users/masonwright/pico/pico-sdk/src/rp2_common/hardware_sync/sync.c.obj
 *fill*         0x0000000010007327        0x1 
 .rodata.make_branch.str1.4
                0x0000000010007328       0x73 CMakeFiles/main.dir/Users/masonwright/pico/pico-sdk/src/rp2_common/hardware_irq/irq.c.obj
 *fill*         0x000000001000739b        0x1 
 .rodata.insert_branch_and_link.str1.4
                0x000000001000739c       0x10 CMakeFiles/main.dir/Users/masonwright/pico/pico-sdk/src/rp2_common/hardware_irq/irq.c.obj
 .rodata.irq_set_exclusive_handler.str1.4
                0x00000000100073ac       0x36 CMakeFiles/main.dir/Users/masonwright/pico/pico-sdk/src/rp2_common/hardware_irq/irq.c.obj
 *fill*         0x00000000100073e2        0x2 
 .rodata.irq_add_shared_handler.str1.4
                0x00000000100073e4       0xd9 CMakeFiles/main.dir/Users/masonwright/pico/pico-sdk/src/rp2_common/hardware_irq/irq.c.obj
 *fill*         0x00000000100074bd        0x3 
 .rodata.irq_remove_handler.str1.4
                0x00000000100074c0       0x2a CMakeFiles/main.dir/Users/masonwright/pico/pico-sdk/src/rp2_common/hardware_irq/irq.c.obj
 *fill*         0x00000000100074ea        0x2 
 .rodata.irq_add_tail_to_free_list.str1.4
                0x00000000100074ec       0x3a CMakeFiles/main.dir/Users/masonwright/pico/pico-sdk/src/rp2_common/hardware_irq/irq.c.obj
 *fill*         0x0000000010007526        0x2 
 .rodata.user_irq_claim_unused.str1.4
                0x0000000010007528       0x1b CMakeFiles/main.dir/Users/masonwright/pico/pico-sdk/src/rp2_common/hardware_irq/irq.c.obj
 *fill*         0x0000000010007543        0x1 
 .rodata.__func__.0
                0x0000000010007544       0x1a CMakeFiles/main.dir/Users/masonwright/pico/pico-sdk/src/rp2_common/hardware_irq/irq.c.obj
 *fill*         0x000000001000755e        0x2 
 .rodata.__func__.1
                0x0000000010007560       0x17 CMakeFiles/main.dir/Users/masonwright/pico/pico-sdk/src/rp2_common/hardware_irq/irq.c.obj
 *fill*         0x0000000010007577        0x1 
 .rodata.__func__.2
                0x0000000010007578       0x13 CMakeFiles/main.dir/Users/masonwright/pico/pico-sdk/src/rp2_common/hardware_irq/irq.c.obj
 *fill*         0x000000001000758b        0x1 
 .rodata.__func__.3
                0x000000001000758c        0xc CMakeFiles/main.dir/Users/masonwright/pico/pico-sdk/src/rp2_common/hardware_irq/irq.c.obj
 .rodata.__func__.4
                0x0000000010007598        0xf CMakeFiles/main.dir/Users/masonwright/pico/pico-sdk/src/rp2_common/hardware_irq/irq.c.obj
 *fill*         0x00000000100075a7        0x1 
 .rodata.__func__.5
                0x00000000100075a8       0x17 CMakeFiles/main.dir/Users/masonwright/pico/pico-sdk/src/rp2_common/hardware_irq/irq.c.obj
 *fill*         0x00000000100075bf        0x1 
 .rodata.__func__.6
                0x00000000100075c0       0x1a CMakeFiles/main.dir/Users/masonwright/pico/pico-sdk/src/rp2_common/hardware_irq/irq.c.obj
 *fill*         0x00000000100075da        0x2 
 .rodata.repeating_timer_callback.str1.4
                0x00000000100075dc       0x51 CMakeFiles/main.dir/Users/masonwright/pico/pico-sdk/src/common/pico_time/time.c.obj
 *fill*         0x000000001000762d        0x3 
 .rodata.alarm_pool_dump_key.str1.4
                0x0000000010007630       0x33 CMakeFiles/main.dir/Users/masonwright/pico/pico-sdk/src/common/pico_time/time.c.obj
 *fill*         0x0000000010007663        0x1 
 .rodata.ph_add_child_node.str1.4
                0x0000000010007664       0x9a CMakeFiles/main.dir/Users/masonwright/pico/pico-sdk/src/common/pico_time/time.c.obj
 *fill*         0x00000000100076fe        0x2 
 .rodata.add_alarm_under_lock.str1.4
                0x0000000010007700       0x28 CMakeFiles/main.dir/Users/masonwright/pico/pico-sdk/src/common/pico_time/time.c.obj
                                         0x2b (size before relaxing)
 .rodata.alarm_pool_alarm_callback.str1.4
                0x0000000010007728       0xea CMakeFiles/main.dir/Users/masonwright/pico/pico-sdk/src/common/pico_time/time.c.obj
 *fill*         0x0000000010007812        0x2 
 .rodata.alarm_pool_get_default.str1.4
                0x0000000010007814       0x21 CMakeFiles/main.dir/Users/masonwright/pico/pico-sdk/src/common/pico_time/time.c.obj
 *fill*         0x0000000010007835        0x3 
 .rodata.alarm_pool_cancel_alarm.str1.4
                0x0000000010007838       0x27 CMakeFiles/main.dir/Users/masonwright/pico/pico-sdk/src/common/pico_time/time.c.obj
 *fill*         0x000000001000785f        0x1 
 .rodata.sleep_until.str1.4
                0x0000000010007860       0x4d CMakeFiles/main.dir/Users/masonwright/pico/pico-sdk/src/common/pico_time/time.c.obj
 *fill*         0x00000000100078ad        0x3 
 .rodata.__func__.1
                0x00000000100078b0       0x18 CMakeFiles/main.dir/Users/masonwright/pico/pico-sdk/src/common/pico_time/time.c.obj
 .rodata.__func__.10
                0x00000000100078c8       0x15 CMakeFiles/main.dir/Users/masonwright/pico/pico-sdk/src/common/pico_time/time.c.obj
 *fill*         0x00000000100078dd        0x3 
 .rodata.__func__.11
                0x00000000100078e0       0x1a CMakeFiles/main.dir/Users/masonwright/pico/pico-sdk/src/common/pico_time/time.c.obj
 *fill*         0x00000000100078fa        0x2 
 .rodata.__func__.12
                0x00000000100078fc        0xa CMakeFiles/main.dir/Users/masonwright/pico/pico-sdk/src/common/pico_time/time.c.obj
 *fill*         0x0000000010007906        0x2 
 .rodata.__func__.3
                0x0000000010007908       0x17 CMakeFiles/main.dir/Users/masonwright/pico/pico-sdk/src/common/pico_time/time.c.obj
 *fill*         0x000000001000791f        0x1 
 .rodata.__func__.4
                0x0000000010007920       0x12 CMakeFiles/main.dir/Users/masonwright/pico/pico-sdk/src/common/pico_time/time.c.obj
 *fill*         0x0000000010007932        0x2 
 .rodata.__func__.5
                0x0000000010007934        0xd CMakeFiles/main.dir/Users/masonwright/pico/pico-sdk/src/common/pico_time/time.c.obj
 *fill*         0x0000000010007941        0x3 
 .rodata.__func__.6
                0x0000000010007944       0x12 CMakeFiles/main.dir/Users/masonwright/pico/pico-sdk/src/common/pico_time/time.c.obj
 *fill*         0x0000000010007956        0x2 
 .rodata.__func__.7
                0x0000000010007958        0xf CMakeFiles/main.dir/Users/masonwright/pico/pico-sdk/src/common/pico_time/time.c.obj
 *fill*         0x0000000010007967        0x1 
 .rodata.__func__.8
                0x0000000010007968        0xc CMakeFiles/main.dir/Users/masonwright/pico/pico-sdk/src/common/pico_time/time.c.obj
 .rodata.__func__.9
                0x0000000010007974       0x15 CMakeFiles/main.dir/Users/masonwright/pico/pico-sdk/src/common/pico_time/time.c.obj
 *fill*         0x0000000010007989        0x3 
 .rodata.hardware_alarm_claim.str1.4
                0x000000001000798c       0x22 CMakeFiles/main.dir/Users/masonwright/pico/pico-sdk/src/rp2_common/hardware_timer/timer.c.obj
 *fill*         0x00000000100079ae        0x2 
 .rodata.hardware_alarm_set_target.str1.4
                0x00000000100079b0       0x6b CMakeFiles/main.dir/Users/masonwright/pico/pico-sdk/src/rp2_common/hardware_timer/timer.c.obj
 *fill*         0x0000000010007a1b        0x1 
 .rodata.__func__.0
                0x0000000010007a1c       0x1a CMakeFiles/main.dir/Users/masonwright/pico/pico-sdk/src/rp2_common/hardware_timer/timer.c.obj
 .rodata.ph_add_child_node.str1.4
                0x0000000010007a36       0x9a CMakeFiles/main.dir/Users/masonwright/pico/pico-sdk/src/common/pico_util/pheap.c.obj
 *fill*         0x0000000010007a36        0x2 
 .rodata.ph_remove_any_head.str1.4
                0x0000000010007a38       0x94 CMakeFiles/main.dir/Users/masonwright/pico/pico-sdk/src/common/pico_util/pheap.c.obj
 .rodata.ph_remove_and_free_node.str1.4
                0x0000000010007acc       0x1e CMakeFiles/main.dir/Users/masonwright/pico/pico-sdk/src/common/pico_util/pheap.c.obj
                                         0x26 (size before relaxing)
 *fill*         0x0000000010007aea        0x2 
 .rodata.__func__.0
                0x0000000010007aec       0x18 CMakeFiles/main.dir/Users/masonwright/pico/pico-sdk/src/common/pico_util/pheap.c.obj
 .rodata.__func__.1
                0x0000000010007b04       0x13 CMakeFiles/main.dir/Users/masonwright/pico/pico-sdk/src/common/pico_util/pheap.c.obj
 *fill*         0x0000000010007b17        0x1 
 .rodata.__func__.2
                0x0000000010007b18       0x12 CMakeFiles/main.dir/Users/masonwright/pico/pico-sdk/src/common/pico_util/pheap.c.obj
 *fill*         0x0000000010007b2a        0x2 
 .rodata.__func__.3
                0x0000000010007b2c        0xc CMakeFiles/main.dir/Users/masonwright/pico/pico-sdk/src/common/pico_util/pheap.c.obj
 .rodata.str1.4
                0x0000000010007b38       0x91 CMakeFiles/main.dir/Users/masonwright/pico/pico-sdk/src/common/pico_sync/mutex.c.obj
                                         0xf9 (size before relaxing)
 *fill*         0x0000000010007bc9        0x3 
 .rodata.__func__.1
                0x0000000010007bcc        0xb CMakeFiles/main.dir/Users/masonwright/pico/pico-sdk/src/common/pico_sync/mutex.c.obj
 *fill*         0x0000000010007bd7        0x1 
 .rodata.__func__.3
                0x0000000010007bd8       0x18 CMakeFiles/main.dir/Users/masonwright/pico/pico-sdk/src/common/pico_sync/mutex.c.obj
 .rodata.__func__.4
                0x0000000010007bf0       0x15 CMakeFiles/main.dir/Users/masonwright/pico/pico-sdk/src/common/pico_sync/mutex.c.obj
 *fill*         0x0000000010007c05        0x3 
 .rodata.__assert_func.str1.4
                0x0000000010007c08       0x3f CMakeFiles/main.dir/Users/masonwright/pico/pico-sdk/src/rp2_common/pico_runtime/runtime.c.obj
                                         0x43 (size before relaxing)
 *fill*         0x0000000010007c47        0x1 
 .rodata.runtime_init.str1.4
                0x0000000010007c48       0x67 CMakeFiles/main.dir/Users/masonwright/pico/pico-sdk/src/rp2_common/pico_runtime/runtime.c.obj
 *fill*         0x0000000010007caf        0x1 
 .rodata.panic.str1.4
                0x0000000010007cb0       0x12 CMakeFiles/main.dir/Users/masonwright/pico/pico-sdk/src/rp2_common/pico_runtime/runtime.c.obj
 *fill*         0x0000000010007cc2        0x2 
 .rodata.__func__.1
                0x0000000010007cc4        0xd CMakeFiles/main.dir/Users/masonwright/pico/pico-sdk/src/rp2_common/pico_runtime/runtime.c.obj
 *fill*         0x0000000010007cd1        0x3 
 .rodata.clock_configure.str1.4
                0x0000000010007cd4       0x5d CMakeFiles/main.dir/Users/masonwright/pico/pico-sdk/src/rp2_common/hardware_clocks/clocks.c.obj
 *fill*         0x0000000010007d31        0x3 
 .rodata.__func__.1
                0x0000000010007d34       0x10 CMakeFiles/main.dir/Users/masonwright/pico/pico-sdk/src/rp2_common/hardware_clocks/clocks.c.obj
 .rodata.pll_init.str1.4
                0x0000000010007d44      0x13f CMakeFiles/main.dir/Users/masonwright/pico/pico-sdk/src/rp2_common/hardware_pll/pll.c.obj
 *fill*         0x0000000010007e83        0x1 
 .rodata.__func__.0
                0x0000000010007e84        0x9 CMakeFiles/main.dir/Users/masonwright/pico/pico-sdk/src/rp2_common/hardware_pll/pll.c.obj
 *fill*         0x0000000010007e8d        0x3 
 .rodata._ftoa.str1.4
                0x0000000010007e90       0x15 CMakeFiles/main.dir/Users/masonwright/pico/pico-sdk/src/rp2_common/pico_printf/printf.c.obj
 *fill*         0x0000000010007ea5        0x3 
 .rodata._vsnprintf
                0x0000000010007ea8      0x1e0 CMakeFiles/main.dir/Users/masonwright/pico/pico-sdk/src/rp2_common/pico_printf/printf.c.obj
 .rodata.pow10.0
                0x0000000010008088       0x50 CMakeFiles/main.dir/Users/masonwright/pico/pico-sdk/src/rp2_common/pico_printf/printf.c.obj
 .rodata.__aeabi_double_init.str1.4
                0x00000000100080d8       0xae CMakeFiles/main.dir/Users/masonwright/pico/pico-sdk/src/rp2_common/pico_double/double_init_rom.c.obj
 *fill*         0x0000000010008186        0x2 
 .rodata.__func__.0
                0x0000000010008188       0x14 CMakeFiles/main.dir/Users/masonwright/pico/pico-sdk/src/rp2_common/pico_double/double_init_rom.c.obj
 .rodata.__aeabi_float_init.str1.4
                0x000000001000819c       0x80 CMakeFiles/main.dir/Users/masonwright/pico/pico-sdk/src/rp2_common/pico_float/float_init_rom.c.obj
                                         0x84 (size before relaxing)
 .rodata.__func__.0
                0x000000001000821c       0x13 CMakeFiles/main.dir/Users/masonwright/pico/pico-sdk/src/rp2_common/pico_float/float_init_rom.c.obj
 *fill*         0x000000001000822f        0x1 
 .rodata.str1.4
                0x0000000010008230       0x3c CMakeFiles/main.dir/Users/masonwright/pico/pico-sdk/src/rp2_common/pico_standard_link/binary_info.c.obj
 .rodata.__bi_44
                0x000000001000826c        0xc CMakeFiles/main.dir/Users/masonwright/pico/pico-sdk/src/rp2_common/pico_standard_link/binary_info.c.obj
 .rodata.__bi_75
                0x0000000010008278        0xc CMakeFiles/main.dir/Users/masonwright/pico/pico-sdk/src/rp2_common/pico_standard_link/binary_info.c.obj
 .rodata.__bi_81
                0x0000000010008284        0xc CMakeFiles/main.dir/Users/masonwright/pico/pico-sdk/src/rp2_common/pico_standard_link/binary_info.c.obj
 .rodata.crlf_str.3
                0x0000000010008290        0x2 CMakeFiles/main.dir/Users/masonwright/pico/pico-sdk/src/rp2_common/pico_stdio/stdio.c.obj
 *fill*         0x0000000010008292        0x2 
 .rodata._resetd_driver
                0x0000000010008294       0x18 CMakeFiles/main.dir/Users/masonwright/pico/pico-sdk/src/rp2_common/pico_stdio_usb/reset_interface.c.obj
 .rodata.timer_task.str1.4
                0x00000000100082ac       0x73 CMakeFiles/main.dir/Users/masonwright/pico/pico-sdk/src/rp2_common/pico_stdio_usb/stdio_usb.c.obj
 .rodata.stdio_usb_init.str1.4
                0x000000001000831f       0x67 CMakeFiles/main.dir/Users/masonwright/pico/pico-sdk/src/rp2_common/pico_stdio_usb/stdio_usb.c.obj
 *fill*         0x000000001000831f        0x1 
 .rodata.str1.4
                0x0000000010008320       0x13 CMakeFiles/main.dir/Users/masonwright/pico/pico-sdk/src/rp2_common/pico_stdio_usb/stdio_usb.c.obj
 *fill*         0x0000000010008333        0x1 
 .rodata.__bi_118.2
                0x0000000010008334        0xc CMakeFiles/main.dir/Users/masonwright/pico/pico-sdk/src/rp2_common/pico_stdio_usb/stdio_usb.c.obj
 .rodata.__func__.0
                0x0000000010008340       0x15 CMakeFiles/main.dir/Users/masonwright/pico/pico-sdk/src/rp2_common/pico_stdio_usb/stdio_usb.c.obj
 *fill*         0x0000000010008355        0x3 
 .rodata.__func__.1
                0x0000000010008358        0xb CMakeFiles/main.dir/Users/masonwright/pico/pico-sdk/src/rp2_common/pico_stdio_usb/stdio_usb.c.obj
 *fill*         0x0000000010008363        0x1 
 .rodata.str1.4
                0x0000000010008364       0x2a CMakeFiles/main.dir/Users/masonwright/pico/pico-sdk/src/rp2_common/pico_stdio_usb/stdio_usb_descriptors.c.obj
 *fill*         0x000000001000838e        0x2 
 .rodata.usbd_desc_cfg
                0x0000000010008390       0x54 CMakeFiles/main.dir/Users/masonwright/pico/pico-sdk/src/rp2_common/pico_stdio_usb/stdio_usb_descriptors.c.obj
 .rodata.usbd_desc_device
                0x00000000100083e4       0x12 CMakeFiles/main.dir/Users/masonwright/pico/pico-sdk/src/rp2_common/pico_stdio_usb/stdio_usb_descriptors.c.obj
 *fill*         0x00000000100083f6        0x2 
 .rodata.usbd_desc_str
                0x00000000100083f8       0x18 CMakeFiles/main.dir/Users/masonwright/pico/pico-sdk/src/rp2_common/pico_stdio_usb/stdio_usb_descriptors.c.obj
 .rodata._hw_endpoint_alloc.str1.4
                0x0000000010008410       0xbd CMakeFiles/main.dir/Users/masonwright/pico/pico-sdk/lib/tinyusb/src/portable/raspberrypi/rp2040/dcd_rp2040.c.obj
 *fill*         0x00000000100084cd        0x3 
 .rodata.dcd_rp2040_irq.str1.4
                0x00000000100084d0       0x14 CMakeFiles/main.dir/Users/masonwright/pico/pico-sdk/lib/tinyusb/src/portable/raspberrypi/rp2040/dcd_rp2040.c.obj
 .rodata.dcd_int_enable.str1.4
                0x00000000100084e4        0xc CMakeFiles/main.dir/Users/masonwright/pico/pico-sdk/lib/tinyusb/src/portable/raspberrypi/rp2040/dcd_rp2040.c.obj
 .rodata.__func__.0
                0x00000000100084f0        0xe CMakeFiles/main.dir/Users/masonwright/pico/pico-sdk/lib/tinyusb/src/portable/raspberrypi/rp2040/dcd_rp2040.c.obj
 *fill*         0x00000000100084fe        0x2 
 .rodata.__func__.1
                0x0000000010008500        0xe CMakeFiles/main.dir/Users/masonwright/pico/pico-sdk/lib/tinyusb/src/portable/raspberrypi/rp2040/dcd_rp2040.c.obj
 *fill*         0x000000001000850e        0x2 
 .rodata.__func__.3
                0x0000000010008510       0x10 CMakeFiles/main.dir/Users/masonwright/pico/pico-sdk/lib/tinyusb/src/portable/raspberrypi/rp2040/dcd_rp2040.c.obj
 .rodata.__func__.5
                0x0000000010008520        0xf CMakeFiles/main.dir/Users/masonwright/pico/pico-sdk/lib/tinyusb/src/portable/raspberrypi/rp2040/dcd_rp2040.c.obj
 *fill*         0x000000001000852f        0x1 
 .rodata.__func__.6
                0x0000000010008530       0x13 CMakeFiles/main.dir/Users/masonwright/pico/pico-sdk/lib/tinyusb/src/portable/raspberrypi/rp2040/dcd_rp2040.c.obj
 *fill*         0x0000000010008543        0x1 
 .rodata.__func__.7
                0x0000000010008544        0x9 CMakeFiles/main.dir/Users/masonwright/pico/pico-sdk/lib/tinyusb/src/portable/raspberrypi/rp2040/dcd_rp2040.c.obj
 *fill*         0x000000001000854d        0x3 
 .rodata.sync_ep_buffer.str1.4
                0x0000000010008550       0x99 CMakeFiles/main.dir/Users/masonwright/pico/pico-sdk/lib/tinyusb/src/portable/raspberrypi/rp2040/rp2040_usb.c.obj
 *fill*         0x00000000100085e9        0x3 
 .rodata._hw_endpoint_buffer_control_update32.str1.4
                0x00000000100085ec       0x1f CMakeFiles/main.dir/Users/masonwright/pico/pico-sdk/lib/tinyusb/src/portable/raspberrypi/rp2040/rp2040_usb.c.obj
 *fill*         0x000000001000860b        0x1 
 .rodata.hw_endpoint_xfer_start.str1.4
                0x000000001000860c       0x38 CMakeFiles/main.dir/Users/masonwright/pico/pico-sdk/lib/tinyusb/src/portable/raspberrypi/rp2040/rp2040_usb.c.obj
 .rodata.hw_endpoint_xfer_continue.str1.4
                0x0000000010008644       0x29 CMakeFiles/main.dir/Users/masonwright/pico/pico-sdk/lib/tinyusb/src/portable/raspberrypi/rp2040/rp2040_usb.c.obj
 *fill*         0x000000001000866d        0x3 
 .rodata.str1.4
                0x0000000010008670        0x7 CMakeFiles/main.dir/Users/masonwright/pico/pico-sdk/lib/tinyusb/src/portable/raspberrypi/rp2040/rp2040_usb.c.obj
 *fill*         0x0000000010008677        0x1 
 .rodata.__func__.0
                0x0000000010008678        0xf CMakeFiles/main.dir/Users/masonwright/pico/pico-sdk/lib/tinyusb/src/portable/raspberrypi/rp2040/rp2040_usb.c.obj
 *fill*         0x0000000010008687        0x1 
 .rodata.process_set_config.str1.4
                0x0000000010008688       0x17 CMakeFiles/main.dir/Users/masonwright/pico/pico-sdk/lib/tinyusb/src/device/usbd.c.obj
 *fill*         0x000000001000869f        0x1 
 .rodata.process_get_descriptor
                0x00000000100086a0       0x40 CMakeFiles/main.dir/Users/masonwright/pico/pico-sdk/lib/tinyusb/src/device/usbd.c.obj
 .rodata.process_control_request
                0x00000000100086e0       0x28 CMakeFiles/main.dir/Users/masonwright/pico/pico-sdk/lib/tinyusb/src/device/usbd.c.obj
 .rodata.tud_task
                0x0000000010008708       0x24 CMakeFiles/main.dir/Users/masonwright/pico/pico-sdk/lib/tinyusb/src/device/usbd.c.obj
 .rodata.__func__.2
                0x000000001000872c        0xf CMakeFiles/main.dir/Users/masonwright/pico/pico-sdk/lib/tinyusb/src/device/usbd.c.obj
 *fill*         0x000000001000873b        0x1 
 .rodata.__func__.3
                0x000000001000873c        0xf CMakeFiles/main.dir/Users/masonwright/pico/pico-sdk/lib/tinyusb/src/device/usbd.c.obj
 *fill*         0x000000001000874b        0x1 
 .rodata.__func__.4
                0x000000001000874c       0x14 CMakeFiles/main.dir/Users/masonwright/pico/pico-sdk/lib/tinyusb/src/device/usbd.c.obj
 .rodata.__func__.5
                0x0000000010008760       0x10 CMakeFiles/main.dir/Users/masonwright/pico/pico-sdk/lib/tinyusb/src/device/usbd.c.obj
 .rodata.__func__.6
                0x0000000010008770       0x17 CMakeFiles/main.dir/Users/masonwright/pico/pico-sdk/lib/tinyusb/src/device/usbd.c.obj
 *fill*         0x0000000010008787        0x1 
 .rodata.__func__.7
                0x0000000010008788       0x13 CMakeFiles/main.dir/Users/masonwright/pico/pico-sdk/lib/tinyusb/src/device/usbd.c.obj
 *fill*         0x000000001000879b        0x1 
 .rodata.__func__.8
                0x000000001000879c       0x18 CMakeFiles/main.dir/Users/masonwright/pico/pico-sdk/lib/tinyusb/src/device/usbd.c.obj
 .rodata.__func__.9
                0x00000000100087b4        0x9 CMakeFiles/main.dir/Users/masonwright/pico/pico-sdk/lib/tinyusb/src/device/usbd.c.obj
 *fill*         0x00000000100087bd        0x3 
 .rodata._usbd_driver
                0x00000000100087c0       0x18 CMakeFiles/main.dir/Users/masonwright/pico/pico-sdk/lib/tinyusb/src/device/usbd.c.obj
 .rodata.tud_control_xfer.str1.4
                0x00000000100087d8       0x17 CMakeFiles/main.dir/Users/masonwright/pico/pico-sdk/lib/tinyusb/src/device/usbd_control.c.obj
 .rodata.__func__.0
                0x00000000100087d8       0x15 CMakeFiles/main.dir/Users/masonwright/pico/pico-sdk/lib/tinyusb/src/device/usbd_control.c.obj
 *fill*         0x00000000100087ed        0x3 
 .rodata.__func__.1
                0x00000000100087f0       0x11 CMakeFiles/main.dir/Users/masonwright/pico/pico-sdk/lib/tinyusb/src/device/usbd_control.c.obj
 .rodata.tud_cdc_n_write_flush.str1.4
                0x0000000010008801       0x17 CMakeFiles/main.dir/Users/masonwright/pico/pico-sdk/lib/tinyusb/src/class/cdc/cdc_device.c.obj
 *fill*         0x0000000010008801        0x3 
 .rodata.__func__.0
                0x0000000010008804        0xd CMakeFiles/main.dir/Users/masonwright/pico/pico-sdk/lib/tinyusb/src/class/cdc/cdc_device.c.obj
 *fill*         0x0000000010008811        0x3 
 .rodata.__func__.1
                0x0000000010008814        0xa CMakeFiles/main.dir/Users/masonwright/pico/pico-sdk/lib/tinyusb/src/class/cdc/cdc_device.c.obj
 *fill*         0x000000001000881e        0x2 
 .rodata.__func__.2
                0x0000000010008820       0x16 CMakeFiles/main.dir/Users/masonwright/pico/pico-sdk/lib/tinyusb/src/class/cdc/cdc_device.c.obj
 .rodata.tusb_init.str1.4
                0x0000000010008836       0x17 CMakeFiles/main.dir/Users/masonwright/pico/pico-sdk/lib/tinyusb/src/tusb.c.obj
 *fill*         0x0000000010008836        0x2 
 .rodata.__func__.0
                0x0000000010008838       0x11 CMakeFiles/main.dir/Users/masonwright/pico/pico-sdk/lib/tinyusb/src/tusb.c.obj
 *fill*         0x0000000010008849        0x3 
 .rodata.__func__.1
                0x000000001000884c        0xa CMakeFiles/main.dir/Users/masonwright/pico/pico-sdk/lib/tinyusb/src/tusb.c.obj
 *fill*         0x0000000010008856        0x2 
 .rodata.pico_get_unique_board_id_string.str1.4
                0x0000000010008858       0x53 CMakeFiles/main.dir/Users/masonwright/pico/pico-sdk/src/rp2_common/pico_unique_id/unique_id.c.obj
 *fill*         0x00000000100088ab        0x1 
 .rodata.__func__.0
                0x00000000100088ac       0x20 CMakeFiles/main.dir/Users/masonwright/pico/pico-sdk/src/rp2_common/pico_unique_id/unique_id.c.obj
 .rodata.str1.4
                0x00000000100088cc      0x15e CMakeFiles/main.dir/Users/masonwright/pico/pico-sdk/src/rp2_common/hardware_flash/flash.c.obj
 *fill*         0x0000000010008a2a        0x2 
 .rodata.__func__.0
                0x0000000010008a2c        0xd CMakeFiles/main.dir/Users/masonwright/pico/pico-sdk/src/rp2_common/hardware_flash/flash.c.obj
                0x0000000010008a3c                . = ALIGN (0x4)
 *fill*         0x0000000010008a39        0x3 
 *(SORT_BY_ALIGNMENT(SORT_BY_NAME(.flashdata*)))
                0x0000000010008a3c                . = ALIGN (0x4)

.rel.dyn        0x0000000010008a3c        0x0
 .rel.iplt      0x0000000010008a3c        0x0 /usr/local/Cellar/arm-none-eabi-gcc/10.3-2021.07/gcc/bin/../lib/gcc/arm-none-eabi/10.3.1/thumb/v6-m/nofp/crtbegin.o

.ARM.extab
 *(.ARM.extab* .gnu.linkonce.armextab.*)
                0x0000000010008a3c                __exidx_start = .

.ARM.exidx
 *(.ARM.exidx* .gnu.linkonce.armexidx.*)
                0x0000000010008a3c                __exidx_end = .
                0x0000000010008a3c                . = ALIGN (0x4)
                0x0000000010008a3c                __binary_info_start = .

.binary_info    0x0000000010008a3c       0x20
 *(.binary_info.keep.*)
 .binary_info.keep.__bi_ptr22
                0x0000000010008a3c        0x4 CMakeFiles/main.dir/Users/masonwright/pico/pico-sdk/src/rp2_common/pico_standard_link/binary_info.c.obj
 .binary_info.keep.__bi_ptr30
                0x0000000010008a40        0x4 CMakeFiles/main.dir/Users/masonwright/pico/pico-sdk/src/rp2_common/pico_standard_link/binary_info.c.obj
 .binary_info.keep.__bi_ptr38
                0x0000000010008a44        0x4 CMakeFiles/main.dir/Users/masonwright/pico/pico-sdk/src/rp2_common/pico_standard_link/binary_info.c.obj
 .binary_info.keep.__bi_ptr44
                0x0000000010008a48        0x4 CMakeFiles/main.dir/Users/masonwright/pico/pico-sdk/src/rp2_common/pico_standard_link/binary_info.c.obj
 .binary_info.keep.__bi_ptr50
                0x0000000010008a4c        0x4 CMakeFiles/main.dir/Users/masonwright/pico/pico-sdk/src/rp2_common/pico_standard_link/binary_info.c.obj
 .binary_info.keep.__bi_ptr75
                0x0000000010008a50        0x4 CMakeFiles/main.dir/Users/masonwright/pico/pico-sdk/src/rp2_common/pico_standard_link/binary_info.c.obj
 .binary_info.keep.__bi_ptr81
                0x0000000010008a54        0x4 CMakeFiles/main.dir/Users/masonwright/pico/pico-sdk/src/rp2_common/pico_standard_link/binary_info.c.obj
 *(.binary_info.*)
 .binary_info.__bi_ptr118
                0x0000000010008a58        0x4 CMakeFiles/main.dir/Users/masonwright/pico/pico-sdk/src/rp2_common/pico_stdio_usb/stdio_usb.c.obj
                0x0000000010008a5c                __binary_info_end = .
                0x0000000010008a5c                . = ALIGN (0x4)
                0x0000000010008a5c                __etext = .

.ram_vector_table
                0x0000000020000000       0xc0
 *(.ram_vector_table)
 .ram_vector_table
                0x0000000020000000       0xc0 CMakeFiles/main.dir/Users/masonwright/pico/pico-sdk/src/rp2_common/pico_runtime/runtime.c.obj
                0x0000000020000000                ram_vector_table

.data           0x00000000200000c0      0x460 load address 0x0000000010008a5c
                0x00000000200000c0                __data_start__ = .
 *(vtable)
 *(.time_critical*)
 .time_critical.mutex_enter_blocking
                0x00000000200000c0       0x48 CMakeFiles/main.dir/Users/masonwright/pico/pico-sdk/src/common/pico_sync/mutex.c.obj
                0x00000000200000c0                mutex_enter_blocking
 .time_critical.mutex_try_enter
                0x0000000020000108       0x46 CMakeFiles/main.dir/Users/masonwright/pico/pico-sdk/src/common/pico_sync/mutex.c.obj
                0x0000000020000108                mutex_try_enter
 *fill*         0x000000002000014e        0x2 
 .time_critical.mutex_enter_block_until
                0x0000000020000150       0x8c CMakeFiles/main.dir/Users/masonwright/pico/pico-sdk/src/common/pico_sync/mutex.c.obj
                0x0000000020000150                mutex_enter_block_until
 .time_critical.mutex_enter_timeout_ms
                0x00000000200001dc       0x74 CMakeFiles/main.dir/Users/masonwright/pico/pico-sdk/src/common/pico_sync/mutex.c.obj
                0x00000000200001dc                mutex_enter_timeout_ms
 .time_critical.mutex_exit
                0x0000000020000250       0x4c CMakeFiles/main.dir/Users/masonwright/pico/pico-sdk/src/common/pico_sync/mutex.c.obj
                0x0000000020000250                mutex_exit
 .time_critical.flash_init_boot2_copyout
                0x000000002000029c       0x30 CMakeFiles/main.dir/Users/masonwright/pico/pico-sdk/src/rp2_common/hardware_flash/flash.c.obj
 .time_critical.flash_enable_xip_via_boot2
                0x00000000200002cc       0x10 CMakeFiles/main.dir/Users/masonwright/pico/pico-sdk/src/rp2_common/hardware_flash/flash.c.obj
 .time_critical.flash_cs_force
                0x00000000200002dc       0x28 CMakeFiles/main.dir/Users/masonwright/pico/pico-sdk/src/rp2_common/hardware_flash/flash.c.obj
 .time_critical.flash_do_cmd
                0x0000000020000304       0xd8 CMakeFiles/main.dir/Users/masonwright/pico/pico-sdk/src/rp2_common/hardware_flash/flash.c.obj
                0x0000000020000304                flash_do_cmd
 *(.text*)
 .text          0x00000000200003dc        0x4 /usr/local/Cellar/arm-none-eabi-gcc/10.3-2021.07/gcc/bin/../lib/gcc/arm-none-eabi/10.3.1/thumb/v6-m/nofp/libgcc.a(_dvmd_tls.o)
                0x00000000200003dc                __aeabi_ldiv0
                0x00000000200003dc                __aeabi_idiv0
 .text.__stub   0x00000000200003e0       0x40 linker stubs
                0x0000000020000420                . = ALIGN (0x4)
 *(.rodata*)
                0x0000000020000420                . = ALIGN (0x4)
 *(.data*)
 .data.striped_spin_lock_num
                0x0000000020000420        0x1 CMakeFiles/main.dir/Users/masonwright/pico/pico-sdk/src/rp2_common/hardware_sync/sync.c.obj
 *fill*         0x0000000020000421        0x3 
 .data          0x0000000020000424       0x48 CMakeFiles/main.dir/Users/masonwright/pico/pico-sdk/src/rp2_common/hardware_irq/irq_handler_chain.S.obj
                0x0000000020000424                irq_handler_chain_slots
                0x0000000020000454                irq_handler_chain_first_slot
                0x000000002000045e                irq_handler_chain_remove_tail
 .data.default_alarm_pool
                0x000000002000046c       0x18 CMakeFiles/main.dir/Users/masonwright/pico/pico-sdk/src/common/pico_time/time.c.obj
 .data.default_alarm_pool_heap
                0x0000000020000484       0x10 CMakeFiles/main.dir/Users/masonwright/pico/pico-sdk/src/common/pico_time/time.c.obj
 *fill*         0x0000000020000494        0xc 
 .data.aeabi_bits_funcs
                0x00000000200004a0       0x10 CMakeFiles/main.dir/Users/masonwright/pico/pico-sdk/src/rp2_common/pico_bit_ops/bit_ops_aeabi.S.obj
                0x00000000200004a0                aeabi_bits_funcs
                0x00000000200004b0                aeabi_bits_funcs_end
 .data.aeabi_mem_funcs
                0x00000000200004b0       0x10 CMakeFiles/main.dir/Users/masonwright/pico/pico-sdk/src/rp2_common/pico_mem_ops/mem_ops_aeabi.S.obj
                0x00000000200004b0                aeabi_mem_funcs
                0x00000000200004c0                aeabi_mem_funcs_end
 .data.stdio_usb
                0x00000000200004c0       0x14 CMakeFiles/main.dir/Users/masonwright/pico/pico-sdk/src/rp2_common/pico_stdio_usb/stdio_usb.c.obj
                0x00000000200004c0                stdio_usb
 .data.ep_dir_string
                0x00000000200004d4        0x8 CMakeFiles/main.dir/Users/masonwright/pico/pico-sdk/lib/tinyusb/src/portable/raspberrypi/rp2040/rp2040_usb.c.obj
                0x00000000200004d4                ep_dir_string
 .data._usbd_qdef
                0x00000000200004dc       0x24 CMakeFiles/main.dir/Users/masonwright/pico/pico-sdk/lib/tinyusb/src/device/usbd.c.obj
                0x00000000200004dc                _usbd_qdef
                0x0000000020000500                . = ALIGN (0x4)
 *(.after_data.*)
                0x0000000020000500                . = ALIGN (0x4)
                0x0000000020000500                PROVIDE (__mutex_array_start = .)
 *(SORT_BY_NAME(.mutex_array.*))