Archive member included to satisfy reference by file (symbol)

/usr/local/Cellar/arm-none-eabi-gcc/10.3-2021.07/gcc/bin/../lib/gcc/arm-none-eabi/10.3.1/thumb/v6-m/nofp/libgcc.a(_dvmd_tls.o)
                              CMakeFiles/pio_uart_rx.dir/Users/masonwright/pico/pico-sdk/src/rp2_common/pico_divider/divider.S.obj (__aeabi_idiv0)
/usr/local/Cellar/arm-none-eabi-gcc/10.3-2021.07/gcc/bin/../lib/gcc/arm-none-eabi/10.3.1/../../../../arm-none-eabi/lib/thumb/v6-m/nofp/libg.a(lib_a-calloc.o)
                              CMakeFiles/pio_uart_rx.dir/Users/masonwright/pico/pico-sdk/src/rp2_common/pico_malloc/pico_malloc.c.obj (calloc)
/usr/local/Cellar/arm-none-eabi-gcc/10.3-2021.07/gcc/bin/../lib/gcc/arm-none-eabi/10.3.1/../../../../arm-none-eabi/lib/thumb/v6-m/nofp/libg.a(lib_a-callocr.o)
                              /usr/local/Cellar/arm-none-eabi-gcc/10.3-2021.07/gcc/bin/../lib/gcc/arm-none-eabi/10.3.1/../../../../arm-none-eabi/lib/thumb/v6-m/nofp/libg.a(lib_a-calloc.o) (_calloc_r)
/usr/local/Cellar/arm-none-eabi-gcc/10.3-2021.07/gcc/bin/../lib/gcc/arm-none-eabi/10.3.1/../../../../arm-none-eabi/lib/thumb/v6-m/nofp/libg.a(lib_a-errno.o)
                              /usr/local/Cellar/arm-none-eabi-gcc/10.3-2021.07/gcc/bin/../lib/gcc/arm-none-eabi/10.3.1/../../../../arm-none-eabi/lib/thumb/v6-m/nofp/libg.a(lib_a-callocr.o) (__errno)
/usr/local/Cellar/arm-none-eabi-gcc/10.3-2021.07/gcc/bin/../lib/gcc/arm-none-eabi/10.3.1/../../../../arm-none-eabi/lib/thumb/v6-m/nofp/libg.a(lib_a-impure.o)
                              /usr/local/Cellar/arm-none-eabi-gcc/10.3-2021.07/gcc/bin/../lib/gcc/arm-none-eabi/10.3.1/../../../../arm-none-eabi/lib/thumb/v6-m/nofp/libg.a(lib_a-calloc.o) (_impure_ptr)
/usr/local/Cellar/arm-none-eabi-gcc/10.3-2021.07/gcc/bin/../lib/gcc/arm-none-eabi/10.3.1/../../../../arm-none-eabi/lib/thumb/v6-m/nofp/libg.a(lib_a-init.o)
                              /usr/local/Cellar/arm-none-eabi-gcc/10.3-2021.07/gcc/bin/../lib/gcc/arm-none-eabi/10.3.1/../../../../arm-none-eabi/lib/thumb/v6-m/nofp/crt0.o (__libc_init_array)
/usr/local/Cellar/arm-none-eabi-gcc/10.3-2021.07/gcc/bin/../lib/gcc/arm-none-eabi/10.3.1/../../../../arm-none-eabi/lib/thumb/v6-m/nofp/libg.a(lib_a-malloc.o)
                              CMakeFiles/pio_uart_rx.dir/Users/masonwright/pico/pico-sdk/src/rp2_common/pico_malloc/pico_malloc.c.obj (malloc)
/usr/local/Cellar/arm-none-eabi-gcc/10.3-2021.07/gcc/bin/../lib/gcc/arm-none-eabi/10.3.1/../../../../arm-none-eabi/lib/thumb/v6-m/nofp/libg.a(lib_a-mallocr.o)
                              /usr/local/Cellar/arm-none-eabi-gcc/10.3-2021.07/gcc/bin/../lib/gcc/arm-none-eabi/10.3.1/../../../../arm-none-eabi/lib/thumb/v6-m/nofp/libg.a(lib_a-callocr.o) (_malloc_r)
/usr/local/Cellar/arm-none-eabi-gcc/10.3-2021.07/gcc/bin/../lib/gcc/arm-none-eabi/10.3.1/../../../../arm-none-eabi/lib/thumb/v6-m/nofp/libg.a(lib_a-mlock.o)
                              /usr/local/Cellar/arm-none-eabi-gcc/10.3-2021.07/gcc/bin/../lib/gcc/arm-none-eabi/10.3.1/../../../../arm-none-eabi/lib/thumb/v6-m/nofp/libg.a(lib_a-mallocr.o) (__malloc_lock)
/usr/local/Cellar/arm-none-eabi-gcc/10.3-2021.07/gcc/bin/../lib/gcc/arm-none-eabi/10.3.1/../../../../arm-none-eabi/lib/thumb/v6-m/nofp/libg.a(lib_a-realloc.o)
                              CMakeFiles/pio_uart_rx.dir/Users/masonwright/pico/pico-sdk/src/rp2_common/pico_malloc/pico_malloc.c.obj (realloc)
/usr/local/Cellar/arm-none-eabi-gcc/10.3-2021.07/gcc/bin/../lib/gcc/arm-none-eabi/10.3.1/../../../../arm-none-eabi/lib/thumb/v6-m/nofp/libg.a(lib_a-reallocr.o)
                              /usr/local/Cellar/arm-none-eabi-gcc/10.3-2021.07/gcc/bin/../lib/gcc/arm-none-eabi/10.3.1/../../../../arm-none-eabi/lib/thumb/v6-m/nofp/libg.a(lib_a-realloc.o) (_realloc_r)
/usr/local/Cellar/arm-none-eabi-gcc/10.3-2021.07/gcc/bin/../lib/gcc/arm-none-eabi/10.3.1/../../../../arm-none-eabi/lib/thumb/v6-m/nofp/libg.a(lib_a-sbrkr.o)
                              /usr/local/Cellar/arm-none-eabi-gcc/10.3-2021.07/gcc/bin/../lib/gcc/arm-none-eabi/10.3.1/../../../../arm-none-eabi/lib/thumb/v6-m/nofp/libg.a(lib_a-mallocr.o) (_sbrk_r)
/usr/local/Cellar/arm-none-eabi-gcc/10.3-2021.07/gcc/bin/../lib/gcc/arm-none-eabi/10.3.1/../../../../arm-none-eabi/lib/thumb/v6-m/nofp/libg.a(lib_a-strlen-stub.o)
                              CMakeFiles/pio_uart_rx.dir/Users/masonwright/pico/pico-sdk/src/rp2_common/pico_stdio/stdio.c.obj (strlen)
/usr/local/Cellar/arm-none-eabi-gcc/10.3-2021.07/gcc/bin/../lib/gcc/arm-none-eabi/10.3.1/../../../../arm-none-eabi/lib/thumb/v6-m/nofp/libg.a(lib_a-freer.o)
                              /usr/local/Cellar/arm-none-eabi-gcc/10.3-2021.07/gcc/bin/../lib/gcc/arm-none-eabi/10.3.1/../../../../arm-none-eabi/lib/thumb/v6-m/nofp/libg.a(lib_a-malloc.o) (_free_r)
/usr/local/Cellar/arm-none-eabi-gcc/10.3-2021.07/gcc/bin/../lib/gcc/arm-none-eabi/10.3.1/../../../../arm-none-eabi/lib/thumb/v6-m/nofp/libg.a(lib_a-lock.o)
[...]
Memory Configuration

Name             Origin             Length             Attributes
FLASH            0x0000000010000000 0x0000000000200000 xr
RAM              0x0000000020000000 0x0000000000040000 xrw
SCRATCH_X        0x0000000020040000 0x0000000000001000 xrw
SCRATCH_Y        0x0000000020041000 0x0000000000001000 xrw
*default*        0x0000000000000000 0xffffffffffffffff

Linker script and memory map

LOAD /usr/local/Cellar/arm-none-eabi-gcc/10.3-2021.07/gcc/bin/../lib/gcc/arm-none-eabi/10.3.1/thumb/v6-m/nofp/crti.o
LOAD /usr/local/Cellar/arm-none-eabi-gcc/10.3-2021.07/gcc/bin/../lib/gcc/arm-none-eabi/10.3.1/thumb/v6-m/nofp/crtbegin.o
LOAD /usr/local/Cellar/arm-none-eabi-gcc/10.3-2021.07/gcc/bin/../lib/gcc/arm-none-eabi/10.3.1/../../../../arm-none-eabi/lib/thumb/v6-m/nofp/crt0.o

.flash_begin    0x0000000010000000        0x0
                0x0000000010000000                __flash_binary_start = .

.boot2          0x0000000010000000      0x100
                0x0000000010000000                __boot2_start__ = .
 *(.boot2)
 .boot2         0x0000000010000000      0x100 /var/folders/7b/c07zbwkj03nf7cs4vm_0yw1w0000gn/T//ccAzOtwv.o
                0x0000000010000100                __boot2_end__ = .
                0x0000000000000001                ASSERT (((__boot2_end__ - __boot2_start__) == 0x100), ERROR: Pico second stage bootloader must be 256 bytes in size)

.text           0x0000000010000100     0x45d8
                0x0000000010000100                __logical_binary_start = .
 *(.vectors)
 .vectors       0x0000000010000100       0xd4 CMakeFiles/pio_uart_rx.dir/Users/masonwright/pico/pico-sdk/src/rp2_common/pico_standard_link/crt0.S.obj
                0x0000000010000100                __VECTOR_TABLE
                0x0000000010000100                __vectors
                0x00000000100001c0                __default_isrs_start
                0x00000000100001c0                isr_invalid
                0x00000000100001c2                isr_nmi
                0x00000000100001c4                isr_hardfault
                0x00000000100001c6                isr_svcall
                0x00000000100001c8                isr_pendsv
                0x00000000100001ca                isr_systick
                0x00000000100001cc                isr_irq28
                0x00000000100001cc                isr_irq19
                0x00000000100001cc                isr_irq0
                0x00000000100001cc                isr_irq6
                0x00000000100001cc                isr_irq22
                0x00000000100001cc                isr_irq17
                0x00000000100001cc                isr_irq14
                0x00000000100001cc                isr_irq2
                0x00000000100001cc                isr_irq10
                0x00000000100001cc                isr_irq8
                0x00000000100001cc                isr_irq24
                0x00000000100001cc                isr_irq1
                0x00000000100001cc                isr_irq7
                0x00000000100001cc                isr_irq21
                0x00000000100001cc                isr_irq20
                0x00000000100001cc                isr_irq15
                0x00000000100001cc                isr_irq25
                0x00000000100001cc                isr_irq4
                0x00000000100001cc                isr_irq16
                0x00000000100001cc                isr_irq29
                0x00000000100001cc                isr_irq26
                0x00000000100001cc                __default_isrs_end
                0x00000000100001cc                isr_irq3
                0x00000000100001cc                isr_irq9
                0x00000000100001cc                __unhandled_user_irq
                0x00000000100001cc                isr_irq13
                0x00000000100001cc                isr_irq27
                0x00000000100001cc                isr_irq31
                0x00000000100001cc                isr_irq5
                0x00000000100001cc                isr_irq11
                0x00000000100001cc                isr_irq23
                0x00000000100001cc                isr_irq18
                0x00000000100001cc                isr_irq30
                0x00000000100001cc                isr_irq12
                0x00000000100001d2                unhandled_user_irq_num_in_r0
 *(.binary_info_header)
 .binary_info_header
                0x00000000100001d4       0x14 CMakeFiles/pio_uart_rx.dir/Users/masonwright/pico/pico-sdk/src/rp2_common/pico_standard_link/crt0.S.obj
                0x00000000100001e8                __binary_info_header_end = .
 *(.reset)
 .reset         0x00000000100001e8       0xa8 CMakeFiles/pio_uart_rx.dir/Users/masonwright/pico/pico-sdk/src/rp2_common/pico_standard_link/crt0.S.obj
                0x00000000100001e8                _entry_point
                0x0000000010000266                __get_current_exception
 .reset         0x0000000010000290       0x30 CMakeFiles/pio_uart_rx.dir/Users/masonwright/pico/pico-sdk/src/rp2_common/pico_standard_link/binary_info.c.obj
 *(.init)
 .init          0x00000000100002c0        0x4 /usr/local/Cellar/arm-none-eabi-gcc/10.3-2021.07/gcc/bin/../lib/gcc/arm-none-eabi/10.3.1/thumb/v6-m/nofp/crti.o
                0x00000000100002c0                _init
 *(EXCLUDE_FILE(*libm.a: *libc.a:*lib_a-mem*.o *libgcc.a:) .text*)
 .text          0x00000000100002c4       0x48 /usr/local/Cellar/arm-none-eabi-gcc/10.3-2021.07/gcc/bin/../lib/gcc/arm-none-eabi/10.3.1/thumb/v6-m/nofp/crtbegin.o
 .text.core1_main
                0x000000001000030c       0x9c CMakeFiles/pio_uart_rx.dir/uart_rx.c.obj
                0x000000001000030c                core1_main
 .text.uart_rx_program_init
                0x00000000100003a8      0x148 CMakeFiles/pio_uart_rx.dir/uart_rx.c.obj
 .text.main     0x00000000100004f0       0x74 CMakeFiles/pio_uart_rx.dir/uart_rx.c.obj
                0x00000000100004f0                main
 .text.setup_default_uart
                0x0000000010000564        0x8 CMakeFiles/pio_uart_rx.dir/Users/masonwright/pico/pico-sdk/src/rp2_common/pico_stdlib/stdlib.c.obj
                0x0000000010000564                setup_default_uart
 .text.gpio_set_function
                0x000000001000056c       0x30 CMakeFiles/pio_uart_rx.dir/Users/masonwright/pico/pico-sdk/src/rp2_common/hardware_gpio/gpio.c.obj
                0x000000001000056c                gpio_set_function
 .text.gpio_set_pulls
                0x000000001000059c       0x34 CMakeFiles/pio_uart_rx.dir/Users/masonwright/pico/pico-sdk/src/rp2_common/hardware_gpio/gpio.c.obj
                0x000000001000059c                gpio_set_pulls
 .text.hw_claim_lock
                0x00000000100005d0       0x18 CMakeFiles/pio_uart_rx.dir/Users/masonwright/pico/pico-sdk/src/rp2_common/hardware_claim/claim.c.obj
                0x00000000100005d0                hw_claim_lock
 .text.hw_claim_unlock
                0x00000000100005e8       0x14 CMakeFiles/pio_uart_rx.dir/Users/masonwright/pico/pico-sdk/src/rp2_common/hardware_claim/claim.c.obj
                0x00000000100005e8                hw_claim_unlock
 .text.hw_claim_or_assert
                0x00000000100005fc       0x32 CMakeFiles/pio_uart_rx.dir/Users/masonwright/pico/pico-sdk/src/rp2_common/hardware_claim/claim.c.obj
                0x00000000100005fc                hw_claim_or_assert
 *fill*         0x000000001000062e        0x2 
 .text.running_on_fpga
                0x0000000010000630       0x14 CMakeFiles/pio_uart_rx.dir/Users/masonwright/pico/pico-sdk/src/rp2_common/pico_platform/platform.c.obj
                0x0000000010000630                running_on_fpga
 .text.spin_locks_reset
                0x0000000010000644       0x20 CMakeFiles/pio_uart_rx.dir/Users/masonwright/pico/pico-sdk/src/rp2_common/hardware_sync/sync.c.obj
                0x0000000010000644                spin_locks_reset
 .text.next_striped_spin_lock_num
                0x0000000010000664       0x1c CMakeFiles/pio_uart_rx.dir/Users/masonwright/pico/pico-sdk/src/rp2_common/hardware_sync/sync.c.obj
                0x0000000010000664                next_striped_spin_lock_num
 .text.set_raw_irq_handler_and_unlock
                0x0000000010000680       0x28 CMakeFiles/pio_uart_rx.dir/Users/masonwright/pico/pico-sdk/src/rp2_common/hardware_irq/irq.c.obj
 .text.make_branch
                0x00000000100006a8       0x48 CMakeFiles/pio_uart_rx.dir/Users/masonwright/pico/pico-sdk/src/rp2_common/hardware_irq/irq.c.obj
 .text.insert_branch_and_link
                0x00000000100006f0       0x40 CMakeFiles/pio_uart_rx.dir/Users/masonwright/pico/pico-sdk/src/rp2_common/hardware_irq/irq.c.obj
 .text.irq_is_enabled
                0x0000000010000730       0x18 CMakeFiles/pio_uart_rx.dir/Users/masonwright/pico/pico-sdk/src/rp2_common/hardware_irq/irq.c.obj
                0x0000000010000730                irq_is_enabled
 .text.irq_set_mask_enabled
                0x0000000010000748       0x20 CMakeFiles/pio_uart_rx.dir/Users/masonwright/pico/pico-sdk/src/rp2_common/hardware_irq/irq.c.obj
                0x0000000010000748                irq_set_mask_enabled
 .text.irq_set_enabled
                0x0000000010000768        0xe CMakeFiles/pio_uart_rx.dir/Users/masonwright/pico/pico-sdk/src/rp2_common/hardware_irq/irq.c.obj
                0x0000000010000768                irq_set_enabled
 *fill*         0x0000000010000776        0x2 
 .text.irq_get_vtable_handler
                0x0000000010000778       0x10 CMakeFiles/pio_uart_rx.dir/Users/masonwright/pico/pico-sdk/src/rp2_common/hardware_irq/irq.c.obj
                0x0000000010000778                irq_get_vtable_handler
 .text.irq_set_exclusive_handler
                0x0000000010000788       0x54 CMakeFiles/pio_uart_rx.dir/Users/masonwright/pico/pico-sdk/src/rp2_common/hardware_irq/irq.c.obj
                0x0000000010000788                irq_set_exclusive_handler
 .text.irq_remove_handler
                0x00000000100007dc      0x1a8 CMakeFiles/pio_uart_rx.dir/Users/masonwright/pico/pico-sdk/src/rp2_common/hardware_irq/irq.c.obj
                0x00000000100007dc                irq_remove_handler
 .text.irq_add_tail_to_free_list
                0x0000000010000984       0xf0 CMakeFiles/pio_uart_rx.dir/Users/masonwright/pico/pico-sdk/src/rp2_common/hardware_irq/irq.c.obj
                0x0000000010000984                irq_add_tail_to_free_list
 .text.irq_init_priorities
                0x0000000010000a74       0x1c CMakeFiles/pio_uart_rx.dir/Users/masonwright/pico/pico-sdk/src/rp2_common/hardware_irq/irq.c.obj
                0x0000000010000a74                irq_init_priorities
 .text.lock_init
                0x0000000010000a90       0x10 CMakeFiles/pio_uart_rx.dir/Users/masonwright/pico/pico-sdk/src/common/pico_sync/lock_core.c.obj
                0x0000000010000a90                lock_init
 .text.alarm_pool_post_alloc_init
                0x0000000010000aa0       0x40 CMakeFiles/pio_uart_rx.dir/Users/masonwright/pico/pico-sdk/src/common/pico_time/time.c.obj
 .text.timer_pool_entry_comparator
                0x0000000010000ae0       0x7c CMakeFiles/pio_uart_rx.dir/Users/masonwright/pico/pico-sdk/src/common/pico_time/time.c.obj
                0x0000000010000ae0                timer_pool_entry_comparator
 .text.ph_add_child_node
                0x0000000010000b5c       0xa4 CMakeFiles/pio_uart_rx.dir/Users/masonwright/pico/pico-sdk/src/common/pico_time/time.c.obj
 .text.ph_merge_nodes
                0x0000000010000c00       0x3e CMakeFiles/pio_uart_rx.dir/Users/masonwright/pico/pico-sdk/src/common/pico_time/time.c.obj
 *fill*         0x0000000010000c3e        0x2 
 .text.add_alarm_under_lock
                0x0000000010000c40      0x174 CMakeFiles/pio_uart_rx.dir/Users/masonwright/pico/pico-sdk/src/common/pico_time/time.c.obj
 .text.alarm_pool_alarm_callback
                0x0000000010000db4      0x328 CMakeFiles/pio_uart_rx.dir/Users/masonwright/pico/pico-sdk/src/common/pico_time/time.c.obj
 .text.alarm_pool_init_default
                0x00000000100010dc       0x38 CMakeFiles/pio_uart_rx.dir/Users/masonwright/pico/pico-sdk/src/common/pico_time/time.c.obj
                0x00000000100010dc                alarm_pool_init_default
 .text.hardware_alarm_irq_handler
                0x0000000010001114       0x8c CMakeFiles/pio_uart_rx.dir/Users/masonwright/pico/pico-sdk/src/rp2_common/hardware_timer/timer.c.obj
 .text.hardware_alarm_claim
                0x00000000100011a0       0x18 CMakeFiles/pio_uart_rx.dir/Users/masonwright/pico/pico-sdk/src/rp2_common/hardware_timer/timer.c.obj
                0x00000000100011a0                hardware_alarm_claim
 .text.time_us_64
                0x00000000100011b8       0x18 CMakeFiles/pio_uart_rx.dir/Users/masonwright/pico/pico-sdk/src/rp2_common/hardware_timer/timer.c.obj
                0x00000000100011b8                time_us_64
 .text.hardware_alarm_set_callback
                0x00000000100011d0       0x90 CMakeFiles/pio_uart_rx.dir/Users/masonwright/pico/pico-sdk/src/rp2_common/hardware_timer/timer.c.obj
                0x00000000100011d0                hardware_alarm_set_callback
 .text.hardware_alarm_set_target
                0x0000000010001260       0xe8 CMakeFiles/pio_uart_rx.dir/Users/masonwright/pico/pico-sdk/src/rp2_common/hardware_timer/timer.c.obj
                0x0000000010001260                hardware_alarm_set_target
 .text.hardware_alarm_cancel
                0x0000000010001348       0x40 CMakeFiles/pio_uart_rx.dir/Users/masonwright/pico/pico-sdk/src/rp2_common/hardware_timer/timer.c.obj
                0x0000000010001348                hardware_alarm_cancel
 .text.ph_add_child_node
                0x0000000010001388       0xa4 CMakeFiles/pio_uart_rx.dir/Users/masonwright/pico/pico-sdk/src/common/pico_util/pheap.c.obj
 .text.ph_merge_nodes
                0x000000001000142c       0x3e CMakeFiles/pio_uart_rx.dir/Users/masonwright/pico/pico-sdk/src/common/pico_util/pheap.c.obj
 *fill*         0x000000001000146a        0x2 
 .text.ph_clear
                0x000000001000146c       0x70 CMakeFiles/pio_uart_rx.dir/Users/masonwright/pico/pico-sdk/src/common/pico_util/pheap.c.obj
                0x000000001000146c                ph_clear
 .text.ph_post_alloc_init
                0x00000000100014dc        0xe CMakeFiles/pio_uart_rx.dir/Users/masonwright/pico/pico-sdk/src/common/pico_util/pheap.c.obj
                0x00000000100014dc                ph_post_alloc_init
 *fill*         0x00000000100014ea        0x2 
 .text.ph_merge_two_pass
                0x00000000100014ec       0xa8 CMakeFiles/pio_uart_rx.dir/Users/masonwright/pico/pico-sdk/src/common/pico_util/pheap.c.obj
                0x00000000100014ec                ph_merge_two_pass
 .text.ph_remove_any_head
                0x0000000010001594      0x108 CMakeFiles/pio_uart_rx.dir/Users/masonwright/pico/pico-sdk/src/common/pico_util/pheap.c.obj
 .text.ph_remove_head
                0x000000001000169c       0x14 CMakeFiles/pio_uart_rx.dir/Users/masonwright/pico/pico-sdk/src/common/pico_util/pheap.c.obj
                0x000000001000169c                ph_remove_head
 .text.ph_remove_and_free_node
                0x00000000100016b0       0xf8 CMakeFiles/pio_uart_rx.dir/Users/masonwright/pico/pico-sdk/src/common/pico_util/pheap.c.obj
                0x00000000100016b0                ph_remove_and_free_node
 .text.mutex_init
                0x00000000100017a8       0x1a CMakeFiles/pio_uart_rx.dir/Users/masonwright/pico/pico-sdk/src/common/pico_sync/mutex.c.obj
                0x00000000100017a8                mutex_init
 .text.recursive_mutex_init
                0x00000000100017c2       0x1e CMakeFiles/pio_uart_rx.dir/Users/masonwright/pico/pico-sdk/src/common/pico_sync/mutex.c.obj
                0x00000000100017c2                recursive_mutex_init
 .text.uart_set_baudrate
                0x00000000100017e0       0x5c CMakeFiles/pio_uart_rx.dir/Users/masonwright/pico/pico-sdk/src/rp2_common/hardware_uart/uart.c.obj
                0x00000000100017e0                uart_set_baudrate
 .text.uart_set_translate_crlf
                0x000000001000183c       0x28 CMakeFiles/pio_uart_rx.dir/Users/masonwright/pico/pico-sdk/src/rp2_common/hardware_uart/uart.c.obj
                0x000000001000183c                uart_set_translate_crlf
 .text.uart_init
                0x0000000010001864       0x80 CMakeFiles/pio_uart_rx.dir/Users/masonwright/pico/pico-sdk/src/rp2_common/hardware_uart/uart.c.obj
                0x0000000010001864                uart_init
 .text._exit    0x00000000100018e4        0x4 CMakeFiles/pio_uart_rx.dir/Users/masonwright/pico/pico-sdk/src/rp2_common/pico_runtime/runtime.c.obj
                0x00000000100018e4                _exit
 .text.exit     0x00000000100018e8        0x6 CMakeFiles/pio_uart_rx.dir/Users/masonwright/pico/pico-sdk/src/rp2_common/pico_runtime/runtime.c.obj
                0x00000000100018e8                exit
 *fill*         0x00000000100018ee        0x2 
 .text.__assert_func
                0x00000000100018f0       0x3c CMakeFiles/pio_uart_rx.dir/Users/masonwright/pico/pico-sdk/src/rp2_common/pico_runtime/runtime.c.obj
                0x00000000100018f0                __assert_func
 .text.runtime_init
                0x000000001000192c       0xf8 CMakeFiles/pio_uart_rx.dir/Users/masonwright/pico/pico-sdk/src/rp2_common/pico_runtime/runtime.c.obj
                0x000000001000192c                runtime_init
 .text.panic    0x0000000010001a24       0x30 CMakeFiles/pio_uart_rx.dir/Users/masonwright/pico/pico-sdk/src/rp2_common/pico_runtime/runtime.c.obj
                0x0000000010001a24                panic
 .text.clock_configure
                0x0000000010001a54      0x104 CMakeFiles/pio_uart_rx.dir/Users/masonwright/pico/pico-sdk/src/rp2_common/hardware_clocks/clocks.c.obj
                0x0000000010001a54                clock_configure
 .text.clocks_init
                0x0000000010001b58      0x100 CMakeFiles/pio_uart_rx.dir/Users/masonwright/pico/pico-sdk/src/rp2_common/hardware_clocks/clocks.c.obj
                0x0000000010001b58                clocks_init
 .text.clock_get_hz
                0x0000000010001c58        0xc CMakeFiles/pio_uart_rx.dir/Users/masonwright/pico/pico-sdk/src/rp2_common/hardware_clocks/clocks.c.obj
                0x0000000010001c58                clock_get_hz
 .text.pll_init
                0x0000000010001c64      0x140 CMakeFiles/pio_uart_rx.dir/Users/masonwright/pico/pico-sdk/src/rp2_common/hardware_pll/pll.c.obj
                0x0000000010001c64                pll_init
 .text.watchdog_start_tick
                0x0000000010001da4       0x10 CMakeFiles/pio_uart_rx.dir/Users/masonwright/pico/pico-sdk/src/rp2_common/hardware_watchdog/watchdog.c.obj
                0x0000000010001da4                watchdog_start_tick
 .text.xosc_init
                0x0000000010001db4       0x28 CMakeFiles/pio_uart_rx.dir/Users/masonwright/pico/pico-sdk/src/rp2_common/hardware_xosc/xosc.c.obj
                0x0000000010001db4                xosc_init
 .text._out_null
                0x0000000010001ddc        0x2 CMakeFiles/pio_uart_rx.dir/Users/masonwright/pico/pico-sdk/src/rp2_common/pico_printf/printf.c.obj
 .text._out_fct
                0x0000000010001dde        0xe CMakeFiles/pio_uart_rx.dir/Users/masonwright/pico/pico-sdk/src/rp2_common/pico_printf/printf.c.obj
 .text._atoi    0x0000000010001dec       0x24 CMakeFiles/pio_uart_rx.dir/Users/masonwright/pico/pico-sdk/src/rp2_common/pico_printf/printf.c.obj
 .text._out_rev
                0x0000000010001e10       0xae CMakeFiles/pio_uart_rx.dir/Users/masonwright/pico/pico-sdk/src/rp2_common/pico_printf/printf.c.obj
 .text._ntoa_format
                0x0000000010001ebe      0x112 CMakeFiles/pio_uart_rx.dir/Users/masonwright/pico/pico-sdk/src/rp2_common/pico_printf/printf.c.obj
 .text._ntoa_long
                0x0000000010001fd0       0xbc CMakeFiles/pio_uart_rx.dir/Users/masonwright/pico/pico-sdk/src/rp2_common/pico_printf/printf.c.obj
 .text._ntoa_long_long
                0x000000001000208c       0xe2 CMakeFiles/pio_uart_rx.dir/Users/masonwright/pico/pico-sdk/src/rp2_common/pico_printf/printf.c.obj
 *fill*         0x000000001000216e        0x2 
 .text._etoa    0x0000000010002170      0x414 CMakeFiles/pio_uart_rx.dir/Users/masonwright/pico/pico-sdk/src/rp2_common/pico_printf/printf.c.obj
 .text._ftoa    0x0000000010002584      0x354 CMakeFiles/pio_uart_rx.dir/Users/masonwright/pico/pico-sdk/src/rp2_common/pico_printf/printf.c.obj
 .text._vsnprintf
                0x00000000100028d8      0x624 CMakeFiles/pio_uart_rx.dir/Users/masonwright/pico/pico-sdk/src/rp2_common/pico_printf/printf.c.obj
 .text.vfctprintf
                0x0000000010002efc       0x20 CMakeFiles/pio_uart_rx.dir/Users/masonwright/pico/pico-sdk/src/rp2_common/pico_printf/printf.c.obj
                0x0000000010002efc                vfctprintf
 .text          0x0000000010002f1c       0x10 CMakeFiles/pio_uart_rx.dir/Users/masonwright/pico/pico-sdk/src/rp2_common/pico_bit_ops/bit_ops_aeabi.S.obj
 .text.rom_func_lookup
                0x0000000010002f2c       0x10 CMakeFiles/pio_uart_rx.dir/Users/masonwright/pico/pico-sdk/src/rp2_common/pico_bootrom/bootrom.c.obj
                0x0000000010002f2c                rom_func_lookup
 .text.rom_data_lookup
                0x0000000010002f3c       0x10 CMakeFiles/pio_uart_rx.dir/Users/masonwright/pico/pico-sdk/src/rp2_common/pico_bootrom/bootrom.c.obj
                0x0000000010002f3c                rom_data_lookup
 .text.rom_funcs_lookup
                0x0000000010002f4c       0x36 CMakeFiles/pio_uart_rx.dir/Users/masonwright/pico/pico-sdk/src/rp2_common/pico_bootrom/bootrom.c.obj
                0x0000000010002f4c                rom_funcs_lookup
 *fill*         0x0000000010002f82        0x2 
 .text.__wrap___aeabi_idiv
                0x0000000010002f84       0x50 CMakeFiles/pio_uart_rx.dir/Users/masonwright/pico/pico-sdk/src/rp2_common/pico_divider/divider.S.obj
                0x0000000010002f84                __wrap___aeabi_idivmod
                0x0000000010002f84                divmod_s32s32
                0x0000000010002f84                div_s32s32
                0x0000000010002f84                __wrap___aeabi_idiv
                0x0000000010002f8c                divmod_s32s32_unsafe
                0x0000000010002fb8                divmod_s32s32_savestate
 .text.__wrap___aeabi_uidiv
                0x0000000010002fd4       0x4c CMakeFiles/pio_uart_rx.dir/Users/masonwright/pico/pico-sdk/src/rp2_common/pico_divider/divider.S.obj
                0x0000000010002fd4                __wrap___aeabi_uidiv
                0x0000000010002fd4                __wrap___aeabi_uidivmod
                0x0000000010002fd4                div_u32u32
                0x0000000010002fd4                divmod_u32u32
                0x0000000010002fdc                divmod_u32u32_unsafe
                0x0000000010003004                divmod_u32u32_savestate
 .text.__wrap___aeabi_ldiv
                0x0000000010003020      0x434 CMakeFiles/pio_uart_rx.dir/Users/masonwright/pico/pico-sdk/src/rp2_common/pico_divider/divider.S.obj
                0x0000000010003020                __wrap___aeabi_ldivmod
                0x0000000010003020                div_s64s64
                0x0000000010003020                divmod_s64s64
                0x0000000010003058                divmod_u64u64
                0x0000000010003058                div_u64u64
                0x0000000010003058                __wrap___aeabi_uldivmod
                0x0000000010003068                divmod_u64u64_savestate
                0x0000000010003090                divmod_s64s64_unsafe
                0x0000000010003118                divmod_u64u64_unsafe
 .text.__wrap___aeabi_darithmetic
                0x0000000010003454       0x80 CMakeFiles/pio_uart_rx.dir/Users/masonwright/pico/pico-sdk/src/rp2_common/pico_double/double_aeabi.S.obj
                0x0000000010003454                __wrap___aeabi_drsub
                0x000000001000345a                __wrap___aeabi_dsub
                0x000000001000346c                __wrap___aeabi_dadd
                0x000000001000347e                __wrap___aeabi_ddiv
                0x00000000100034ba                __wrap___aeabi_dmul
 .text.__wrap___aeabi_cdcmple
                0x00000000100034d4       0x6c CMakeFiles/pio_uart_rx.dir/Users/masonwright/pico/pico-sdk/src/rp2_common/pico_double/double_aeabi.S.obj
                0x00000000100034d4                __wrap___aeabi_cdrcmple
                0x00000000100034e4                __wrap___aeabi_cdcmple
                0x00000000100034e4                __wrap___aeabi_cdcmpeq
 .text.__wrap___aeabi_dcmplt
                0x0000000010003540        0xc CMakeFiles/pio_uart_rx.dir/Users/masonwright/pico/pico-sdk/src/rp2_common/pico_double/double_aeabi.S.obj
                0x0000000010003540                __wrap___aeabi_dcmplt
 .text.__wrap___aeabi_dcmple
                0x000000001000354c       0x10 CMakeFiles/pio_uart_rx.dir/Users/masonwright/pico/pico-sdk/src/rp2_common/pico_double/double_aeabi.S.obj
                0x000000001000354c                __wrap___aeabi_dcmple
 .text.__wrap___aeabi_dcmpge
                0x000000001000355c       0x10 CMakeFiles/pio_uart_rx.dir/Users/masonwright/pico/pico-sdk/src/rp2_common/pico_double/double_aeabi.S.obj
                0x000000001000355c                __wrap___aeabi_dcmpge
 .text.__wrap___aeabi_dcmpgt
                0x000000001000356c        0xa CMakeFiles/pio_uart_rx.dir/Users/masonwright/pico/pico-sdk/src/rp2_common/pico_double/double_aeabi.S.obj
                0x000000001000356c                __wrap___aeabi_dcmpgt
 .text.__wrap___aeabi_dcmpun
                0x0000000010003576       0x1c CMakeFiles/pio_uart_rx.dir/Users/masonwright/pico/pico-sdk/src/rp2_common/pico_double/double_aeabi.S.obj
                0x0000000010003576                __wrap___aeabi_dcmpun
 *fill*         0x0000000010003592        0x2 
 .text.__wrap___aeabi_i2d
                0x0000000010003594       0x38 CMakeFiles/pio_uart_rx.dir/Users/masonwright/pico/pico-sdk/src/rp2_common/pico_double/double_aeabi.S.obj
                0x0000000010003594                __wrap___aeabi_ui2d
                0x000000001000359c                __wrap___aeabi_i2d
 .text.__wrap___aeabi_d2iz
                0x00000000100035cc       0x48 CMakeFiles/pio_uart_rx.dir/Users/masonwright/pico/pico-sdk/src/rp2_common/pico_double/double_aeabi.S.obj
                0x00000000100035cc                __wrap___aeabi_d2iz
                0x00000000100035cc                double2int_z
 .text.__wrap___aeabi_d2uiz
                0x0000000010003614       0x18 CMakeFiles/pio_uart_rx.dir/Users/masonwright/pico/pico-sdk/src/rp2_common/pico_double/double_aeabi.S.obj
                0x0000000010003614                double2uint
                0x0000000010003614                __wrap___aeabi_d2uiz
 .text.__aeabi_double_init
                0x000000001000362c       0xc8 CMakeFiles/pio_uart_rx.dir/Users/masonwright/pico/pico-sdk/src/rp2_common/pico_double/double_init_rom.c.obj
                0x000000001000362c                __aeabi_double_init
 .text.double_table_shim_on_use_helper
                0x00000000100036f4       0x34 CMakeFiles/pio_uart_rx.dir/Users/masonwright/pico/pico-sdk/src/rp2_common/pico_double/double_v1_rom_shim.S.obj
                0x00000000100036f4                double_table_shim_on_use_helper
 .text.__wrap___aeabi_dsub
                0x0000000010003728       0x10 CMakeFiles/pio_uart_rx.dir/Users/masonwright/pico/pico-sdk/src/rp2_common/pico_double/double_v1_rom_shim.S.obj
                0x0000000010003728                drsub_shim
                0x000000001000372e                dsub_shim
 .text.dadd_shim
                0x0000000010003738      0x15c CMakeFiles/pio_uart_rx.dir/Users/masonwright/pico/pico-sdk/src/rp2_common/pico_double/double_v1_rom_shim.S.obj
                0x0000000010003738                dadd_shim
 .text.dmul_shim
                0x0000000010003894      0x15c CMakeFiles/pio_uart_rx.dir/Users/masonwright/pico/pico-sdk/src/rp2_common/pico_double/double_v1_rom_shim.S.obj
                0x0000000010003894                dmul_shim
 .text.ddiv_shim
                0x00000000100039f0      0x1b0 CMakeFiles/pio_uart_rx.dir/Users/masonwright/pico/pico-sdk/src/rp2_common/pico_double/double_v1_rom_shim.S.obj
                0x00000000100039f0                ddiv_shim
 .text.double2uint_shim
                0x0000000010003ba0        0xe CMakeFiles/pio_uart_rx.dir/Users/masonwright/pico/pico-sdk/src/rp2_common/pico_double/double_v1_rom_shim.S.obj
                0x0000000010003ba0                double2uint_shim
                0x0000000010003ba2                double2ufix_shim
 *fill*         0x0000000010003bae        0x2 
 .text.double2uint64_shim
                0x0000000010003bb0       0x70 CMakeFiles/pio_uart_rx.dir/Users/masonwright/pico/pico-sdk/src/rp2_common/pico_double/double_v1_rom_shim.S.obj
                0x0000000010003bb0                double2uint64_shim
                0x0000000010003bb2                double2ufix64_shim
                0x0000000010003bd2                d2fix_a
 .text.dunpacks
                0x0000000010003c20       0x3c CMakeFiles/pio_uart_rx.dir/Users/masonwright/pico/pico-sdk/src/rp2_common/pico_double/double_v1_rom_shim.S.obj
                0x0000000010003c20                dunpacks
 .text.__wrap___aeabi_farithmetic
                0x0000000010003c5c       0x58 CMakeFiles/pio_uart_rx.dir/Users/masonwright/pico/pico-sdk/src/rp2_common/pico_float/float_aeabi.S.obj
                0x0000000010003c5c                __wrap___aeabi_frsub
                0x0000000010003c62                __wrap___aeabi_fsub
                0x0000000010003c6c                __wrap___aeabi_fadd
                0x0000000010003c76                __wrap___aeabi_fdiv
                0x0000000010003ca2                __wrap___aeabi_fmul
 .text.__wrap___aeabi_ui2f
                0x0000000010003cb4        0xa CMakeFiles/pio_uart_rx.dir/Users/masonwright/pico/pico-sdk/src/rp2_common/pico_float/float_aeabi.S.obj
                0x0000000010003cb4                __wrap___aeabi_ui2f
 *fill*         0x0000000010003cbe        0x2 
 .text.__wrap___aeabi_i2f
                0x0000000010003cc0       0x44 CMakeFiles/pio_uart_rx.dir/Users/masonwright/pico/pico-sdk/src/rp2_common/pico_float/float_aeabi.S.obj
                0x0000000010003cc0                __wrap___aeabi_i2f
 .text.__wrap___aeabi_f2uiz
                0x0000000010003d04       0x10 CMakeFiles/pio_uart_rx.dir/Users/masonwright/pico/pico-sdk/src/rp2_common/pico_float/float_aeabi.S.obj
                0x0000000010003d04                __wrap___aeabi_f2uiz
 .text.__aeabi_float_init
                0x0000000010003d14       0xfc CMakeFiles/pio_uart_rx.dir/Users/masonwright/pico/pico-sdk/src/rp2_common/pico_float/float_init_rom.c.obj
                0x0000000010003d14                __aeabi_float_init
 .text.float_table_shim_on_use_helper
                0x0000000010003e10       0x34 CMakeFiles/pio_uart_rx.dir/Users/masonwright/pico/pico-sdk/src/rp2_common/pico_float/float_v1_rom_shim.S.obj
                0x0000000010003e10                float_table_shim_on_use_helper
 .text          0x0000000010003e44       0x10 CMakeFiles/pio_uart_rx.dir/Users/masonwright/pico/pico-sdk/src/rp2_common/pico_mem_ops/mem_ops_aeabi.S.obj
                0x0000000010003e44                __aeabi_mem_init
 .text.memset   0x0000000010003e54        0xc CMakeFiles/pio_uart_rx.dir/Users/masonwright/pico/pico-sdk/src/rp2_common/pico_mem_ops/mem_ops_aeabi.S.obj
                0x0000000010003e54                __wrap_memset
 .text.memcpy   0x0000000010003e60        0xc CMakeFiles/pio_uart_rx.dir/Users/masonwright/pico/pico-sdk/src/rp2_common/pico_mem_ops/mem_ops_aeabi.S.obj
                0x0000000010003e60                __wrap___aeabi_memcpy
                0x0000000010003e60                __wrap_memcpy
 .text.stdio_out_chars_no_crlf
                0x0000000010003e6c        0xe CMakeFiles/pio_uart_rx.dir/Users/masonwright/pico/pico-sdk/src/rp2_common/pico_stdio/stdio.c.obj
 *fill*         0x0000000010003e7a        0x2 
 .text.stdio_out_chars_crlf
                0x0000000010003e7c       0x80 CMakeFiles/pio_uart_rx.dir/Users/masonwright/pico/pico-sdk/src/rp2_common/pico_stdio/stdio.c.obj
 .text.stdio_stack_buffer_flush
                0x0000000010003efc       0x44 CMakeFiles/pio_uart_rx.dir/Users/masonwright/pico/pico-sdk/src/rp2_common/pico_stdio/stdio.c.obj
 .text.stdio_buffered_printer
                0x0000000010003f40       0x20 CMakeFiles/pio_uart_rx.dir/Users/masonwright/pico/pico-sdk/src/rp2_common/pico_stdio/stdio.c.obj
 .text.stdout_serialize_begin
                0x0000000010003f60       0x30 CMakeFiles/pio_uart_rx.dir/Users/masonwright/pico/pico-sdk/src/rp2_common/pico_stdio/stdio.c.obj
                0x0000000010003f60                stdout_serialize_begin
 .text.stdout_serialize_end
                0x0000000010003f90       0x10 CMakeFiles/pio_uart_rx.dir/Users/masonwright/pico/pico-sdk/src/rp2_common/pico_stdio/stdio.c.obj
                0x0000000010003f90                stdout_serialize_end
 .text.stdio_put_string
                0x0000000010003fa0       0x98 CMakeFiles/pio_uart_rx.dir/Users/masonwright/pico/pico-sdk/src/rp2_common/pico_stdio/stdio.c.obj
 .text.__wrap_putchar
                0x0000000010004038       0x1c CMakeFiles/pio_uart_rx.dir/Users/masonwright/pico/pico-sdk/src/rp2_common/pico_stdio/stdio.c.obj
                0x0000000010004038                __wrap_putchar
 .text.stdio_set_driver_enabled
                0x0000000010004054       0x2c CMakeFiles/pio_uart_rx.dir/Users/masonwright/pico/pico-sdk/src/rp2_common/pico_stdio/stdio.c.obj
                0x0000000010004054                stdio_set_driver_enabled
 .text.stdio_flush
                0x0000000010004080       0x20 CMakeFiles/pio_uart_rx.dir/Users/masonwright/pico/pico-sdk/src/rp2_common/pico_stdio/stdio.c.obj
                0x0000000010004080                stdio_flush
 .text.__wrap_puts
                0x00000000100040a0       0x1e CMakeFiles/pio_uart_rx.dir/Users/masonwright/pico/pico-sdk/src/rp2_common/pico_stdio/stdio.c.obj
                0x00000000100040a0                __wrap_puts
 *fill*         0x00000000100040be        0x2 
 .text.__wrap_vprintf
                0x00000000100040c0       0x44 CMakeFiles/pio_uart_rx.dir/Users/masonwright/pico/pico-sdk/src/rp2_common/pico_stdio/stdio.c.obj
                0x00000000100040c0                __wrap_vprintf
 .text.__wrap_printf
                0x0000000010004104       0x18 CMakeFiles/pio_uart_rx.dir/Users/masonwright/pico/pico-sdk/src/rp2_common/pico_stdio/stdio.c.obj
                0x0000000010004104                __wrap_printf
 .text.stdio_uart_out_chars
                0x000000001000411c       0x74 CMakeFiles/pio_uart_rx.dir/Users/masonwright/pico/pico-sdk/src/rp2_common/pico_stdio_uart/stdio_uart.c.obj
 .text.stdio_uart_in_chars
                0x0000000010004190       0x58 CMakeFiles/pio_uart_rx.dir/Users/masonwright/pico/pico-sdk/src/rp2_common/pico_stdio_uart/stdio_uart.c.obj
                0x0000000010004190                stdio_uart_in_chars
 .text.stdio_uart_init_full
                0x00000000100041e8       0x3c CMakeFiles/pio_uart_rx.dir/Users/masonwright/pico/pico-sdk/src/rp2_common/pico_stdio_uart/stdio_uart.c.obj
                0x00000000100041e8                stdio_uart_init_full
 .text.stdio_uart_init
                0x0000000010004224       0x28 CMakeFiles/pio_uart_rx.dir/Users/masonwright/pico/pico-sdk/src/rp2_common/pico_stdio_uart/stdio_uart.c.obj
                0x0000000010004224                stdio_uart_init
 .text.core1_trampoline
                0x000000001000424c        0x2 CMakeFiles/pio_uart_rx.dir/Users/masonwright/pico/pico-sdk/src/rp2_common/pico_multicore/multicore.c.obj
 .text.core1_wrapper
                0x000000001000424e        0xc CMakeFiles/pio_uart_rx.dir/Users/masonwright/pico/pico-sdk/src/rp2_common/pico_multicore/multicore.c.obj
                0x000000001000424e                core1_wrapper
 .text.multicore_fifo_push_blocking
                0x000000001000425a       0x14 CMakeFiles/pio_uart_rx.dir/Users/masonwright/pico/pico-sdk/src/rp2_common/pico_multicore/multicore.c.obj
                0x000000001000425a                multicore_fifo_push_blocking
 .text.multicore_fifo_pop_blocking
                0x000000001000426e       0x16 CMakeFiles/pio_uart_rx.dir/Users/masonwright/pico/pico-sdk/src/rp2_common/pico_multicore/multicore.c.obj
                0x000000001000426e                multicore_fifo_pop_blocking
 .text.multicore_launch_core1_raw
                0x0000000010004284       0x6e CMakeFiles/pio_uart_rx.dir/Users/masonwright/pico/pico-sdk/src/rp2_common/pico_multicore/multicore.c.obj
                0x0000000010004284                multicore_launch_core1_raw
 *fill*         0x00000000100042f2        0x2 
 .text.multicore_launch_core1_with_stack
                0x00000000100042f4       0x50 CMakeFiles/pio_uart_rx.dir/Users/masonwright/pico/pico-sdk/src/rp2_common/pico_multicore/multicore.c.obj
                0x00000000100042f4                multicore_launch_core1_with_stack
 .text.multicore_launch_core1
                0x0000000010004344       0x24 CMakeFiles/pio_uart_rx.dir/Users/masonwright/pico/pico-sdk/src/rp2_common/pico_multicore/multicore.c.obj
                0x0000000010004344                multicore_launch_core1
 .text._pio_can_add_program_at_offset
                0x0000000010004368       0x3c CMakeFiles/pio_uart_rx.dir/Users/masonwright/pico/pico-sdk/src/rp2_common/hardware_pio/pio.c.obj
 .text._pio_find_offset_for_program
                0x00000000100043a4       0x7c CMakeFiles/pio_uart_rx.dir/Users/masonwright/pico/pico-sdk/src/rp2_common/hardware_pio/pio.c.obj
 .text._pio_add_program_at_offset
                0x0000000010004420       0x78 CMakeFiles/pio_uart_rx.dir/Users/masonwright/pico/pico-sdk/src/rp2_common/hardware_pio/pio.c.obj
 .text.pio_add_program
                0x0000000010004498       0x38 CMakeFiles/pio_uart_rx.dir/Users/masonwright/pico/pico-sdk/src/rp2_common/hardware_pio/pio.c.obj
                0x0000000010004498                pio_add_program
 .text.pio_sm_set_consecutive_pindirs
                0x00000000100044d0       0x70 CMakeFiles/pio_uart_rx.dir/Users/masonwright/pico/pico-sdk/src/rp2_common/hardware_pio/pio.c.obj
                0x00000000100044d0                pio_sm_set_consecutive_pindirs
 .text.pio_sm_init
                0x0000000010004540       0xe4 CMakeFiles/pio_uart_rx.dir/Users/masonwright/pico/pico-sdk/src/rp2_common/hardware_pio/pio.c.obj
                0x0000000010004540                pio_sm_init
 .text.strlen   0x0000000010004624       0x5c /usr/local/Cellar/arm-none-eabi-gcc/10.3-2021.07/gcc/bin/../lib/gcc/arm-none-eabi/10.3.1/../../../../arm-none-eabi/lib/thumb/v6-m/nofp/libg.a(lib_a-strlen-stub.o)
                0x0000000010004624                strlen
 *(.fini)
 .fini          0x0000000010004680        0x4 /usr/local/Cellar/arm-none-eabi-gcc/10.3-2021.07/gcc/bin/../lib/gcc/arm-none-eabi/10.3.1/thumb/v6-m/nofp/crti.o
                0x0000000010004680                _fini
 *fill*         0x0000000010004684        0x4 
 .fini.__stub   0x0000000010004688       0x50 linker stubs
 *crtbegin.o(.ctors)
 *crtbegin?.o(.ctors)
 *(EXCLUDE_FILE(*crtend.o *crtend?.o) .ctors)
 *(SORT_BY_NAME(.ctors.*))
 *(.ctors)
 *crtbegin.o(.dtors)
 *crtbegin?.o(.dtors)
 *(EXCLUDE_FILE(*crtend.o *crtend?.o) .dtors)
 *(SORT_BY_NAME(.dtors.*))
 *(.dtors)
 *(.eh_frame*)
 .eh_frame      0x00000000100046d8        0x0 /usr/local/Cellar/arm-none-eabi-gcc/10.3-2021.07/gcc/bin/../lib/gcc/arm-none-eabi/10.3.1/thumb/v6-m/nofp/crtbegin.o
                0x00000000100046d8                . = ALIGN (0x4)

.glue_7         0x00000000100046d8        0x0
 .glue_7        0x00000000100046d8        0x0 linker stubs

.glue_7t        0x00000000100046d8        0x0
 .glue_7t       0x00000000100046d8        0x0 linker stubs

.vfp11_veneer   0x00000000100046d8        0x0
 .vfp11_veneer  0x00000000100046d8        0x0 linker stubs

.v4_bx          0x00000000100046d8        0x0
 .v4_bx         0x00000000100046d8        0x0 linker stubs

.iplt           0x00000000100046d8        0x0
 .iplt          0x00000000100046d8        0x0 /usr/local/Cellar/arm-none-eabi-gcc/10.3-2021.07/gcc/bin/../lib/gcc/arm-none-eabi/10.3.1/thumb/v6-m/nofp/crtbegin.o

.rodata         0x00000000100046d8     0x1050
 *(EXCLUDE_FILE(*libm.a: *libc.a:*lib_a-mem*.o *libgcc.a:) .rodata*)
 .rodata.main.str1.4
                0x00000000100046d8       0x68 CMakeFiles/pio_uart_rx.dir/uart_rx.c.obj
 .rodata.uart_rx_program
                0x0000000010004740        0x6 CMakeFiles/pio_uart_rx.dir/uart_rx.c.obj
 *fill*         0x0000000010004746        0x2 
 .rodata.uart_rx_program_instructions
                0x0000000010004748       0x12 CMakeFiles/pio_uart_rx.dir/uart_rx.c.obj
 *fill*         0x000000001000475a        0x2 
 .rodata.make_branch.str1.4
                0x000000001000475c       0x73 CMakeFiles/pio_uart_rx.dir/Users/masonwright/pico/pico-sdk/src/rp2_common/hardware_irq/irq.c.obj
 *fill*         0x00000000100047cf        0x1 
 .rodata.insert_branch_and_link.str1.4
                0x00000000100047d0       0x10 CMakeFiles/pio_uart_rx.dir/Users/masonwright/pico/pico-sdk/src/rp2_common/hardware_irq/irq.c.obj
 .rodata.irq_set_exclusive_handler.str1.4
                0x00000000100047e0       0x36 CMakeFiles/pio_uart_rx.dir/Users/masonwright/pico/pico-sdk/src/rp2_common/hardware_irq/irq.c.obj
 *fill*         0x0000000010004816        0x2 
 .rodata.irq_add_shared_handler.str1.4
                0x0000000010004818       0xd9 CMakeFiles/pio_uart_rx.dir/Users/masonwright/pico/pico-sdk/src/rp2_common/hardware_irq/irq.c.obj
 *fill*         0x00000000100048f1        0x3 
 .rodata.irq_remove_handler.str1.4
                0x00000000100048f4       0x2a CMakeFiles/pio_uart_rx.dir/Users/masonwright/pico/pico-sdk/src/rp2_common/hardware_irq/irq.c.obj
 *fill*         0x000000001000491e        0x2 
 .rodata.irq_add_tail_to_free_list.str1.4
                0x0000000010004920       0x3a CMakeFiles/pio_uart_rx.dir/Users/masonwright/pico/pico-sdk/src/rp2_common/hardware_irq/irq.c.obj
 *fill*         0x000000001000495a        0x2 
 .rodata.__func__.0
                0x000000001000495c       0x1a CMakeFiles/pio_uart_rx.dir/Users/masonwright/pico/pico-sdk/src/rp2_common/hardware_irq/irq.c.obj
 *fill*         0x0000000010004976        0x2 
 .rodata.__func__.1
                0x0000000010004978       0x17 CMakeFiles/pio_uart_rx.dir/Users/masonwright/pico/pico-sdk/src/rp2_common/hardware_irq/irq.c.obj
 *fill*         0x000000001000498f        0x1 
 .rodata.__func__.2
                0x0000000010004990       0x13 CMakeFiles/pio_uart_rx.dir/Users/masonwright/pico/pico-sdk/src/rp2_common/hardware_irq/irq.c.obj
 *fill*         0x00000000100049a3        0x1 
 .rodata.__func__.3
                0x00000000100049a4        0xc CMakeFiles/pio_uart_rx.dir/Users/masonwright/pico/pico-sdk/src/rp2_common/hardware_irq/irq.c.obj
 .rodata.__func__.4
                0x00000000100049b0        0xf CMakeFiles/pio_uart_rx.dir/Users/masonwright/pico/pico-sdk/src/rp2_common/hardware_irq/irq.c.obj
 *fill*         0x00000000100049bf        0x1 
 .rodata.__func__.6
                0x00000000100049c0       0x1a CMakeFiles/pio_uart_rx.dir/Users/masonwright/pico/pico-sdk/src/rp2_common/hardware_irq/irq.c.obj
 *fill*         0x00000000100049da        0x2 
 .rodata.repeating_timer_callback.str1.4
                0x00000000100049dc       0x51 CMakeFiles/pio_uart_rx.dir/Users/masonwright/pico/pico-sdk/src/common/pico_time/time.c.obj
 *fill*         0x0000000010004a2d        0x3 
 .rodata.alarm_pool_dump_key.str1.4
                0x0000000010004a30       0x33 CMakeFiles/pio_uart_rx.dir/Users/masonwright/pico/pico-sdk/src/common/pico_time/time.c.obj
 *fill*         0x0000000010004a63        0x1 
 .rodata.ph_add_child_node.str1.4
                0x0000000010004a64       0x9a CMakeFiles/pio_uart_rx.dir/Users/masonwright/pico/pico-sdk/src/common/pico_time/time.c.obj
 *fill*         0x0000000010004afe        0x2 
 .rodata.add_alarm_under_lock.str1.4
                0x0000000010004b00       0x28 CMakeFiles/pio_uart_rx.dir/Users/masonwright/pico/pico-sdk/src/common/pico_time/time.c.obj
                                         0x2b (size before relaxing)
 .rodata.alarm_pool_alarm_callback.str1.4
                0x0000000010004b28       0xea CMakeFiles/pio_uart_rx.dir/Users/masonwright/pico/pico-sdk/src/common/pico_time/time.c.obj
 *fill*         0x0000000010004c12        0x2 
 .rodata.__func__.10
                0x0000000010004c14       0x15 CMakeFiles/pio_uart_rx.dir/Users/masonwright/pico/pico-sdk/src/common/pico_time/time.c.obj
 *fill*         0x0000000010004c29        0x3 
 .rodata.__func__.11
                0x0000000010004c2c       0x1a CMakeFiles/pio_uart_rx.dir/Users/masonwright/pico/pico-sdk/src/common/pico_time/time.c.obj
 *fill*         0x0000000010004c46        0x2 
 .rodata.__func__.12
                0x0000000010004c48        0xa CMakeFiles/pio_uart_rx.dir/Users/masonwright/pico/pico-sdk/src/common/pico_time/time.c.obj
 *fill*         0x0000000010004c52        0x2 
 .rodata.__func__.4
                0x0000000010004c54       0x12 CMakeFiles/pio_uart_rx.dir/Users/masonwright/pico/pico-sdk/src/common/pico_time/time.c.obj
 *fill*         0x0000000010004c66        0x2 
 .rodata.__func__.5
                0x0000000010004c68        0xd CMakeFiles/pio_uart_rx.dir/Users/masonwright/pico/pico-sdk/src/common/pico_time/time.c.obj
 *fill*         0x0000000010004c75        0x3 
 .rodata.__func__.6
                0x0000000010004c78       0x12 CMakeFiles/pio_uart_rx.dir/Users/masonwright/pico/pico-sdk/src/common/pico_time/time.c.obj
 *fill*         0x0000000010004c8a        0x2 
 .rodata.__func__.7
                0x0000000010004c8c        0xf CMakeFiles/pio_uart_rx.dir/Users/masonwright/pico/pico-sdk/src/common/pico_time/time.c.obj
 *fill*         0x0000000010004c9b        0x1 
 .rodata.__func__.8
                0x0000000010004c9c        0xc CMakeFiles/pio_uart_rx.dir/Users/masonwright/pico/pico-sdk/src/common/pico_time/time.c.obj
 .rodata.__func__.9
                0x0000000010004ca8       0x15 CMakeFiles/pio_uart_rx.dir/Users/masonwright/pico/pico-sdk/src/common/pico_time/time.c.obj
 *fill*         0x0000000010004cbd        0x3 
 .rodata.hardware_alarm_claim.str1.4
                0x0000000010004cc0       0x22 CMakeFiles/pio_uart_rx.dir/Users/masonwright/pico/pico-sdk/src/rp2_common/hardware_timer/timer.c.obj
 *fill*         0x0000000010004ce2        0x2 
 .rodata.hardware_alarm_set_target.str1.4
                0x0000000010004ce4       0x6b CMakeFiles/pio_uart_rx.dir/Users/masonwright/pico/pico-sdk/src/rp2_common/hardware_timer/timer.c.obj
 *fill*         0x0000000010004d4f        0x1 
 .rodata.__func__.0
                0x0000000010004d50       0x1a CMakeFiles/pio_uart_rx.dir/Users/masonwright/pico/pico-sdk/src/rp2_common/hardware_timer/timer.c.obj
 .rodata.ph_add_child_node.str1.4
                0x0000000010004d6a       0x9a CMakeFiles/pio_uart_rx.dir/Users/masonwright/pico/pico-sdk/src/common/pico_util/pheap.c.obj
 *fill*         0x0000000010004d6a        0x2 
 .rodata.ph_remove_any_head.str1.4
                0x0000000010004d6c       0x94 CMakeFiles/pio_uart_rx.dir/Users/masonwright/pico/pico-sdk/src/common/pico_util/pheap.c.obj
 .rodata.ph_remove_and_free_node.str1.4
                0x0000000010004e00       0x1e CMakeFiles/pio_uart_rx.dir/Users/masonwright/pico/pico-sdk/src/common/pico_util/pheap.c.obj
                                         0x26 (size before relaxing)
 *fill*         0x0000000010004e1e        0x2 
 .rodata.__func__.0
                0x0000000010004e20       0x18 CMakeFiles/pio_uart_rx.dir/Users/masonwright/pico/pico-sdk/src/common/pico_util/pheap.c.obj
 .rodata.__func__.1
                0x0000000010004e38       0x13 CMakeFiles/pio_uart_rx.dir/Users/masonwright/pico/pico-sdk/src/common/pico_util/pheap.c.obj
 *fill*         0x0000000010004e4b        0x1 
 .rodata.__func__.2
                0x0000000010004e4c       0x12 CMakeFiles/pio_uart_rx.dir/Users/masonwright/pico/pico-sdk/src/common/pico_util/pheap.c.obj
 *fill*         0x0000000010004e5e        0x2 
 .rodata.__func__.3
                0x0000000010004e60        0xc CMakeFiles/pio_uart_rx.dir/Users/masonwright/pico/pico-sdk/src/common/pico_util/pheap.c.obj
 .rodata.str1.4
                0x0000000010004e6c       0x91 CMakeFiles/pio_uart_rx.dir/Users/masonwright/pico/pico-sdk/src/common/pico_sync/mutex.c.obj
                                         0xf9 (size before relaxing)
 *fill*         0x0000000010004efd        0x3 
 .rodata.__func__.1
                0x0000000010004f00        0xb CMakeFiles/pio_uart_rx.dir/Users/masonwright/pico/pico-sdk/src/common/pico_sync/mutex.c.obj
 *fill*         0x0000000010004f0b        0x1 
 .rodata.__assert_func.str1.4
                0x0000000010004f0c       0x3f CMakeFiles/pio_uart_rx.dir/Users/masonwright/pico/pico-sdk/src/rp2_common/pico_runtime/runtime.c.obj
                                         0x43 (size before relaxing)
 *fill*         0x0000000010004f4b        0x1 
 .rodata.runtime_init.str1.4
                0x0000000010004f4c       0x67 CMakeFiles/pio_uart_rx.dir/Users/masonwright/pico/pico-sdk/src/rp2_common/pico_runtime/runtime.c.obj
 *fill*         0x0000000010004fb3        0x1 
 .rodata.panic.str1.4
                0x0000000010004fb4       0x12 CMakeFiles/pio_uart_rx.dir/Users/masonwright/pico/pico-sdk/src/rp2_common/pico_runtime/runtime.c.obj
 *fill*         0x0000000010004fc6        0x2 
 .rodata.__func__.1
                0x0000000010004fc8        0xd CMakeFiles/pio_uart_rx.dir/Users/masonwright/pico/pico-sdk/src/rp2_common/pico_runtime/runtime.c.obj
 *fill*         0x0000000010004fd5        0x3 
 .rodata.clock_configure.str1.4
                0x0000000010004fd8       0x5d CMakeFiles/pio_uart_rx.dir/Users/masonwright/pico/pico-sdk/src/rp2_common/hardware_clocks/clocks.c.obj
 *fill*         0x0000000010005035        0x3 
 .rodata.__func__.1
                0x0000000010005038       0x10 CMakeFiles/pio_uart_rx.dir/Users/masonwright/pico/pico-sdk/src/rp2_common/hardware_clocks/clocks.c.obj
 .rodata.pll_init.str1.4
                0x0000000010005048      0x13f CMakeFiles/pio_uart_rx.dir/Users/masonwright/pico/pico-sdk/src/rp2_common/hardware_pll/pll.c.obj
 *fill*         0x0000000010005187        0x1 
 .rodata.__func__.0
                0x0000000010005188        0x9 CMakeFiles/pio_uart_rx.dir/Users/masonwright/pico/pico-sdk/src/rp2_common/hardware_pll/pll.c.obj
 *fill*         0x0000000010005191        0x3 
 .rodata._ftoa.str1.4
                0x0000000010005194       0x15 CMakeFiles/pio_uart_rx.dir/Users/masonwright/pico/pico-sdk/src/rp2_common/pico_printf/printf.c.obj
 *fill*         0x00000000100051a9        0x3 
 .rodata._vsnprintf
                0x00000000100051ac      0x1e0 CMakeFiles/pio_uart_rx.dir/Users/masonwright/pico/pico-sdk/src/rp2_common/pico_printf/printf.c.obj
 *fill*         0x000000001000538c        0x4 
 .rodata.pow10.0
                0x0000000010005390       0x50 CMakeFiles/pio_uart_rx.dir/Users/masonwright/pico/pico-sdk/src/rp2_common/pico_printf/printf.c.obj
 .rodata.__aeabi_double_init.str1.4
                0x00000000100053e0       0xae CMakeFiles/pio_uart_rx.dir/Users/masonwright/pico/pico-sdk/src/rp2_common/pico_double/double_init_rom.c.obj
 *fill*         0x000000001000548e        0x2 
 .rodata.__func__.0
                0x0000000010005490       0x14 CMakeFiles/pio_uart_rx.dir/Users/masonwright/pico/pico-sdk/src/rp2_common/pico_double/double_init_rom.c.obj
 .rodata.__aeabi_float_init.str1.4
                0x00000000100054a4       0x80 CMakeFiles/pio_uart_rx.dir/Users/masonwright/pico/pico-sdk/src/rp2_common/pico_float/float_init_rom.c.obj
                                         0x84 (size before relaxing)
 .rodata.__func__.0
                0x0000000010005524       0x13 CMakeFiles/pio_uart_rx.dir/Users/masonwright/pico/pico-sdk/src/rp2_common/pico_float/float_init_rom.c.obj
 *fill*         0x0000000010005537        0x1 
 .rodata.str1.4
                0x0000000010005538       0x40 CMakeFiles/pio_uart_rx.dir/Users/masonwright/pico/pico-sdk/src/rp2_common/pico_standard_link/binary_info.c.obj
 .rodata.__bi_44
                0x0000000010005578        0xc CMakeFiles/pio_uart_rx.dir/Users/masonwright/pico/pico-sdk/src/rp2_common/pico_standard_link/binary_info.c.obj
 .rodata.__bi_75
                0x0000000010005584        0xc CMakeFiles/pio_uart_rx.dir/Users/masonwright/pico/pico-sdk/src/rp2_common/pico_standard_link/binary_info.c.obj
 .rodata.__bi_81
                0x0000000010005590        0xc CMakeFiles/pio_uart_rx.dir/Users/masonwright/pico/pico-sdk/src/rp2_common/pico_standard_link/binary_info.c.obj
 .rodata.crlf_str.3
                0x000000001000559c        0x2 CMakeFiles/pio_uart_rx.dir/Users/masonwright/pico/pico-sdk/src/rp2_common/pico_stdio/stdio.c.obj
 *fill*         0x000000001000559e        0x2 
 .rodata.str1.4
                0x00000000100055a0       0x2c CMakeFiles/pio_uart_rx.dir/Users/masonwright/pico/pico-sdk/src/rp2_common/pico_stdio_uart/stdio_uart.c.obj
 .rodata.__bi_28.4
                0x00000000100055cc        0xc CMakeFiles/pio_uart_rx.dir/Users/masonwright/pico/pico-sdk/src/rp2_common/pico_stdio_uart/stdio_uart.c.obj
 .rodata.__bi_29.5
                0x00000000100055d8        0x8 CMakeFiles/pio_uart_rx.dir/Users/masonwright/pico/pico-sdk/src/rp2_common/pico_stdio_uart/stdio_uart.c.obj
 .rodata.multicore_lockout_start_block_until.str1.4
                0x00000000100055e0       0x63 CMakeFiles/pio_uart_rx.dir/Users/masonwright/pico/pico-sdk/src/rp2_common/pico_multicore/multicore.c.obj
 *fill*         0x0000000010005643        0x1 
 .rodata.multicore_launch_core1_with_stack.str1.4
                0x0000000010005644       0x19 CMakeFiles/pio_uart_rx.dir/Users/masonwright/pico/pico-sdk/src/rp2_common/pico_multicore/multicore.c.obj
 *fill*         0x000000001000565d        0x3 
 .rodata.__func__.2
                0x0000000010005660       0x22 CMakeFiles/pio_uart_rx.dir/Users/masonwright/pico/pico-sdk/src/rp2_common/pico_multicore/multicore.c.obj
 *fill*         0x0000000010005682        0x2 
 .rodata._pio_find_offset_for_program.str1.4
                0x0000000010005684       0x6f CMakeFiles/pio_uart_rx.dir/Users/masonwright/pico/pico-sdk/src/rp2_common/hardware_pio/pio.c.obj
 *fill*         0x00000000100056f3        0x1 
 .rodata._pio_add_program_at_offset.str1.4
                0x00000000100056f4       0x11 CMakeFiles/pio_uart_rx.dir/Users/masonwright/pico/pico-sdk/src/rp2_common/hardware_pio/pio.c.obj
 *fill*         0x0000000010005705        0x3 
 .rodata.__func__.1
                0x0000000010005708       0x1d CMakeFiles/pio_uart_rx.dir/Users/masonwright/pico/pico-sdk/src/rp2_common/hardware_pio/pio.c.obj
                0x0000000010005728                . = ALIGN (0x4)
 *fill*         0x0000000010005725        0x3 
 *(SORT_BY_ALIGNMENT(SORT_BY_NAME(.flashdata*)))
                0x0000000010005728                . = ALIGN (0x4)

.rel.dyn        0x0000000010005728        0x0
 .rel.iplt      0x0000000010005728        0x0 /usr/local/Cellar/arm-none-eabi-gcc/10.3-2021.07/gcc/bin/../lib/gcc/arm-none-eabi/10.3.1/thumb/v6-m/nofp/crtbegin.o

.ARM.extab
 *(.ARM.extab* .gnu.linkonce.armextab.*)
                0x0000000010005728                __exidx_start = .

.ARM.exidx
 *(.ARM.exidx* .gnu.linkonce.armexidx.*)
                0x0000000010005728                __exidx_end = .
                0x0000000010005728                . = ALIGN (0x4)
                0x0000000010005728                __binary_info_start = .

.binary_info    0x0000000010005728       0x24
 *(.binary_info.keep.*)
 .binary_info.keep.__bi_ptr22
                0x0000000010005728        0x4 CMakeFiles/pio_uart_rx.dir/Users/masonwright/pico/pico-sdk/src/rp2_common/pico_standard_link/binary_info.c.obj
 .binary_info.keep.__bi_ptr30
                0x000000001000572c        0x4 CMakeFiles/pio_uart_rx.dir/Users/masonwright/pico/pico-sdk/src/rp2_common/pico_standard_link/binary_info.c.obj
 .binary_info.keep.__bi_ptr38
                0x0000000010005730        0x4 CMakeFiles/pio_uart_rx.dir/Users/masonwright/pico/pico-sdk/src/rp2_common/pico_standard_link/binary_info.c.obj
 .binary_info.keep.__bi_ptr44
                0x0000000010005734        0x4 CMakeFiles/pio_uart_rx.dir/Users/masonwright/pico/pico-sdk/src/rp2_common/pico_standard_link/binary_info.c.obj
 .binary_info.keep.__bi_ptr50
                0x0000000010005738        0x4 CMakeFiles/pio_uart_rx.dir/Users/masonwright/pico/pico-sdk/src/rp2_common/pico_standard_link/binary_info.c.obj
 .binary_info.keep.__bi_ptr75
                0x000000001000573c        0x4 CMakeFiles/pio_uart_rx.dir/Users/masonwright/pico/pico-sdk/src/rp2_common/pico_standard_link/binary_info.c.obj
 .binary_info.keep.__bi_ptr81
                0x0000000010005740        0x4 CMakeFiles/pio_uart_rx.dir/Users/masonwright/pico/pico-sdk/src/rp2_common/pico_standard_link/binary_info.c.obj
 *(.binary_info.*)
 .binary_info.__bi_ptr28
                0x0000000010005744        0x4 CMakeFiles/pio_uart_rx.dir/Users/masonwright/pico/pico-sdk/src/rp2_common/pico_stdio_uart/stdio_uart.c.obj
 .binary_info.__bi_ptr29
                0x0000000010005748        0x4 CMakeFiles/pio_uart_rx.dir/Users/masonwright/pico/pico-sdk/src/rp2_common/pico_stdio_uart/stdio_uart.c.obj
                0x000000001000574c                __binary_info_end = .
                0x000000001000574c                . = ALIGN (0x4)
                0x000000001000574c                __etext = .

.ram_vector_table
                0x0000000020000000       0xc0
 *(.ram_vector_table)
 .ram_vector_table
                0x0000000020000000       0xc0 CMakeFiles/pio_uart_rx.dir/Users/masonwright/pico/pico-sdk/src/rp2_common/pico_runtime/runtime.c.obj
                0x0000000020000000                ram_vector_table

.data           0x00000000200000c0      0x1c8 load address 0x000000001000574c
                0x00000000200000c0                __data_start__ = .
 *(vtable)
 *(.time_critical*)
 .time_critical.mutex_enter_blocking
                0x00000000200000c0       0x48 CMakeFiles/pio_uart_rx.dir/Users/masonwright/pico/pico-sdk/src/common/pico_sync/mutex.c.obj
                0x00000000200000c0                mutex_enter_blocking
 .time_critical.mutex_try_enter
                0x0000000020000108       0x46 CMakeFiles/pio_uart_rx.dir/Users/masonwright/pico/pico-sdk/src/common/pico_sync/mutex.c.obj
                0x0000000020000108                mutex_try_enter
 *fill*         0x000000002000014e        0x2 
 .time_critical.mutex_exit
                0x0000000020000150       0x4c CMakeFiles/pio_uart_rx.dir/Users/masonwright/pico/pico-sdk/src/common/pico_sync/mutex.c.obj
                0x0000000020000150                mutex_exit
 *(.text*)
 .text          0x000000002000019c        0x4 /usr/local/Cellar/arm-none-eabi-gcc/10.3-2021.07/gcc/bin/../lib/gcc/arm-none-eabi/10.3.1/thumb/v6-m/nofp/libgcc.a(_dvmd_tls.o)
                0x000000002000019c                __aeabi_ldiv0
                0x000000002000019c                __aeabi_idiv0
 .text.__stub   0x00000000200001a0       0x10 linker stubs
                0x00000000200001b0                . = ALIGN (0x4)
 *(.rodata*)
                0x00000000200001b0                . = ALIGN (0x4)
 *(.data*)
 .data.striped_spin_lock_num
                0x00000000200001b0        0x1 CMakeFiles/pio_uart_rx.dir/Users/masonwright/pico/pico-sdk/src/rp2_common/hardware_sync/sync.c.obj
 *fill*         0x00000000200001b1        0x3 
 .data          0x00000000200001b4       0x48 CMakeFiles/pio_uart_rx.dir/Users/masonwright/pico/pico-sdk/src/rp2_common/hardware_irq/irq_handler_chain.S.obj
                0x00000000200001b4                irq_handler_chain_slots
                0x00000000200001e4                irq_handler_chain_first_slot
                0x00000000200001ee                irq_handler_chain_remove_tail
 .data.default_alarm_pool
                0x00000000200001fc       0x18 CMakeFiles/pio_uart_rx.dir/Users/masonwright/pico/pico-sdk/src/common/pico_time/time.c.obj
 .data.default_alarm_pool_heap
                0x0000000020000214       0x10 CMakeFiles/pio_uart_rx.dir/Users/masonwright/pico/pico-sdk/src/common/pico_time/time.c.obj
 *fill*         0x0000000020000224        0xc 
 .data.aeabi_bits_funcs
                0x0000000020000230       0x10 CMakeFiles/pio_uart_rx.dir/Users/masonwright/pico/pico-sdk/src/rp2_common/pico_bit_ops/bit_ops_aeabi.S.obj
                0x0000000020000230                aeabi_bits_funcs
                0x0000000020000240                aeabi_bits_funcs_end
 .data.aeabi_mem_funcs
                0x0000000020000240       0x10 CMakeFiles/pio_uart_rx.dir/Users/masonwright/pico/pico-sdk/src/rp2_common/pico_mem_ops/mem_ops_aeabi.S.obj
                0x0000000020000240                aeabi_mem_funcs
                0x0000000020000250                aeabi_mem_funcs_end
 .data.stdio_uart
                0x0000000020000250       0x14 CMakeFiles/pio_uart_rx.dir/Users/masonwright/pico/pico-sdk/src/rp2_common/pico_stdio_uart/stdio_uart.c.obj
                0x0000000020000250                stdio_uart
                0x0000000020000264                . = ALIGN (0x4)
 *(.after_data.*)
                0x0000000020000264                . = ALIGN (0x4)
                0x0000000020000264                PROVIDE (__mutex_array_start = .)
 *(SORT_BY_NAME(.mutex_array.*))
 *(.mutex_array)
 .mutex_array   0x0000000020000264        0x8 CMakeFiles/pio_uart_rx.dir/Users/masonwright/pico/pico-sdk/src/rp2_common/pico_malloc/pico_malloc.c.obj
 .mutex_array   0x000000002000026c        0x8 CMakeFiles/pio_uart_rx.dir/Users/masonwright/pico/pico-sdk/src/rp2_common/pico_stdio/stdio.c.obj
                0x0000000020000274                PROVIDE (__mutex_array_end = .)
                0x0000000020000274                . = ALIGN (0x4)
                0x0000000020000274                PROVIDE (__preinit_array_start = .)
 *(SORT_BY_NAME(.preinit_array.*))
 .preinit_array.00001
                0x0000000020000274        0x4 CMakeFiles/pio_uart_rx.dir/Users/masonwright/pico/pico-sdk/src/rp2_common/pico_mem_ops/mem_ops_aeabi.S.obj
 .preinit_array.00010
                0x0000000020000278        0x4 CMakeFiles/pio_uart_rx.dir/Users/masonwright/pico/pico-sdk/src/rp2_common/pico_bit_ops/bit_ops_aeabi.S.obj
 .preinit_array.00020
                0x000000002000027c        0x4 CMakeFiles/pio_uart_rx.dir/Users/masonwright/pico/pico-sdk/src/rp2_common/pico_double/double_aeabi.S.obj
 .preinit_array.00020
                0x0000000020000280        0x4 CMakeFiles/pio_uart_rx.dir/Users/masonwright/pico/pico-sdk/src/rp2_common/pico_float/float_aeabi.S.obj
 *(.preinit_array)
                0x0000000020000284                PROVIDE (__preinit_array_end = .)
                0x0000000020000284                . = ALIGN (0x4)
                0x0000000020000284                PROVIDE (__init_array_start = .)
 *(SORT_BY_NAME(.init_array.*))
 *(.init_array)
 .init_array    0x0000000020000284        0x4 /usr/local/Cellar/arm-none-eabi-gcc/10.3-2021.07/gcc/bin/../lib/gcc/arm-none-eabi/10.3.1/thumb/v6-m/nofp/crtbegin.o
                0x0000000020000288                PROVIDE (__init_array_end = .)
                0x0000000020000288                . = ALIGN (0x4)
                [!provide]                        PROVIDE (__fini_array_start = .)
 *(SORT_BY_NAME(.fini_array.*))
 *(.fini_array)
                [!provide]                        PROVIDE (__fini_array_end = .)
 *(.jcr)
                0x0000000020000288                . = ALIGN (0x4)
                0x0000000020000288                __data_end__ = .

.igot.plt       0x0000000020000288        0x0 load address 0x0000000010005914
 .igot.plt      0x0000000020000288        0x0 /usr/local/Cellar/arm-none-eabi-gcc/10.3-2021.07/gcc/bin/../lib/gcc/arm-none-eabi/10.3.1/thumb/v6-m/nofp/crtbegin.o

.uninitialized_data
                0x0000000020000288        0x0 load address 0x0000000010005914
                0x0000000020000288                . = ALIGN (0x4)
 *(.uninitialized_data*)

.scratch_x      0x0000000020040000        0x0 load address 0x0000000010005914
                0x0000000020040000                __scratch_x_start__ = .
 *(.scratch_x.*)
                0x0000000020040000                . = ALIGN (0x4)
                0x0000000020040000                __scratch_x_end__ = .
                0x0000000010005914                __scratch_x_source__ = LOADADDR (.scratch_x)

.scratch_y      0x0000000020041000        0x0 load address 0x0000000010005914
                0x0000000020041000                __scratch_y_start__ = .
 *(.scratch_y.*)
                0x0000000020041000                . = ALIGN (0x4)
                0x0000000020041000                __scratch_y_end__ = .
                0x0000000010005914                __scratch_y_source__ = LOADADDR (.scratch_y)

.bss            0x0000000020000288      0x3d8
                0x0000000020000288                . = ALIGN (0x4)
                0x0000000020000288                __bss_start__ = .
 *(SORT_BY_ALIGNMENT(SORT_BY_NAME(.bss*)))
 .bss.default_alarm_pool_entries
                0x0000000020000288      0x100 CMakeFiles/pio_uart_rx.dir/Users/masonwright/pico/pico-sdk/src/common/pico_time/time.c.obj
 .bss           0x0000000020000388       0x1c /usr/local/Cellar/arm-none-eabi-gcc/10.3-2021.07/gcc/bin/../lib/gcc/arm-none-eabi/10.3.1/thumb/v6-m/nofp/crtbegin.o
 .bss._used_instruction_space
                0x00000000200003a4        0x8 CMakeFiles/pio_uart_rx.dir/Users/masonwright/pico/pico-sdk/src/rp2_common/hardware_pio/pio.c.obj
 .bss.alarm_callbacks
                0x00000000200003ac       0x10 CMakeFiles/pio_uart_rx.dir/Users/masonwright/pico/pico-sdk/src/rp2_common/hardware_timer/timer.c.obj
 .bss.configured_freq
                0x00000000200003bc       0x28 CMakeFiles/pio_uart_rx.dir/Users/masonwright/pico/pico-sdk/src/rp2_common/hardware_clocks/clocks.c.obj
 .bss.default_alarm_pool_entry_ids_high
                0x00000000200003e4       0x10 CMakeFiles/pio_uart_rx.dir/Users/masonwright/pico/pico-sdk/src/common/pico_time/time.c.obj
 .bss.default_alarm_pool_heap_nodes
                0x00000000200003f4       0x30 CMakeFiles/pio_uart_rx.dir/Users/masonwright/pico/pico-sdk/src/common/pico_time/time.c.obj
 .bss.drivers   0x0000000020000424        0x4 CMakeFiles/pio_uart_rx.dir/Users/masonwright/pico/pico-sdk/src/rp2_common/pico_stdio/stdio.c.obj
 .bss.filter    0x0000000020000428        0x4 CMakeFiles/pio_uart_rx.dir/Users/masonwright/pico/pico-sdk/src/rp2_common/pico_stdio/stdio.c.obj
 .bss.pools     0x000000002000042c       0x10 CMakeFiles/pio_uart_rx.dir/Users/masonwright/pico/pico-sdk/src/common/pico_time/time.c.obj
 .bss.sd_table  0x000000002000043c      0x100 CMakeFiles/pio_uart_rx.dir/Users/masonwright/pico/pico-sdk/src/rp2_common/pico_double/double_init_rom.c.obj
                0x000000002000043c                sd_table
 .bss.sf_clz_func
                0x000000002000053c        0x4 CMakeFiles/pio_uart_rx.dir/Users/masonwright/pico/pico-sdk/src/rp2_common/pico_double/double_init_rom.c.obj
                0x000000002000053c                sf_clz_func
 .bss.sf_table  0x0000000020000540      0x100 CMakeFiles/pio_uart_rx.dir/Users/masonwright/pico/pico-sdk/src/rp2_common/pico_float/float_init_rom.c.obj
                0x0000000020000540                sf_table
 .bss.sleep_notifier
                0x0000000020000640        0x4 CMakeFiles/pio_uart_rx.dir/Users/masonwright/pico/pico-sdk/src/common/pico_time/time.c.obj
 .bss.target_hi
                0x0000000020000644       0x10 CMakeFiles/pio_uart_rx.dir/Users/masonwright/pico/pico-sdk/src/rp2_common/hardware_timer/timer.c.obj
 .bss.uart_char_to_line_feed
                0x0000000020000654        0x4 CMakeFiles/pio_uart_rx.dir/Users/masonwright/pico/pico-sdk/src/rp2_common/hardware_uart/uart.c.obj
                0x0000000020000654                uart_char_to_line_feed
 .bss.uart_instance
                0x0000000020000658        0x4 CMakeFiles/pio_uart_rx.dir/Users/masonwright/pico/pico-sdk/src/rp2_common/pico_stdio_uart/stdio_uart.c.obj
 .bss.claimed   0x000000002000065c        0x1 CMakeFiles/pio_uart_rx.dir/Users/masonwright/pico/pico-sdk/src/rp2_common/hardware_timer/timer.c.obj
 .bss.irq_hander_chain_free_slot_head
                0x000000002000065d        0x1 CMakeFiles/pio_uart_rx.dir/Users/masonwright/pico/pico-sdk/src/rp2_common/hardware_irq/irq.c.obj
 .bss.timer_callbacks_pending
                0x000000002000065e        0x1 CMakeFiles/pio_uart_rx.dir/Users/masonwright/pico/pico-sdk/src/rp2_common/hardware_timer/timer.c.obj
 *(COMMON)
                0x0000000020000660                . = ALIGN (0x4)
 *fill*         0x000000002000065f        0x1 
                0x0000000020000660                __bss_end__ = .

.heap           0x0000000020000660      0x800
                0x0000000020000660                __end__ = .
                0x0000000020000660                end = __end__
 *(.heap*)
 .heap          0x0000000020000660      0x800 CMakeFiles/pio_uart_rx.dir/Users/masonwright/pico/pico-sdk/src/rp2_common/pico_standard_link/crt0.S.obj
                0x0000000020000e60                __HeapLimit = .

.stack1_dummy   0x0000000020040000      0x800
 *(.stack1*)
 .stack1        0x0000000020040000      0x800 CMakeFiles/pio_uart_rx.dir/Users/masonwright/pico/pico-sdk/src/rp2_common/pico_multicore/multicore.c.obj

.stack_dummy    0x0000000020041000      0x800
 *(.stack*)
 .stack         0x0000000020041000      0x800 CMakeFiles/pio_uart_rx.dir/Users/masonwright/pico/pico-sdk/src/rp2_common/pico_standard_link/crt0.S.obj

.flash_end      0x0000000010005914        0x0
                0x0000000010005914                __flash_binary_end = .
                0x0000000020040000                __StackLimit = (ORIGIN (RAM) + LENGTH (RAM))
                0x0000000020041000                __StackOneTop = (ORIGIN (SCRATCH_X) + LENGTH (SCRATCH_X))
                0x0000000020042000                __StackTop = (ORIGIN (SCRATCH_Y) + LENGTH (SCRATCH_Y))
                0x0000000020040800                __StackOneBottom = (__StackOneTop - SIZEOF (.stack1_dummy))
                0x0000000020041800                __StackBottom = (__StackTop - SIZEOF (.stack_dummy))
                0x0000000020042000                PROVIDE (__stack = __StackTop)
                0x0000000000000001                ASSERT ((__StackLimit >= __HeapLimit), region RAM overflowed)
                0x0000000000000001                ASSERT (((__binary_info_header_end - __logical_binary_start) <= 0x100), Binary info must be in first 256 bytes of the binary)
LOAD CMakeFiles/pio_uart_rx.dir/uart_rx.c.obj
LOAD CMakeFiles/pio_uart_rx.dir/Users/masonwright/pico/pico-sdk/src/rp2_common/pico_stdlib/stdlib.c.obj
LOAD CMakeFiles/pio_uart_rx.dir/Users/masonwright/pico/pico-sdk/src/rp2_common/hardware_gpio/gpio.c.obj
LOAD CMakeFiles/pio_uart_rx.dir/Users/masonwright/pico/pico-sdk/src/rp2_common/hardware_claim/claim.c.obj
LOAD CMakeFiles/pio_uart_rx.dir/Users/masonwright/pico/pico-sdk/src/rp2_common/pico_platform/platform.c.obj
LOAD CMakeFiles/pio_uart_rx.dir/Users/masonwright/pico/pico-sdk/src/rp2_common/hardware_sync/sync.c.obj
LOAD CMakeFiles/pio_uart_rx.dir/Users/masonwright/pico/pico-sdk/src/rp2_common/hardware_irq/irq.c.obj
LOAD CMakeFiles/pio_uart_rx.dir/Users/masonwright/pico/pico-sdk/src/rp2_common/hardware_irq/irq_handler_chain.S.obj
LOAD CMakeFiles/pio_uart_rx.dir/Users/masonwright/pico/pico-sdk/src/common/pico_sync/sem.c.obj
LOAD CMakeFiles/pio_uart_rx.dir/Users/masonwright/pico/pico-sdk/src/common/pico_sync/lock_core.c.obj
LOAD CMakeFiles/pio_uart_rx.dir/Users/masonwright/pico/pico-sdk/src/common/pico_time/time.c.obj
LOAD CMakeFiles/pio_uart_rx.dir/Users/masonwright/pico/pico-sdk/src/common/pico_time/timeout_helper.c.obj
LOAD CMakeFiles/pio_uart_rx.dir/Users/masonwright/pico/pico-sdk/src/rp2_common/hardware_timer/timer.c.obj
LOAD CMakeFiles/pio_uart_rx.dir/Users/masonwright/pico/pico-sdk/src/common/pico_util/datetime.c.obj
LOAD CMakeFiles/pio_uart_rx.dir/Users/masonwright/pico/pico-sdk/src/common/pico_util/pheap.c.obj
LOAD CMakeFiles/pio_uart_rx.dir/Users/masonwright/pico/pico-sdk/src/common/pico_util/queue.c.obj
LOAD CMakeFiles/pio_uart_rx.dir/Users/masonwright/pico/pico-sdk/src/common/pico_sync/mutex.c.obj
LOAD CMakeFiles/pio_uart_rx.dir/Users/masonwright/pico/pico-sdk/src/common/pico_sync/critical_section.c.obj
LOAD CMakeFiles/pio_uart_rx.dir/Users/masonwright/pico/pico-sdk/src/rp2_common/hardware_uart/uart.c.obj
LOAD CMakeFiles/pio_uart_rx.dir/Users/masonwright/pico/pico-sdk/src/rp2_common/hardware_divider/divider.S.obj
LOAD CMakeFiles/pio_uart_rx.dir/Users/masonwright/pico/pico-sdk/src/rp2_common/pico_runtime/runtime.c.obj
LOAD CMakeFiles/pio_uart_rx.dir/Users/masonwright/pico/pico-sdk/src/rp2_common/hardware_clocks/clocks.c.obj
LOAD CMakeFiles/pio_uart_rx.dir/Users/masonwright/pico/pico-sdk/src/rp2_common/hardware_pll/pll.c.obj
LOAD CMakeFiles/pio_uart_rx.dir/Users/masonwright/pico/pico-sdk/src/rp2_common/hardware_vreg/vreg.c.obj
LOAD CMakeFiles/pio_uart_rx.dir/Users/masonwright/pico/pico-sdk/src/rp2_common/hardware_watchdog/watchdog.c.obj
LOAD CMakeFiles/pio_uart_rx.dir/Users/masonwright/pico/pico-sdk/src/rp2_common/hardware_xosc/xosc.c.obj
LOAD CMakeFiles/pio_uart_rx.dir/Users/masonwright/pico/pico-sdk/src/rp2_common/pico_printf/printf.c.obj
LOAD CMakeFiles/pio_uart_rx.dir/Users/masonwright/pico/pico-sdk/src/rp2_common/pico_bit_ops/bit_ops_aeabi.S.obj
LOAD CMakeFiles/pio_uart_rx.dir/Users/masonwright/pico/pico-sdk/src/rp2_common/pico_bootrom/bootrom.c.obj
LOAD CMakeFiles/pio_uart_rx.dir/Users/masonwright/pico/pico-sdk/src/rp2_common/pico_divider/divider.S.obj
LOAD CMakeFiles/pio_uart_rx.dir/Users/masonwright/pico/pico-sdk/src/rp2_common/pico_double/double_aeabi.S.obj
LOAD CMakeFiles/pio_uart_rx.dir/Users/masonwright/pico/pico-sdk/src/rp2_common/pico_double/double_init_rom.c.obj
LOAD CMakeFiles/pio_uart_rx.dir/Users/masonwright/pico/pico-sdk/src/rp2_common/pico_double/double_math.c.obj
LOAD CMakeFiles/pio_uart_rx.dir/Users/masonwright/pico/pico-sdk/src/rp2_common/pico_double/double_v1_rom_shim.S.obj
LOAD CMakeFiles/pio_uart_rx.dir/Users/masonwright/pico/pico-sdk/src/rp2_common/pico_int64_ops/pico_int64_ops_aeabi.S.obj
LOAD CMakeFiles/pio_uart_rx.dir/Users/masonwright/pico/pico-sdk/src/rp2_common/pico_float/float_aeabi.S.obj
LOAD CMakeFiles/pio_uart_rx.dir/Users/masonwright/pico/pico-sdk/src/rp2_common/pico_float/float_init_rom.c.obj
LOAD CMakeFiles/pio_uart_rx.dir/Users/masonwright/pico/pico-sdk/src/rp2_common/pico_float/float_math.c.obj
LOAD CMakeFiles/pio_uart_rx.dir/Users/masonwright/pico/pico-sdk/src/rp2_common/pico_float/float_v1_rom_shim.S.obj
LOAD CMakeFiles/pio_uart_rx.dir/Users/masonwright/pico/pico-sdk/src/rp2_common/pico_malloc/pico_malloc.c.obj
LOAD CMakeFiles/pio_uart_rx.dir/Users/masonwright/pico/pico-sdk/src/rp2_common/pico_mem_ops/mem_ops_aeabi.S.obj
LOAD CMakeFiles/pio_uart_rx.dir/Users/masonwright/pico/pico-sdk/src/rp2_common/pico_standard_link/crt0.S.obj
LOAD CMakeFiles/pio_uart_rx.dir/Users/masonwright/pico/pico-sdk/src/rp2_common/pico_standard_link/new_delete.cpp.obj
LOAD CMakeFiles/pio_uart_rx.dir/Users/masonwright/pico/pico-sdk/src/rp2_common/pico_standard_link/binary_info.c.obj
LOAD CMakeFiles/pio_uart_rx.dir/Users/masonwright/pico/pico-sdk/src/rp2_common/pico_stdio/stdio.c.obj
LOAD CMakeFiles/pio_uart_rx.dir/Users/masonwright/pico/pico-sdk/src/rp2_common/pico_stdio_uart/stdio_uart.c.obj
LOAD CMakeFiles/pio_uart_rx.dir/Users/masonwright/pico/pico-sdk/src/rp2_common/pico_multicore/multicore.c.obj
LOAD CMakeFiles/pio_uart_rx.dir/Users/masonwright/pico/pico-sdk/src/rp2_common/hardware_pio/pio.c.obj
LOAD /var/folders/7b/c07zbwkj03nf7cs4vm_0yw1w0000gn/T//ccAzOtwv.o
LOAD /usr/local/Cellar/arm-none-eabi-gcc/10.3-2021.07/gcc/bin/../lib/gcc/arm-none-eabi/10.3.1/../../../../arm-none-eabi/lib/thumb/v6-m/nofp/libstdc++.a
LOAD /usr/local/Cellar/arm-none-eabi-gcc/10.3-2021.07/gcc/bin/../lib/gcc/arm-none-eabi/10.3.1/../../../../arm-none-eabi/lib/thumb/v6-m/nofp/libm.a
START GROUP
LOAD /usr/local/Cellar/arm-none-eabi-gcc/10.3-2021.07/gcc/bin/../lib/gcc/arm-none-eabi/10.3.1/thumb/v6-m/nofp/libgcc.a
LOAD /usr/local/Cellar/arm-none-eabi-gcc/10.3-2021.07/gcc/bin/../lib/gcc/arm-none-eabi/10.3.1/../../../../arm-none-eabi/lib/thumb/v6-m/nofp/libg.a
LOAD /usr/local/Cellar/arm-none-eabi-gcc/10.3-2021.07/gcc/bin/../lib/gcc/arm-none-eabi/10.3.1/../../../../arm-none-eabi/lib/thumb/v6-m/nofp/libc.a
END GROUP
START GROUP
LOAD /usr/local/Cellar/arm-none-eabi-gcc/10.3-2021.07/gcc/bin/../lib/gcc/arm-none-eabi/10.3.1/thumb/v6-m/nofp/libgcc.a
LOAD /usr/local/Cellar/arm-none-eabi-gcc/10.3-2021.07/gcc/bin/../lib/gcc/arm-none-eabi/10.3.1/../../../../arm-none-eabi/lib/thumb/v6-m/nofp/libc.a
LOAD /usr/local/Cellar/arm-none-eabi-gcc/10.3-2021.07/gcc/bin/../lib/gcc/arm-none-eabi/10.3.1/../../../../arm-none-eabi/lib/thumb/v6-m/nofp/libnosys.a
END GROUP
LOAD /usr/local/Cellar/arm-none-eabi-gcc/10.3-2021.07/gcc/bin/../lib/gcc/arm-none-eabi/10.3.1/thumb/v6-m/nofp/crtend.o
LOAD /usr/local/Cellar/arm-none-eabi-gcc/10.3-2021.07/gcc/bin/../lib/gcc/arm-none-eabi/10.3.1/thumb/v6-m/nofp/crtn.o
OUTPUT(pio_uart_rx.elf elf32-littlearm)
LOAD linker stubs

.ARM.attributes
                0x0000000000000000       0x28
 .ARM.attributes
                0x0000000000000000       0x1e /usr/local/Cellar/arm-none-eabi-gcc/10.3-2021.07/gcc/bin/../lib/gcc/arm-none-eabi/10.3.1/thumb/v6-m/nofp/crti.o
 .ARM.attributes
                0x000000000000001e       0x2c /usr/local/Cellar/arm-none-eabi-gcc/10.3-2021.07/gcc/bin/../lib/gcc/arm-none-eabi/10.3.1/thumb/v6-m/nofp/crtbegin.o
 .ARM.attributes
                0x000000000000004a       0x2c CMakeFiles/pio_uart_rx.dir/uart_rx.c.obj
 .ARM.attributes
                0x0000000000000076       0x2c CMakeFiles/pio_uart_rx.dir/Users/masonwright/pico/pico-sdk/src/rp2_common/pico_stdlib/stdlib.c.obj
 .ARM.attributes
                0x00000000000000a2       0x2c CMakeFiles/pio_uart_rx.dir/Users/masonwright/pico/pico-sdk/src/rp2_common/hardware_gpio/gpio.c.obj
 .ARM.attributes
                0x00000000000000ce       0x2c CMakeFiles/pio_uart_rx.dir/Users/masonwright/pico/pico-sdk/src/rp2_common/hardware_claim/claim.c.obj
 .ARM.attributes
                0x00000000000000fa       0x2c CMakeFiles/pio_uart_rx.dir/Users/masonwright/pico/pico-sdk/src/rp2_common/pico_platform/platform.c.obj
 .ARM.attributes
                0x0000000000000126       0x2c CMakeFiles/pio_uart_rx.dir/Users/masonwright/pico/pico-sdk/src/rp2_common/hardware_sync/sync.c.obj
 .ARM.attributes
                0x0000000000000152       0x2c CMakeFiles/pio_uart_rx.dir/Users/masonwright/pico/pico-sdk/src/rp2_common/hardware_irq/irq.c.obj
 .ARM.attributes
                0x000000000000017e       0x22 CMakeFiles/pio_uart_rx.dir/Users/masonwright/pico/pico-sdk/src/rp2_common/hardware_irq/irq_handler_chain.S.obj
 .ARM.attributes
                0x00000000000001a0       0x2c CMakeFiles/pio_uart_rx.dir/Users/masonwright/pico/pico-sdk/src/common/pico_sync/lock_core.c.obj
 .ARM.attributes
                0x00000000000001cc       0x2c CMakeFiles/pio_uart_rx.dir/Users/masonwright/pico/pico-sdk/src/common/pico_time/time.c.obj
 .ARM.attributes
                0x00000000000001f8       0x2c CMakeFiles/pio_uart_rx.dir/Users/masonwright/pico/pico-sdk/src/rp2_common/hardware_timer/timer.c.obj
 .ARM.attributes
                0x0000000000000224       0x2c CMakeFiles/pio_uart_rx.dir/Users/masonwright/pico/pico-sdk/src/common/pico_util/pheap.c.obj
 .ARM.attributes
                0x0000000000000250       0x2c CMakeFiles/pio_uart_rx.dir/Users/masonwright/pico/pico-sdk/src/common/pico_sync/mutex.c.obj
 .ARM.attributes
                0x000000000000027c       0x2c CMakeFiles/pio_uart_rx.dir/Users/masonwright/pico/pico-sdk/src/rp2_common/hardware_uart/uart.c.obj
 .ARM.attributes
                0x00000000000002a8       0x2c CMakeFiles/pio_uart_rx.dir/Users/masonwright/pico/pico-sdk/src/rp2_common/pico_runtime/runtime.c.obj
 .ARM.attributes
                0x00000000000002d4       0x2c CMakeFiles/pio_uart_rx.dir/Users/masonwright/pico/pico-sdk/src/rp2_common/hardware_clocks/clocks.c.obj
 .ARM.attributes
                0x0000000000000300       0x2c CMakeFiles/pio_uart_rx.dir/Users/masonwright/pico/pico-sdk/src/rp2_common/hardware_pll/pll.c.obj
 .ARM.attributes
                0x000000000000032c       0x2c CMakeFiles/pio_uart_rx.dir/Users/masonwright/pico/pico-sdk/src/rp2_common/hardware_watchdog/watchdog.c.obj
 .ARM.attributes
                0x0000000000000358       0x2c CMakeFiles/pio_uart_rx.dir/Users/masonwright/pico/pico-sdk/src/rp2_common/hardware_xosc/xosc.c.obj
 .ARM.attributes
                0x0000000000000384       0x2c CMakeFiles/pio_uart_rx.dir/Users/masonwright/pico/pico-sdk/src/rp2_common/pico_printf/printf.c.obj
 .ARM.attributes
                0x00000000000003b0       0x22 CMakeFiles/pio_uart_rx.dir/Users/masonwright/pico/pico-sdk/src/rp2_common/pico_bit_ops/bit_ops_aeabi.S.obj
 .ARM.attributes
                0x00000000000003d2       0x2c CMakeFiles/pio_uart_rx.dir/Users/masonwright/pico/pico-sdk/src/rp2_common/pico_bootrom/bootrom.c.obj
 .ARM.attributes
                0x00000000000003fe       0x22 CMakeFiles/pio_uart_rx.dir/Users/masonwright/pico/pico-sdk/src/rp2_common/pico_divider/divider.S.obj
 .ARM.attributes
                0x0000000000000420       0x22 CMakeFiles/pio_uart_rx.dir/Users/masonwright/pico/pico-sdk/src/rp2_common/pico_double/double_aeabi.S.obj
 .ARM.attributes
                0x0000000000000442       0x2c CMakeFiles/pio_uart_rx.dir/Users/masonwright/pico/pico-sdk/src/rp2_common/pico_double/double_init_rom.c.obj
 .ARM.attributes
                0x000000000000046e       0x22 CMakeFiles/pio_uart_rx.dir/Users/masonwright/pico/pico-sdk/src/rp2_common/pico_double/double_v1_rom_shim.S.obj
 .ARM.attributes
                0x0000000000000490       0x22 CMakeFiles/pio_uart_rx.dir/Users/masonwright/pico/pico-sdk/src/rp2_common/pico_float/float_aeabi.S.obj
 .ARM.attributes
                0x00000000000004b2       0x2c CMakeFiles/pio_uart_rx.dir/Users/masonwright/pico/pico-sdk/src/rp2_common/pico_float/float_init_rom.c.obj
 .ARM.attributes
                0x00000000000004de       0x22 CMakeFiles/pio_uart_rx.dir/Users/masonwright/pico/pico-sdk/src/rp2_common/pico_float/float_v1_rom_shim.S.obj
 .ARM.attributes
                0x0000000000000500       0x2c CMakeFiles/pio_uart_rx.dir/Users/masonwright/pico/pico-sdk/src/rp2_common/pico_malloc/pico_malloc.c.obj
 .ARM.attributes
                0x000000000000052c       0x22 CMakeFiles/pio_uart_rx.dir/Users/masonwright/pico/pico-sdk/src/rp2_common/pico_mem_ops/mem_ops_aeabi.S.obj
 .ARM.attributes
                0x000000000000054e       0x22 CMakeFiles/pio_uart_rx.dir/Users/masonwright/pico/pico-sdk/src/rp2_common/pico_standard_link/crt0.S.obj
 .ARM.attributes
                0x0000000000000570       0x32 CMakeFiles/pio_uart_rx.dir/Users/masonwright/pico/pico-sdk/src/rp2_common/pico_standard_link/binary_info.c.obj
 .ARM.attributes
                0x00000000000005a2       0x2c CMakeFiles/pio_uart_rx.dir/Users/masonwright/pico/pico-sdk/src/rp2_common/pico_stdio/stdio.c.obj
 .ARM.attributes
                0x00000000000005ce       0x2c CMakeFiles/pio_uart_rx.dir/Users/masonwright/pico/pico-sdk/src/rp2_common/pico_stdio_uart/stdio_uart.c.obj
 .ARM.attributes
                0x00000000000005fa       0x2c CMakeFiles/pio_uart_rx.dir/Users/masonwright/pico/pico-sdk/src/rp2_common/pico_multicore/multicore.c.obj
 .ARM.attributes
                0x0000000000000626       0x2c CMakeFiles/pio_uart_rx.dir/Users/masonwright/pico/pico-sdk/src/rp2_common/hardware_pio/pio.c.obj
 .ARM.attributes
                0x0000000000000652       0x22 /var/folders/7b/c07zbwkj03nf7cs4vm_0yw1w0000gn/T//ccAzOtwv.o
 .ARM.attributes
                0x0000000000000674       0x1e /usr/local/Cellar/arm-none-eabi-gcc/10.3-2021.07/gcc/bin/../lib/gcc/arm-none-eabi/10.3.1/thumb/v6-m/nofp/libgcc.a(_dvmd_tls.o)
 .ARM.attributes
                0x0000000000000692       0x2c /usr/local/Cellar/arm-none-eabi-gcc/10.3-2021.07/gcc/bin/../lib/gcc/arm-none-eabi/10.3.1/../../../../arm-none-eabi/lib/thumb/v6-m/nofp/libg.a(lib_a-strlen-stub.o)

.comment        0x0000000000000000       0x49
 .comment       0x0000000000000000       0x49 CMakeFiles/pio_uart_rx.dir/uart_rx.c.obj
                                         0x4a (size before relaxing)
 .comment       0x0000000000000049       0x4a CMakeFiles/pio_uart_rx.dir/Users/masonwright/pico/pico-sdk/src/rp2_common/pico_stdlib/stdlib.c.obj
 .comment       0x0000000000000049       0x4a CMakeFiles/pio_uart_rx.dir/Users/masonwright/pico/pico-sdk/src/rp2_common/hardware_gpio/gpio.c.obj
 .comment       0x0000000000000049       0x4a CMakeFiles/pio_uart_rx.dir/Users/masonwright/pico/pico-sdk/src/rp2_common/hardware_claim/claim.c.obj
 .comment       0x0000000000000049       0x4a CMakeFiles/pio_uart_rx.dir/Users/masonwright/pico/pico-sdk/src/rp2_common/pico_platform/platform.c.obj
 .comment       0x0000000000000049       0x4a CMakeFiles/pio_uart_rx.dir/Users/masonwright/pico/pico-sdk/src/rp2_common/hardware_sync/sync.c.obj
 .comment       0x0000000000000049       0x4a CMakeFiles/pio_uart_rx.dir/Users/masonwright/pico/pico-sdk/src/rp2_common/hardware_irq/irq.c.obj
 .comment       0x0000000000000049       0x4a CMakeFiles/pio_uart_rx.dir/Users/masonwright/pico/pico-sdk/src/common/pico_sync/lock_core.c.obj
 .comment       0x0000000000000049       0x4a CMakeFiles/pio_uart_rx.dir/Users/masonwright/pico/pico-sdk/src/common/pico_time/time.c.obj
 .comment       0x0000000000000049       0x4a CMakeFiles/pio_uart_rx.dir/Users/masonwright/pico/pico-sdk/src/rp2_common/hardware_timer/timer.c.obj
 .comment       0x0000000000000049       0x4a CMakeFiles/pio_uart_rx.dir/Users/masonwright/pico/pico-sdk/src/common/pico_util/pheap.c.obj
 .comment       0x0000000000000049       0x4a CMakeFiles/pio_uart_rx.dir/Users/masonwright/pico/pico-sdk/src/common/pico_sync/mutex.c.obj
 .comment       0x0000000000000049       0x4a CMakeFiles/pio_uart_rx.dir/Users/masonwright/pico/pico-sdk/src/rp2_common/hardware_uart/uart.c.obj
 .comment       0x0000000000000049       0x4a CMakeFiles/pio_uart_rx.dir/Users/masonwright/pico/pico-sdk/src/rp2_common/pico_runtime/runtime.c.obj
 .comment       0x0000000000000049       0x4a CMakeFiles/pio_uart_rx.dir/Users/masonwright/pico/pico-sdk/src/rp2_common/hardware_clocks/clocks.c.obj
 .comment       0x0000000000000049       0x4a CMakeFiles/pio_uart_rx.dir/Users/masonwright/pico/pico-sdk/src/rp2_common/hardware_pll/pll.c.obj
 .comment       0x0000000000000049       0x4a CMakeFiles/pio_uart_rx.dir/Users/masonwright/pico/pico-sdk/src/rp2_common/hardware_watchdog/watchdog.c.obj
 .comment       0x0000000000000049       0x4a CMakeFiles/pio_uart_rx.dir/Users/masonwright/pico/pico-sdk/src/rp2_common/hardware_xosc/xosc.c.obj
 .comment       0x0000000000000049       0x4a CMakeFiles/pio_uart_rx.dir/Users/masonwright/pico/pico-sdk/src/rp2_common/pico_printf/printf.c.obj
 .comment       0x0000000000000049       0x4a CMakeFiles/pio_uart_rx.dir/Users/masonwright/pico/pico-sdk/src/rp2_common/pico_bootrom/bootrom.c.obj
 .comment       0x0000000000000049       0x4a CMakeFiles/pio_uart_rx.dir/Users/masonwright/pico/pico-sdk/src/rp2_common/pico_double/double_init_rom.c.obj
 .comment       0x0000000000000049       0x4a CMakeFiles/pio_uart_rx.dir/Users/masonwright/pico/pico-sdk/src/rp2_common/pico_float/float_init_rom.c.obj
 .comment       0x0000000000000049       0x4a CMakeFiles/pio_uart_rx.dir/Users/masonwright/pico/pico-sdk/src/rp2_common/pico_malloc/pico_malloc.c.obj
 .comment       0x0000000000000049       0x4a CMakeFiles/pio_uart_rx.dir/Users/masonwright/pico/pico-sdk/src/rp2_common/pico_standard_link/binary_info.c.obj
 .comment       0x0000000000000049       0x4a CMakeFiles/pio_uart_rx.dir/Users/masonwright/pico/pico-sdk/src/rp2_common/pico_stdio/stdio.c.obj
 .comment       0x0000000000000049       0x4a CMakeFiles/pio_uart_rx.dir/Users/masonwright/pico/pico-sdk/src/rp2_common/pico_stdio_uart/stdio_uart.c.obj
 .comment       0x0000000000000049       0x4a CMakeFiles/pio_uart_rx.dir/Users/masonwright/pico/pico-sdk/src/rp2_common/pico_multicore/multicore.c.obj
 .comment       0x0000000000000049       0x4a CMakeFiles/pio_uart_rx.dir/Users/masonwright/pico/pico-sdk/src/rp2_common/hardware_pio/pio.c.obj

.debug_info     0x0000000000000000    0x1964c
 .debug_info    0x0000000000000000     0x16a5 CMakeFiles/pio_uart_rx.dir/uart_rx.c.obj
 .debug_info    0x00000000000016a5      0x4e2 CMakeFiles/pio_uart_rx.dir/Users/masonwright/pico/pico-sdk/src/rp2_common/pico_stdlib/stdlib.c.obj
 .debug_info    0x0000000000001b87     0x16d7 CMakeFiles/pio_uart_rx.dir/Users/masonwright/pico/pico-sdk/src/rp2_common/hardware_gpio/gpio.c.obj
 .debug_info    0x000000000000325e      0x6bb CMakeFiles/pio_uart_rx.dir/Users/masonwright/pico/pico-sdk/src/rp2_common/hardware_claim/claim.c.obj
 .debug_info    0x0000000000003919      0x1e3 CMakeFiles/pio_uart_rx.dir/Users/masonwright/pico/pico-sdk/src/rp2_common/pico_platform/platform.c.obj
 .debug_info    0x0000000000003afc      0x58e CMakeFiles/pio_uart_rx.dir/Users/masonwright/pico/pico-sdk/src/rp2_common/hardware_sync/sync.c.obj
 .debug_info    0x000000000000408a     0x1c49 CMakeFiles/pio_uart_rx.dir/Users/masonwright/pico/pico-sdk/src/rp2_common/hardware_irq/irq.c.obj
 .debug_info    0x0000000000005cd3      0x1a4 CMakeFiles/pio_uart_rx.dir/Users/masonwright/pico/pico-sdk/src/common/pico_sync/lock_core.c.obj
 .debug_info    0x0000000000005e77     0x3b3b CMakeFiles/pio_uart_rx.dir/Users/masonwright/pico/pico-sdk/src/common/pico_time/time.c.obj
 .debug_info    0x00000000000099b2     0x1134 CMakeFiles/pio_uart_rx.dir/Users/masonwright/pico/pico-sdk/src/rp2_common/hardware_timer/timer.c.obj
 .debug_info    0x000000000000aae6     0x120c CMakeFiles/pio_uart_rx.dir/Users/masonwright/pico/pico-sdk/src/common/pico_util/pheap.c.obj
 .debug_info    0x000000000000bcf2     0x2022 CMakeFiles/pio_uart_rx.dir/Users/masonwright/pico/pico-sdk/src/common/pico_sync/mutex.c.obj
 .debug_info    0x000000000000dd14      0xb65 CMakeFiles/pio_uart_rx.dir/Users/masonwright/pico/pico-sdk/src/rp2_common/hardware_uart/uart.c.obj
 .debug_info    0x000000000000e879      0xa87 CMakeFiles/pio_uart_rx.dir/Users/masonwright/pico/pico-sdk/src/rp2_common/pico_runtime/runtime.c.obj
 .debug_info    0x000000000000f300      0xf63 CMakeFiles/pio_uart_rx.dir/Users/masonwright/pico/pico-sdk/src/rp2_common/hardware_clocks/clocks.c.obj
 .debug_info    0x0000000000010263      0x54a CMakeFiles/pio_uart_rx.dir/Users/masonwright/pico/pico-sdk/src/rp2_common/hardware_pll/pll.c.obj
 .debug_info    0x00000000000107ad      0x4ee CMakeFiles/pio_uart_rx.dir/Users/masonwright/pico/pico-sdk/src/rp2_common/hardware_watchdog/watchdog.c.obj
 .debug_info    0x0000000000010c9b      0x1d8 CMakeFiles/pio_uart_rx.dir/Users/masonwright/pico/pico-sdk/src/rp2_common/hardware_xosc/xosc.c.obj
 .debug_info    0x0000000000010e73     0x1a5f CMakeFiles/pio_uart_rx.dir/Users/masonwright/pico/pico-sdk/src/rp2_common/pico_printf/printf.c.obj
 .debug_info    0x00000000000128d2       0x22 CMakeFiles/pio_uart_rx.dir/Users/masonwright/pico/pico-sdk/src/rp2_common/pico_bit_ops/bit_ops_aeabi.S.obj
 .debug_info    0x00000000000128f4      0x27c CMakeFiles/pio_uart_rx.dir/Users/masonwright/pico/pico-sdk/src/rp2_common/pico_bootrom/bootrom.c.obj
 .debug_info    0x0000000000012b70       0x22 CMakeFiles/pio_uart_rx.dir/Users/masonwright/pico/pico-sdk/src/rp2_common/pico_divider/divider.S.obj
 .debug_info    0x0000000000012b92       0x22 CMakeFiles/pio_uart_rx.dir/Users/masonwright/pico/pico-sdk/src/rp2_common/pico_double/double_aeabi.S.obj
 .debug_info    0x0000000000012bb4      0x2d1 CMakeFiles/pio_uart_rx.dir/Users/masonwright/pico/pico-sdk/src/rp2_common/pico_double/double_init_rom.c.obj
 .debug_info    0x0000000000012e85       0x22 CMakeFiles/pio_uart_rx.dir/Users/masonwright/pico/pico-sdk/src/rp2_common/pico_double/double_v1_rom_shim.S.obj
 .debug_info    0x0000000000012ea7       0x22 CMakeFiles/pio_uart_rx.dir/Users/masonwright/pico/pico-sdk/src/rp2_common/pico_float/float_aeabi.S.obj
 .debug_info    0x0000000000012ec9      0x2eb CMakeFiles/pio_uart_rx.dir/Users/masonwright/pico/pico-sdk/src/rp2_common/pico_float/float_init_rom.c.obj
 .debug_info    0x00000000000131b4       0x22 CMakeFiles/pio_uart_rx.dir/Users/masonwright/pico/pico-sdk/src/rp2_common/pico_float/float_v1_rom_shim.S.obj
 .debug_info    0x00000000000131d6      0x4a6 CMakeFiles/pio_uart_rx.dir/Users/masonwright/pico/pico-sdk/src/rp2_common/pico_malloc/pico_malloc.c.obj
 .debug_info    0x000000000001367c       0x22 CMakeFiles/pio_uart_rx.dir/Users/masonwright/pico/pico-sdk/src/rp2_common/pico_mem_ops/mem_ops_aeabi.S.obj
 .debug_info    0x000000000001369e       0x22 CMakeFiles/pio_uart_rx.dir/Users/masonwright/pico/pico-sdk/src/rp2_common/pico_standard_link/crt0.S.obj
 .debug_info    0x00000000000136c0      0x2f6 CMakeFiles/pio_uart_rx.dir/Users/masonwright/pico/pico-sdk/src/rp2_common/pico_standard_link/binary_info.c.obj
 .debug_info    0x00000000000139b6     0x12ee CMakeFiles/pio_uart_rx.dir/Users/masonwright/pico/pico-sdk/src/rp2_common/pico_stdio/stdio.c.obj
 .debug_info    0x0000000000014ca4      0xc57 CMakeFiles/pio_uart_rx.dir/Users/masonwright/pico/pico-sdk/src/rp2_common/pico_stdio_uart/stdio_uart.c.obj
 .debug_info    0x00000000000158fb     0x1cbe CMakeFiles/pio_uart_rx.dir/Users/masonwright/pico/pico-sdk/src/rp2_common/pico_multicore/multicore.c.obj
 .debug_info    0x00000000000175b9     0x2093 CMakeFiles/pio_uart_rx.dir/Users/masonwright/pico/pico-sdk/src/rp2_common/hardware_pio/pio.c.obj

.debug_abbrev   0x0000000000000000     0x4eba
 .debug_abbrev  0x0000000000000000      0x4b0 CMakeFiles/pio_uart_rx.dir/uart_rx.c.obj
 .debug_abbrev  0x00000000000004b0      0x194 CMakeFiles/pio_uart_rx.dir/Users/masonwright/pico/pico-sdk/src/rp2_common/pico_stdlib/stdlib.c.obj
 .debug_abbrev  0x0000000000000644      0x326 CMakeFiles/pio_uart_rx.dir/Users/masonwright/pico/pico-sdk/src/rp2_common/hardware_gpio/gpio.c.obj
 .debug_abbrev  0x000000000000096a      0x2e9 CMakeFiles/pio_uart_rx.dir/Users/masonwright/pico/pico-sdk/src/rp2_common/hardware_claim/claim.c.obj
 .debug_abbrev  0x0000000000000c53       0xeb CMakeFiles/pio_uart_rx.dir/Users/masonwright/pico/pico-sdk/src/rp2_common/pico_platform/platform.c.obj
 .debug_abbrev  0x0000000000000d3e      0x21b CMakeFiles/pio_uart_rx.dir/Users/masonwright/pico/pico-sdk/src/rp2_common/hardware_sync/sync.c.obj