Archive member included to satisfy reference by file (symbol)

/usr/local/Cellar/arm-none-eabi-gcc/10.3-2021.07/gcc/bin/../lib/gcc/arm-none-eabi/10.3.1/thumb/v6-m/nofp/libgcc.a(_dvmd_tls.o)
                              CMakeFiles/pio_uart_tx.dir/Users/masonwright/pico/pico-sdk/src/rp2_common/pico_divider/divider.S.obj (__aeabi_idiv0)
/usr/local/Cellar/arm-none-eabi-gcc/10.3-2021.07/gcc/bin/../lib/gcc/arm-none-eabi/10.3.1/../../../../arm-none-eabi/lib/thumb/v6-m/nofp/libg.a(lib_a-calloc.o)
                              CMakeFiles/pio_uart_tx.dir/Users/masonwright/pico/pico-sdk/src/rp2_common/pico_malloc/pico_malloc.c.obj (calloc)
/usr/local/Cellar/arm-none-eabi-gcc/10.3-2021.07/gcc/bin/../lib/gcc/arm-none-eabi/10.3.1/../../../../arm-none-eabi/lib/thumb/v6-m/nofp/libg.a(lib_a-callocr.o)
                              /usr/local/Cellar/arm-none-eabi-gcc/10.3-2021.07/gcc/bin/../lib/gcc/arm-none-eabi/10.3.1/../../../../arm-none-eabi/lib/thumb/v6-m/nofp/libg.a(lib_a-calloc.o) (_calloc_r)
/usr/local/Cellar/arm-none-eabi-gcc/10.3-2021.07/gcc/bin/../lib/gcc/arm-none-eabi/10.3.1/../../../../arm-none-eabi/lib/thumb/v6-m/nofp/libg.a(lib_a-errno.o)
                              /usr/local/Cellar/arm-none-eabi-gcc/10.3-2021.07/gcc/bin/../lib/gcc/arm-none-eabi/10.3.1/../../../../arm-none-eabi/lib/thumb/v6-m/nofp/libg.a(lib_a-callocr.o) (__errno)
/usr/local/Cellar/arm-none-eabi-gcc/10.3-2021.07/gcc/bin/../lib/gcc/arm-none-eabi/10.3.1/../../../../arm-none-eabi/lib/thumb/v6-m/nofp/libg.a(lib_a-impure.o)
                              /usr/local/Cellar/arm-none-eabi-gcc/10.3-2021.07/gcc/bin/../lib/gcc/arm-none-eabi/10.3.1/../../../../arm-none-eabi/lib/thumb/v6-m/nofp/libg.a(lib_a-calloc.o) (_impure_ptr)
/usr/local/Cellar/arm-none-eabi-gcc/10.3-2021.07/gcc/bin/../lib/gcc/arm-none-eabi/10.3.1/../../../../arm-none-eabi/lib/thumb/v6-m/nofp/libg.a(lib_a-init.o)
                              /usr/local/Cellar/arm-none-eabi-gcc/10.3-2021.07/gcc/bin/../lib/gcc/arm-none-eabi/10.3.1/../../../../arm-none-eabi/lib/thumb/v6-m/nofp/crt0.o (__libc_init_array)
/usr/local/Cellar/arm-none-eabi-gcc/10.3-2021.07/gcc/bin/../lib/gcc/arm-none-eabi/10.3.1/../../../../arm-none-eabi/lib/thumb/v6-m/nofp/libg.a(lib_a-malloc.o)
                              CMakeFiles/pio_uart_tx.dir/Users/masonwright/pico/pico-sdk/src/rp2_common/pico_malloc/pico_malloc.c.obj (malloc)
/usr/local/Cellar/arm-none-eabi-gcc/10.3-2021.07/gcc/bin/../lib/gcc/arm-none-eabi/10.3.1/../../../../arm-none-eabi/lib/thumb/v6-m/nofp/libg.a(lib_a-mallocr.o)
                              /usr/local/Cellar/arm-none-eabi-gcc/10.3-2021.07/gcc/bin/../lib/gcc/arm-none-eabi/10.3.1/../../../../arm-none-eabi/lib/thumb/v6-m/nofp/libg.a(lib_a-callocr.o) (_malloc_r)
/usr/local/Cellar/arm-none-eabi-gcc/10.3-2021.07/gcc/bin/../lib/gcc/arm-none-eabi/10.3.1/../../../../arm-none-eabi/lib/thumb/v6-m/nofp/libg.a(lib_a-mlock.o)
                              /usr/local/Cellar/arm-none-eabi-gcc/10.3-2021.07/gcc/bin/../lib/gcc/arm-none-eabi/10.3.1/../../../../arm-none-eabi/lib/thumb/v6-m/nofp/libg.a(lib_a-mallocr.o) (__malloc_lock)
/usr/local/Cellar/arm-none-eabi-gcc/10.3-2021.07/gcc/bin/../lib/gcc/arm-none-eabi/10.3.1/../../../../arm-none-eabi/lib/thumb/v6-m/nofp/libg.a(lib_a-realloc.o)
                              CMakeFiles/pio_uart_tx.dir/Users/masonwright/pico/pico-sdk/src/rp2_common/pico_malloc/pico_malloc.c.obj (realloc)
/usr/local/Cellar/arm-none-eabi-gcc/10.3-2021.07/gcc/bin/../lib/gcc/arm-none-eabi/10.3.1/../../../../arm-none-eabi/lib/thumb/v6-m/nofp/libg.a(lib_a-reallocr.o)
                              /usr/local/Cellar/arm-none-eabi-gcc/10.3-2021.07/gcc/bin/../lib/gcc/arm-none-eabi/10.3.1/../../../../arm-none-eabi/lib/thumb/v6-m/nofp/libg.a(lib_a-realloc.o) (_realloc_r)
/usr/local/Cellar/arm-none-eabi-gcc/10.3-2021.07/gcc/bin/../lib/gcc/arm-none-eabi/10.3.1/../../../../arm-none-eabi/lib/thumb/v6-m/nofp/libg.a(lib_a-sbrkr.o)
                              /usr/local/Cellar/arm-none-eabi-gcc/10.3-2021.07/gcc/bin/../lib/gcc/arm-none-eabi/10.3.1/../../../../arm-none-eabi/lib/thumb/v6-m/nofp/libg.a(lib_a-mallocr.o) (_sbrk_r)
/usr/local/Cellar/arm-none-eabi-gcc/10.3-2021.07/gcc/bin/../lib/gcc/arm-none-eabi/10.3.1/../../../../arm-none-eabi/lib/thumb/v6-m/nofp/libg.a(lib_a-strlen-stub.o)
                              CMakeFiles/pio_uart_tx.dir/Users/masonwright/pico/pico-sdk/src/rp2_common/pico_stdio/stdio.c.obj (strlen)
/usr/local/Cellar/arm-none-eabi-gcc/10.3-2021.07/gcc/bin/../lib/gcc/arm-none-eabi/10.3.1/../../../../arm-none-eabi/lib/thumb/v6-m/nofp/libg.a(lib_a-freer.o)
                              /usr/local/Cellar/arm-none-eabi-gcc/10.3-2021.07/gcc/bin/../lib/gcc/arm-none-eabi/10.3.1/../../../../arm-none-eabi/lib/thumb/v6-m/nofp/libg.a(lib_a-malloc.o) (_free_r)
/usr/local/Cellar/arm-none-eabi-gcc/10.3-2021.07/gcc/bin/../lib/gcc/arm-none-eabi/10.3.1/../../../../arm-none-eabi/lib/thumb/v6-m/nofp/libg.a(lib_a-lock.o)
[...]
Memory Configuration

Name             Origin             Length             Attributes
FLASH            0x0000000010000000 0x0000000000200000 xr
RAM              0x0000000020000000 0x0000000000040000 xrw
SCRATCH_X        0x0000000020040000 0x0000000000001000 xrw
SCRATCH_Y        0x0000000020041000 0x0000000000001000 xrw
*default*        0x0000000000000000 0xffffffffffffffff

Linker script and memory map

LOAD /usr/local/Cellar/arm-none-eabi-gcc/10.3-2021.07/gcc/bin/../lib/gcc/arm-none-eabi/10.3.1/thumb/v6-m/nofp/crti.o
LOAD /usr/local/Cellar/arm-none-eabi-gcc/10.3-2021.07/gcc/bin/../lib/gcc/arm-none-eabi/10.3.1/thumb/v6-m/nofp/crtbegin.o
LOAD /usr/local/Cellar/arm-none-eabi-gcc/10.3-2021.07/gcc/bin/../lib/gcc/arm-none-eabi/10.3.1/../../../../arm-none-eabi/lib/thumb/v6-m/nofp/crt0.o

.flash_begin    0x0000000010000000        0x0
                0x0000000010000000                __flash_binary_start = .

.boot2          0x0000000010000000      0x100
                0x0000000010000000                __boot2_start__ = .
 *(.boot2)
 .boot2         0x0000000010000000      0x100 /var/folders/7b/c07zbwkj03nf7cs4vm_0yw1w0000gn/T//ccpJ2vdv.o
                0x0000000010000100                __boot2_end__ = .
                0x0000000000000001                ASSERT (((__boot2_end__ - __boot2_start__) == 0x100), ERROR: Pico second stage bootloader must be 256 bytes in size)

.text           0x0000000010000100     0x4518
                0x0000000010000100                __logical_binary_start = .
 *(.vectors)
 .vectors       0x0000000010000100       0xd4 CMakeFiles/pio_uart_tx.dir/Users/masonwright/pico/pico-sdk/src/rp2_common/pico_standard_link/crt0.S.obj
                0x0000000010000100                __VECTOR_TABLE
                0x0000000010000100                __vectors
                0x00000000100001c0                __default_isrs_start
                0x00000000100001c0                isr_invalid
                0x00000000100001c2                isr_nmi
                0x00000000100001c4                isr_hardfault
                0x00000000100001c6                isr_svcall
                0x00000000100001c8                isr_pendsv
                0x00000000100001ca                isr_systick
                0x00000000100001cc                isr_irq28
                0x00000000100001cc                isr_irq19
                0x00000000100001cc                isr_irq0
                0x00000000100001cc                isr_irq6
                0x00000000100001cc                isr_irq22
                0x00000000100001cc                isr_irq17
                0x00000000100001cc                isr_irq14
                0x00000000100001cc                isr_irq2
                0x00000000100001cc                isr_irq10
                0x00000000100001cc                isr_irq8
                0x00000000100001cc                isr_irq24
                0x00000000100001cc                isr_irq1
                0x00000000100001cc                isr_irq7
                0x00000000100001cc                isr_irq21
                0x00000000100001cc                isr_irq20
                0x00000000100001cc                isr_irq15
                0x00000000100001cc                isr_irq25
                0x00000000100001cc                isr_irq4
                0x00000000100001cc                isr_irq16
                0x00000000100001cc                isr_irq29
                0x00000000100001cc                isr_irq26
                0x00000000100001cc                __default_isrs_end
                0x00000000100001cc                isr_irq3
                0x00000000100001cc                isr_irq9
                0x00000000100001cc                __unhandled_user_irq
                0x00000000100001cc                isr_irq13
                0x00000000100001cc                isr_irq27
                0x00000000100001cc                isr_irq31
                0x00000000100001cc                isr_irq5
                0x00000000100001cc                isr_irq11
                0x00000000100001cc                isr_irq23
                0x00000000100001cc                isr_irq18
                0x00000000100001cc                isr_irq30
                0x00000000100001cc                isr_irq12
                0x00000000100001d2                unhandled_user_irq_num_in_r0
 *(.binary_info_header)
 .binary_info_header
                0x00000000100001d4       0x14 CMakeFiles/pio_uart_tx.dir/Users/masonwright/pico/pico-sdk/src/rp2_common/pico_standard_link/crt0.S.obj
                0x00000000100001e8                __binary_info_header_end = .
 *(.reset)
 .reset         0x00000000100001e8       0xa8 CMakeFiles/pio_uart_tx.dir/Users/masonwright/pico/pico-sdk/src/rp2_common/pico_standard_link/crt0.S.obj
                0x00000000100001e8                _entry_point
                0x0000000010000266                __get_current_exception
 .reset         0x0000000010000290       0x30 CMakeFiles/pio_uart_tx.dir/Users/masonwright/pico/pico-sdk/src/rp2_common/pico_standard_link/binary_info.c.obj
 *(.init)
 .init          0x00000000100002c0        0x4 /usr/local/Cellar/arm-none-eabi-gcc/10.3-2021.07/gcc/bin/../lib/gcc/arm-none-eabi/10.3.1/thumb/v6-m/nofp/crti.o
                0x00000000100002c0                _init
 *(EXCLUDE_FILE(*libm.a: *libc.a:*lib_a-mem*.o *libgcc.a:) .text*)
 .text          0x00000000100002c4       0x48 /usr/local/Cellar/arm-none-eabi-gcc/10.3-2021.07/gcc/bin/../lib/gcc/arm-none-eabi/10.3.1/thumb/v6-m/nofp/crtbegin.o
 .text.main     0x000000001000030c      0x164 CMakeFiles/pio_uart_tx.dir/uart_tx.c.obj
                0x000000001000030c                main
 .text.gpio_set_function
                0x0000000010000470       0x30 CMakeFiles/pio_uart_tx.dir/Users/masonwright/pico/pico-sdk/src/rp2_common/hardware_gpio/gpio.c.obj
                0x0000000010000470                gpio_set_function
 .text.hw_claim_lock
                0x00000000100004a0       0x18 CMakeFiles/pio_uart_tx.dir/Users/masonwright/pico/pico-sdk/src/rp2_common/hardware_claim/claim.c.obj
                0x00000000100004a0                hw_claim_lock
 .text.hw_claim_unlock
                0x00000000100004b8       0x14 CMakeFiles/pio_uart_tx.dir/Users/masonwright/pico/pico-sdk/src/rp2_common/hardware_claim/claim.c.obj
                0x00000000100004b8                hw_claim_unlock
 .text.hw_claim_or_assert
                0x00000000100004cc       0x32 CMakeFiles/pio_uart_tx.dir/Users/masonwright/pico/pico-sdk/src/rp2_common/hardware_claim/claim.c.obj
                0x00000000100004cc                hw_claim_or_assert
 *fill*         0x00000000100004fe        0x2 
 .text.running_on_fpga
                0x0000000010000500       0x14 CMakeFiles/pio_uart_tx.dir/Users/masonwright/pico/pico-sdk/src/rp2_common/pico_platform/platform.c.obj
                0x0000000010000500                running_on_fpga
 .text.spin_locks_reset
                0x0000000010000514       0x20 CMakeFiles/pio_uart_tx.dir/Users/masonwright/pico/pico-sdk/src/rp2_common/hardware_sync/sync.c.obj
                0x0000000010000514                spin_locks_reset
 .text.next_striped_spin_lock_num
                0x0000000010000534       0x1c CMakeFiles/pio_uart_tx.dir/Users/masonwright/pico/pico-sdk/src/rp2_common/hardware_sync/sync.c.obj
                0x0000000010000534                next_striped_spin_lock_num
 .text.set_raw_irq_handler_and_unlock
                0x0000000010000550       0x28 CMakeFiles/pio_uart_tx.dir/Users/masonwright/pico/pico-sdk/src/rp2_common/hardware_irq/irq.c.obj
 .text.make_branch
                0x0000000010000578       0x48 CMakeFiles/pio_uart_tx.dir/Users/masonwright/pico/pico-sdk/src/rp2_common/hardware_irq/irq.c.obj
 .text.insert_branch_and_link
                0x00000000100005c0       0x40 CMakeFiles/pio_uart_tx.dir/Users/masonwright/pico/pico-sdk/src/rp2_common/hardware_irq/irq.c.obj
 .text.irq_is_enabled
                0x0000000010000600       0x18 CMakeFiles/pio_uart_tx.dir/Users/masonwright/pico/pico-sdk/src/rp2_common/hardware_irq/irq.c.obj
                0x0000000010000600                irq_is_enabled
 .text.irq_set_mask_enabled
                0x0000000010000618       0x20 CMakeFiles/pio_uart_tx.dir/Users/masonwright/pico/pico-sdk/src/rp2_common/hardware_irq/irq.c.obj
                0x0000000010000618                irq_set_mask_enabled
 .text.irq_set_enabled
                0x0000000010000638        0xe CMakeFiles/pio_uart_tx.dir/Users/masonwright/pico/pico-sdk/src/rp2_common/hardware_irq/irq.c.obj
                0x0000000010000638                irq_set_enabled
 *fill*         0x0000000010000646        0x2 
 .text.irq_get_vtable_handler
                0x0000000010000648       0x10 CMakeFiles/pio_uart_tx.dir/Users/masonwright/pico/pico-sdk/src/rp2_common/hardware_irq/irq.c.obj
                0x0000000010000648                irq_get_vtable_handler
 .text.irq_set_exclusive_handler
                0x0000000010000658       0x54 CMakeFiles/pio_uart_tx.dir/Users/masonwright/pico/pico-sdk/src/rp2_common/hardware_irq/irq.c.obj
                0x0000000010000658                irq_set_exclusive_handler
 .text.irq_remove_handler
                0x00000000100006ac      0x1a8 CMakeFiles/pio_uart_tx.dir/Users/masonwright/pico/pico-sdk/src/rp2_common/hardware_irq/irq.c.obj
                0x00000000100006ac                irq_remove_handler
 .text.irq_add_tail_to_free_list
                0x0000000010000854       0xf0 CMakeFiles/pio_uart_tx.dir/Users/masonwright/pico/pico-sdk/src/rp2_common/hardware_irq/irq.c.obj
                0x0000000010000854                irq_add_tail_to_free_list
 .text.irq_init_priorities
                0x0000000010000944       0x1c CMakeFiles/pio_uart_tx.dir/Users/masonwright/pico/pico-sdk/src/rp2_common/hardware_irq/irq.c.obj
                0x0000000010000944                irq_init_priorities
 .text.lock_init
                0x0000000010000960       0x10 CMakeFiles/pio_uart_tx.dir/Users/masonwright/pico/pico-sdk/src/common/pico_sync/lock_core.c.obj
                0x0000000010000960                lock_init
 .text.alarm_pool_post_alloc_init
                0x0000000010000970       0x40 CMakeFiles/pio_uart_tx.dir/Users/masonwright/pico/pico-sdk/src/common/pico_time/time.c.obj
 .text.sleep_until_callback
                0x00000000100009b0       0x30 CMakeFiles/pio_uart_tx.dir/Users/masonwright/pico/pico-sdk/src/common/pico_time/time.c.obj
 .text.timer_pool_entry_comparator
                0x00000000100009e0       0x7c CMakeFiles/pio_uart_tx.dir/Users/masonwright/pico/pico-sdk/src/common/pico_time/time.c.obj
                0x00000000100009e0                timer_pool_entry_comparator
 .text.ph_add_child_node
                0x0000000010000a5c       0xa4 CMakeFiles/pio_uart_tx.dir/Users/masonwright/pico/pico-sdk/src/common/pico_time/time.c.obj
 .text.ph_merge_nodes
                0x0000000010000b00       0x3e CMakeFiles/pio_uart_tx.dir/Users/masonwright/pico/pico-sdk/src/common/pico_time/time.c.obj
 *fill*         0x0000000010000b3e        0x2 
 .text.add_alarm_under_lock
                0x0000000010000b40      0x174 CMakeFiles/pio_uart_tx.dir/Users/masonwright/pico/pico-sdk/src/common/pico_time/time.c.obj
 .text.alarm_pool_alarm_callback
                0x0000000010000cb4      0x328 CMakeFiles/pio_uart_tx.dir/Users/masonwright/pico/pico-sdk/src/common/pico_time/time.c.obj
 .text.alarm_pool_init_default
                0x0000000010000fdc       0x38 CMakeFiles/pio_uart_tx.dir/Users/masonwright/pico/pico-sdk/src/common/pico_time/time.c.obj
                0x0000000010000fdc                alarm_pool_init_default
 .text.alarm_pool_get_default
                0x0000000010001014       0x2c CMakeFiles/pio_uart_tx.dir/Users/masonwright/pico/pico-sdk/src/common/pico_time/time.c.obj
                0x0000000010001014                alarm_pool_get_default
 .text.alarm_pool_add_alarm_at
                0x0000000010001040      0x170 CMakeFiles/pio_uart_tx.dir/Users/masonwright/pico/pico-sdk/src/common/pico_time/time.c.obj
                0x0000000010001040                alarm_pool_add_alarm_at
 .text.sleep_until
                0x00000000100011b0       0xfc CMakeFiles/pio_uart_tx.dir/Users/masonwright/pico/pico-sdk/src/common/pico_time/time.c.obj
                0x00000000100011b0                sleep_until
 .text.sleep_us
                0x00000000100012ac       0x58 CMakeFiles/pio_uart_tx.dir/Users/masonwright/pico/pico-sdk/src/common/pico_time/time.c.obj
                0x00000000100012ac                sleep_us
 .text.sleep_ms
                0x0000000010001304       0x14 CMakeFiles/pio_uart_tx.dir/Users/masonwright/pico/pico-sdk/src/common/pico_time/time.c.obj
                0x0000000010001304                sleep_ms
 .text.hardware_alarm_irq_handler
                0x0000000010001318       0x8c CMakeFiles/pio_uart_tx.dir/Users/masonwright/pico/pico-sdk/src/rp2_common/hardware_timer/timer.c.obj
 .text.hardware_alarm_claim
                0x00000000100013a4       0x18 CMakeFiles/pio_uart_tx.dir/Users/masonwright/pico/pico-sdk/src/rp2_common/hardware_timer/timer.c.obj
                0x00000000100013a4                hardware_alarm_claim
 .text.time_us_64
                0x00000000100013bc       0x18 CMakeFiles/pio_uart_tx.dir/Users/masonwright/pico/pico-sdk/src/rp2_common/hardware_timer/timer.c.obj
                0x00000000100013bc                time_us_64
 .text.busy_wait_until
                0x00000000100013d4       0x28 CMakeFiles/pio_uart_tx.dir/Users/masonwright/pico/pico-sdk/src/rp2_common/hardware_timer/timer.c.obj
                0x00000000100013d4                busy_wait_until
 .text.hardware_alarm_set_callback
                0x00000000100013fc       0x90 CMakeFiles/pio_uart_tx.dir/Users/masonwright/pico/pico-sdk/src/rp2_common/hardware_timer/timer.c.obj
                0x00000000100013fc                hardware_alarm_set_callback
 .text.hardware_alarm_set_target
                0x000000001000148c       0xe8 CMakeFiles/pio_uart_tx.dir/Users/masonwright/pico/pico-sdk/src/rp2_common/hardware_timer/timer.c.obj
                0x000000001000148c                hardware_alarm_set_target
 .text.hardware_alarm_cancel
                0x0000000010001574       0x40 CMakeFiles/pio_uart_tx.dir/Users/masonwright/pico/pico-sdk/src/rp2_common/hardware_timer/timer.c.obj
                0x0000000010001574                hardware_alarm_cancel
 .text.ph_add_child_node
                0x00000000100015b4       0xa4 CMakeFiles/pio_uart_tx.dir/Users/masonwright/pico/pico-sdk/src/common/pico_util/pheap.c.obj
 .text.ph_merge_nodes
                0x0000000010001658       0x3e CMakeFiles/pio_uart_tx.dir/Users/masonwright/pico/pico-sdk/src/common/pico_util/pheap.c.obj
 *fill*         0x0000000010001696        0x2 
 .text.ph_clear
                0x0000000010001698       0x70 CMakeFiles/pio_uart_tx.dir/Users/masonwright/pico/pico-sdk/src/common/pico_util/pheap.c.obj
                0x0000000010001698                ph_clear
 .text.ph_post_alloc_init
                0x0000000010001708        0xe CMakeFiles/pio_uart_tx.dir/Users/masonwright/pico/pico-sdk/src/common/pico_util/pheap.c.obj
                0x0000000010001708                ph_post_alloc_init
 *fill*         0x0000000010001716        0x2 
 .text.ph_merge_two_pass
                0x0000000010001718       0xa8 CMakeFiles/pio_uart_tx.dir/Users/masonwright/pico/pico-sdk/src/common/pico_util/pheap.c.obj
                0x0000000010001718                ph_merge_two_pass
 .text.ph_remove_any_head
                0x00000000100017c0      0x108 CMakeFiles/pio_uart_tx.dir/Users/masonwright/pico/pico-sdk/src/common/pico_util/pheap.c.obj
 .text.ph_remove_head
                0x00000000100018c8       0x14 CMakeFiles/pio_uart_tx.dir/Users/masonwright/pico/pico-sdk/src/common/pico_util/pheap.c.obj
                0x00000000100018c8                ph_remove_head
 .text.ph_remove_and_free_node
                0x00000000100018dc       0xf8 CMakeFiles/pio_uart_tx.dir/Users/masonwright/pico/pico-sdk/src/common/pico_util/pheap.c.obj
                0x00000000100018dc                ph_remove_and_free_node
 .text.mutex_init
                0x00000000100019d4       0x1a CMakeFiles/pio_uart_tx.dir/Users/masonwright/pico/pico-sdk/src/common/pico_sync/mutex.c.obj
                0x00000000100019d4                mutex_init
 .text.recursive_mutex_init
                0x00000000100019ee       0x1e CMakeFiles/pio_uart_tx.dir/Users/masonwright/pico/pico-sdk/src/common/pico_sync/mutex.c.obj
                0x00000000100019ee                recursive_mutex_init
 .text._exit    0x0000000010001a0c        0x4 CMakeFiles/pio_uart_tx.dir/Users/masonwright/pico/pico-sdk/src/rp2_common/pico_runtime/runtime.c.obj
                0x0000000010001a0c                _exit
 .text.exit     0x0000000010001a10        0x6 CMakeFiles/pio_uart_tx.dir/Users/masonwright/pico/pico-sdk/src/rp2_common/pico_runtime/runtime.c.obj
                0x0000000010001a10                exit
 *fill*         0x0000000010001a16        0x2 
 .text.__assert_func
                0x0000000010001a18       0x3c CMakeFiles/pio_uart_tx.dir/Users/masonwright/pico/pico-sdk/src/rp2_common/pico_runtime/runtime.c.obj
                0x0000000010001a18                __assert_func
 .text.runtime_init
                0x0000000010001a54       0xf8 CMakeFiles/pio_uart_tx.dir/Users/masonwright/pico/pico-sdk/src/rp2_common/pico_runtime/runtime.c.obj
                0x0000000010001a54                runtime_init
 .text.panic    0x0000000010001b4c       0x30 CMakeFiles/pio_uart_tx.dir/Users/masonwright/pico/pico-sdk/src/rp2_common/pico_runtime/runtime.c.obj
                0x0000000010001b4c                panic
 .text.clock_configure
                0x0000000010001b7c      0x104 CMakeFiles/pio_uart_tx.dir/Users/masonwright/pico/pico-sdk/src/rp2_common/hardware_clocks/clocks.c.obj
                0x0000000010001b7c                clock_configure
 .text.clocks_init
                0x0000000010001c80      0x100 CMakeFiles/pio_uart_tx.dir/Users/masonwright/pico/pico-sdk/src/rp2_common/hardware_clocks/clocks.c.obj
                0x0000000010001c80                clocks_init
 .text.clock_get_hz
                0x0000000010001d80        0xc CMakeFiles/pio_uart_tx.dir/Users/masonwright/pico/pico-sdk/src/rp2_common/hardware_clocks/clocks.c.obj
                0x0000000010001d80                clock_get_hz
 .text.pll_init
                0x0000000010001d8c      0x140 CMakeFiles/pio_uart_tx.dir/Users/masonwright/pico/pico-sdk/src/rp2_common/hardware_pll/pll.c.obj
                0x0000000010001d8c                pll_init
 .text.watchdog_start_tick
                0x0000000010001ecc       0x10 CMakeFiles/pio_uart_tx.dir/Users/masonwright/pico/pico-sdk/src/rp2_common/hardware_watchdog/watchdog.c.obj
                0x0000000010001ecc                watchdog_start_tick
 .text.xosc_init
                0x0000000010001edc       0x28 CMakeFiles/pio_uart_tx.dir/Users/masonwright/pico/pico-sdk/src/rp2_common/hardware_xosc/xosc.c.obj
                0x0000000010001edc                xosc_init
 .text._out_null
                0x0000000010001f04        0x2 CMakeFiles/pio_uart_tx.dir/Users/masonwright/pico/pico-sdk/src/rp2_common/pico_printf/printf.c.obj
 .text._out_fct
                0x0000000010001f06        0xe CMakeFiles/pio_uart_tx.dir/Users/masonwright/pico/pico-sdk/src/rp2_common/pico_printf/printf.c.obj
 .text._atoi    0x0000000010001f14       0x24 CMakeFiles/pio_uart_tx.dir/Users/masonwright/pico/pico-sdk/src/rp2_common/pico_printf/printf.c.obj
 .text._out_rev
                0x0000000010001f38       0xae CMakeFiles/pio_uart_tx.dir/Users/masonwright/pico/pico-sdk/src/rp2_common/pico_printf/printf.c.obj
 .text._ntoa_format
                0x0000000010001fe6      0x112 CMakeFiles/pio_uart_tx.dir/Users/masonwright/pico/pico-sdk/src/rp2_common/pico_printf/printf.c.obj
 .text._ntoa_long
                0x00000000100020f8       0xbc CMakeFiles/pio_uart_tx.dir/Users/masonwright/pico/pico-sdk/src/rp2_common/pico_printf/printf.c.obj
 .text._ntoa_long_long
                0x00000000100021b4       0xe2 CMakeFiles/pio_uart_tx.dir/Users/masonwright/pico/pico-sdk/src/rp2_common/pico_printf/printf.c.obj
 *fill*         0x0000000010002296        0x2 
 .text._etoa    0x0000000010002298      0x414 CMakeFiles/pio_uart_tx.dir/Users/masonwright/pico/pico-sdk/src/rp2_common/pico_printf/printf.c.obj
 .text._ftoa    0x00000000100026ac      0x354 CMakeFiles/pio_uart_tx.dir/Users/masonwright/pico/pico-sdk/src/rp2_common/pico_printf/printf.c.obj
 .text._vsnprintf
                0x0000000010002a00      0x624 CMakeFiles/pio_uart_tx.dir/Users/masonwright/pico/pico-sdk/src/rp2_common/pico_printf/printf.c.obj
 .text.vfctprintf
                0x0000000010003024       0x20 CMakeFiles/pio_uart_tx.dir/Users/masonwright/pico/pico-sdk/src/rp2_common/pico_printf/printf.c.obj
                0x0000000010003024                vfctprintf
 .text          0x0000000010003044       0x10 CMakeFiles/pio_uart_tx.dir/Users/masonwright/pico/pico-sdk/src/rp2_common/pico_bit_ops/bit_ops_aeabi.S.obj
 .text.ctzsi    0x0000000010003054        0xc CMakeFiles/pio_uart_tx.dir/Users/masonwright/pico/pico-sdk/src/rp2_common/pico_bit_ops/bit_ops_aeabi.S.obj
                0x0000000010003054                __wrap___ctzsi2
 .text.rom_func_lookup
                0x0000000010003060       0x10 CMakeFiles/pio_uart_tx.dir/Users/masonwright/pico/pico-sdk/src/rp2_common/pico_bootrom/bootrom.c.obj
                0x0000000010003060                rom_func_lookup
 .text.rom_data_lookup
                0x0000000010003070       0x10 CMakeFiles/pio_uart_tx.dir/Users/masonwright/pico/pico-sdk/src/rp2_common/pico_bootrom/bootrom.c.obj
                0x0000000010003070                rom_data_lookup
 .text.rom_funcs_lookup
                0x0000000010003080       0x36 CMakeFiles/pio_uart_tx.dir/Users/masonwright/pico/pico-sdk/src/rp2_common/pico_bootrom/bootrom.c.obj
                0x0000000010003080                rom_funcs_lookup
 *fill*         0x00000000100030b6        0x2 
 .text.__wrap___aeabi_idiv
                0x00000000100030b8       0x50 CMakeFiles/pio_uart_tx.dir/Users/masonwright/pico/pico-sdk/src/rp2_common/pico_divider/divider.S.obj
                0x00000000100030b8                __wrap___aeabi_idivmod
                0x00000000100030b8                divmod_s32s32
                0x00000000100030b8                div_s32s32
                0x00000000100030b8                __wrap___aeabi_idiv
                0x00000000100030c0                divmod_s32s32_unsafe
                0x00000000100030ec                divmod_s32s32_savestate
 .text.__wrap___aeabi_uidiv
                0x0000000010003108       0x4c CMakeFiles/pio_uart_tx.dir/Users/masonwright/pico/pico-sdk/src/rp2_common/pico_divider/divider.S.obj
                0x0000000010003108                __wrap___aeabi_uidiv
                0x0000000010003108                __wrap___aeabi_uidivmod
                0x0000000010003108                div_u32u32
                0x0000000010003108                divmod_u32u32
                0x0000000010003110                divmod_u32u32_unsafe
                0x0000000010003138                divmod_u32u32_savestate
 .text.__wrap___aeabi_ldiv
                0x0000000010003154      0x434 CMakeFiles/pio_uart_tx.dir/Users/masonwright/pico/pico-sdk/src/rp2_common/pico_divider/divider.S.obj
                0x0000000010003154                __wrap___aeabi_ldivmod
                0x0000000010003154                div_s64s64
                0x0000000010003154                divmod_s64s64
                0x000000001000318c                divmod_u64u64
                0x000000001000318c                div_u64u64
                0x000000001000318c                __wrap___aeabi_uldivmod
                0x000000001000319c                divmod_u64u64_savestate
                0x00000000100031c4                divmod_s64s64_unsafe
                0x000000001000324c                divmod_u64u64_unsafe
 .text.__wrap___aeabi_darithmetic
                0x0000000010003588       0x80 CMakeFiles/pio_uart_tx.dir/Users/masonwright/pico/pico-sdk/src/rp2_common/pico_double/double_aeabi.S.obj
                0x0000000010003588                __wrap___aeabi_drsub
                0x000000001000358e                __wrap___aeabi_dsub
                0x00000000100035a0                __wrap___aeabi_dadd
                0x00000000100035b2                __wrap___aeabi_ddiv
                0x00000000100035ee                __wrap___aeabi_dmul
 .text.__wrap___aeabi_cdcmple
                0x0000000010003608       0x6c CMakeFiles/pio_uart_tx.dir/Users/masonwright/pico/pico-sdk/src/rp2_common/pico_double/double_aeabi.S.obj
                0x0000000010003608                __wrap___aeabi_cdrcmple
                0x0000000010003618                __wrap___aeabi_cdcmple
                0x0000000010003618                __wrap___aeabi_cdcmpeq
 .text.__wrap___aeabi_dcmplt
                0x0000000010003674        0xc CMakeFiles/pio_uart_tx.dir/Users/masonwright/pico/pico-sdk/src/rp2_common/pico_double/double_aeabi.S.obj
                0x0000000010003674                __wrap___aeabi_dcmplt
 .text.__wrap___aeabi_dcmple
                0x0000000010003680       0x10 CMakeFiles/pio_uart_tx.dir/Users/masonwright/pico/pico-sdk/src/rp2_common/pico_double/double_aeabi.S.obj
                0x0000000010003680                __wrap___aeabi_dcmple
 .text.__wrap___aeabi_dcmpge
                0x0000000010003690       0x10 CMakeFiles/pio_uart_tx.dir/Users/masonwright/pico/pico-sdk/src/rp2_common/pico_double/double_aeabi.S.obj
                0x0000000010003690                __wrap___aeabi_dcmpge
 .text.__wrap___aeabi_dcmpgt
                0x00000000100036a0        0xa CMakeFiles/pio_uart_tx.dir/Users/masonwright/pico/pico-sdk/src/rp2_common/pico_double/double_aeabi.S.obj
                0x00000000100036a0                __wrap___aeabi_dcmpgt
 .text.__wrap___aeabi_dcmpun
                0x00000000100036aa       0x1c CMakeFiles/pio_uart_tx.dir/Users/masonwright/pico/pico-sdk/src/rp2_common/pico_double/double_aeabi.S.obj
                0x00000000100036aa                __wrap___aeabi_dcmpun
 *fill*         0x00000000100036c6        0x2 
 .text.__wrap___aeabi_i2d
                0x00000000100036c8       0x38 CMakeFiles/pio_uart_tx.dir/Users/masonwright/pico/pico-sdk/src/rp2_common/pico_double/double_aeabi.S.obj
                0x00000000100036c8                __wrap___aeabi_ui2d
                0x00000000100036d0                __wrap___aeabi_i2d
 .text.__wrap___aeabi_d2iz
                0x0000000010003700       0x48 CMakeFiles/pio_uart_tx.dir/Users/masonwright/pico/pico-sdk/src/rp2_common/pico_double/double_aeabi.S.obj
                0x0000000010003700                __wrap___aeabi_d2iz
                0x0000000010003700                double2int_z
 .text.__wrap___aeabi_d2uiz
                0x0000000010003748       0x18 CMakeFiles/pio_uart_tx.dir/Users/masonwright/pico/pico-sdk/src/rp2_common/pico_double/double_aeabi.S.obj
                0x0000000010003748                double2uint
                0x0000000010003748                __wrap___aeabi_d2uiz
 .text.__aeabi_double_init
                0x0000000010003760       0xc8 CMakeFiles/pio_uart_tx.dir/Users/masonwright/pico/pico-sdk/src/rp2_common/pico_double/double_init_rom.c.obj
                0x0000000010003760                __aeabi_double_init
 .text.double_table_shim_on_use_helper
                0x0000000010003828       0x34 CMakeFiles/pio_uart_tx.dir/Users/masonwright/pico/pico-sdk/src/rp2_common/pico_double/double_v1_rom_shim.S.obj
                0x0000000010003828                double_table_shim_on_use_helper
 .text.__wrap___aeabi_dsub
                0x000000001000385c       0x10 CMakeFiles/pio_uart_tx.dir/Users/masonwright/pico/pico-sdk/src/rp2_common/pico_double/double_v1_rom_shim.S.obj
                0x000000001000385c                drsub_shim
                0x0000000010003862                dsub_shim
 .text.dadd_shim
                0x000000001000386c      0x15c CMakeFiles/pio_uart_tx.dir/Users/masonwright/pico/pico-sdk/src/rp2_common/pico_double/double_v1_rom_shim.S.obj
                0x000000001000386c                dadd_shim
 .text.dmul_shim
                0x00000000100039c8      0x15c CMakeFiles/pio_uart_tx.dir/Users/masonwright/pico/pico-sdk/src/rp2_common/pico_double/double_v1_rom_shim.S.obj
                0x00000000100039c8                dmul_shim
 .text.ddiv_shim
                0x0000000010003b24      0x1b0 CMakeFiles/pio_uart_tx.dir/Users/masonwright/pico/pico-sdk/src/rp2_common/pico_double/double_v1_rom_shim.S.obj
                0x0000000010003b24                ddiv_shim
 .text.double2uint_shim
                0x0000000010003cd4        0xe CMakeFiles/pio_uart_tx.dir/Users/masonwright/pico/pico-sdk/src/rp2_common/pico_double/double_v1_rom_shim.S.obj
                0x0000000010003cd4                double2uint_shim
                0x0000000010003cd6                double2ufix_shim
 *fill*         0x0000000010003ce2        0x2 
 .text.double2uint64_shim
                0x0000000010003ce4       0x70 CMakeFiles/pio_uart_tx.dir/Users/masonwright/pico/pico-sdk/src/rp2_common/pico_double/double_v1_rom_shim.S.obj
                0x0000000010003ce4                double2uint64_shim
                0x0000000010003ce6                double2ufix64_shim
                0x0000000010003d06                d2fix_a
 .text.dunpacks
                0x0000000010003d54       0x3c CMakeFiles/pio_uart_tx.dir/Users/masonwright/pico/pico-sdk/src/rp2_common/pico_double/double_v1_rom_shim.S.obj
                0x0000000010003d54                dunpacks
 .text.__aeabi_lmul
                0x0000000010003d90       0x32 CMakeFiles/pio_uart_tx.dir/Users/masonwright/pico/pico-sdk/src/rp2_common/pico_int64_ops/pico_int64_ops_aeabi.S.obj
                0x0000000010003d90                __wrap___aeabi_lmul
 *fill*         0x0000000010003dc2        0x2 
 .text.__wrap___aeabi_farithmetic
                0x0000000010003dc4       0x58 CMakeFiles/pio_uart_tx.dir/Users/masonwright/pico/pico-sdk/src/rp2_common/pico_float/float_aeabi.S.obj
                0x0000000010003dc4                __wrap___aeabi_frsub
                0x0000000010003dca                __wrap___aeabi_fsub
                0x0000000010003dd4                __wrap___aeabi_fadd
                0x0000000010003dde                __wrap___aeabi_fdiv
                0x0000000010003e0a                __wrap___aeabi_fmul
 .text.__wrap___aeabi_ui2f
                0x0000000010003e1c        0xa CMakeFiles/pio_uart_tx.dir/Users/masonwright/pico/pico-sdk/src/rp2_common/pico_float/float_aeabi.S.obj
                0x0000000010003e1c                __wrap___aeabi_ui2f
 *fill*         0x0000000010003e26        0x2 
 .text.__wrap___aeabi_i2f
                0x0000000010003e28       0x44 CMakeFiles/pio_uart_tx.dir/Users/masonwright/pico/pico-sdk/src/rp2_common/pico_float/float_aeabi.S.obj
                0x0000000010003e28                __wrap___aeabi_i2f
 .text.__wrap___aeabi_f2uiz
                0x0000000010003e6c       0x10 CMakeFiles/pio_uart_tx.dir/Users/masonwright/pico/pico-sdk/src/rp2_common/pico_float/float_aeabi.S.obj
                0x0000000010003e6c                __wrap___aeabi_f2uiz
 .text.__aeabi_float_init
                0x0000000010003e7c       0xfc CMakeFiles/pio_uart_tx.dir/Users/masonwright/pico/pico-sdk/src/rp2_common/pico_float/float_init_rom.c.obj
                0x0000000010003e7c                __aeabi_float_init
 .text.float_table_shim_on_use_helper
                0x0000000010003f78       0x34 CMakeFiles/pio_uart_tx.dir/Users/masonwright/pico/pico-sdk/src/rp2_common/pico_float/float_v1_rom_shim.S.obj
                0x0000000010003f78                float_table_shim_on_use_helper
 .text          0x0000000010003fac       0x10 CMakeFiles/pio_uart_tx.dir/Users/masonwright/pico/pico-sdk/src/rp2_common/pico_mem_ops/mem_ops_aeabi.S.obj
                0x0000000010003fac                __aeabi_mem_init
 .text.memset   0x0000000010003fbc        0xc CMakeFiles/pio_uart_tx.dir/Users/masonwright/pico/pico-sdk/src/rp2_common/pico_mem_ops/mem_ops_aeabi.S.obj
                0x0000000010003fbc                __wrap_memset
 .text.memcpy   0x0000000010003fc8        0xc CMakeFiles/pio_uart_tx.dir/Users/masonwright/pico/pico-sdk/src/rp2_common/pico_mem_ops/mem_ops_aeabi.S.obj
                0x0000000010003fc8                __wrap___aeabi_memcpy
                0x0000000010003fc8                __wrap_memcpy
 .text.stdio_out_chars_no_crlf
                0x0000000010003fd4        0xe CMakeFiles/pio_uart_tx.dir/Users/masonwright/pico/pico-sdk/src/rp2_common/pico_stdio/stdio.c.obj
 *fill*         0x0000000010003fe2        0x2 
 .text.stdio_out_chars_crlf
                0x0000000010003fe4       0x80 CMakeFiles/pio_uart_tx.dir/Users/masonwright/pico/pico-sdk/src/rp2_common/pico_stdio/stdio.c.obj
 .text.stdio_stack_buffer_flush
                0x0000000010004064       0x44 CMakeFiles/pio_uart_tx.dir/Users/masonwright/pico/pico-sdk/src/rp2_common/pico_stdio/stdio.c.obj
 .text.stdio_buffered_printer
                0x00000000100040a8       0x20 CMakeFiles/pio_uart_tx.dir/Users/masonwright/pico/pico-sdk/src/rp2_common/pico_stdio/stdio.c.obj
 .text.stdout_serialize_begin
                0x00000000100040c8       0x30 CMakeFiles/pio_uart_tx.dir/Users/masonwright/pico/pico-sdk/src/rp2_common/pico_stdio/stdio.c.obj
                0x00000000100040c8                stdout_serialize_begin
 .text.stdout_serialize_end
                0x00000000100040f8       0x10 CMakeFiles/pio_uart_tx.dir/Users/masonwright/pico/pico-sdk/src/rp2_common/pico_stdio/stdio.c.obj
                0x00000000100040f8                stdout_serialize_end
 .text.stdio_put_string
                0x0000000010004108       0x98 CMakeFiles/pio_uart_tx.dir/Users/masonwright/pico/pico-sdk/src/rp2_common/pico_stdio/stdio.c.obj
 .text.stdio_flush
                0x00000000100041a0       0x20 CMakeFiles/pio_uart_tx.dir/Users/masonwright/pico/pico-sdk/src/rp2_common/pico_stdio/stdio.c.obj
                0x00000000100041a0                stdio_flush
 .text.__wrap_puts
                0x00000000100041c0       0x1e CMakeFiles/pio_uart_tx.dir/Users/masonwright/pico/pico-sdk/src/rp2_common/pico_stdio/stdio.c.obj
                0x00000000100041c0                __wrap_puts
 *fill*         0x00000000100041de        0x2 
 .text.__wrap_vprintf
                0x00000000100041e0       0x44 CMakeFiles/pio_uart_tx.dir/Users/masonwright/pico/pico-sdk/src/rp2_common/pico_stdio/stdio.c.obj
                0x00000000100041e0                __wrap_vprintf
 .text.__wrap_printf
                0x0000000010004224       0x18 CMakeFiles/pio_uart_tx.dir/Users/masonwright/pico/pico-sdk/src/rp2_common/pico_stdio/stdio.c.obj
                0x0000000010004224                __wrap_printf
 .text._pio_can_add_program_at_offset
                0x000000001000423c       0x3c CMakeFiles/pio_uart_tx.dir/Users/masonwright/pico/pico-sdk/src/rp2_common/hardware_pio/pio.c.obj
 .text._pio_find_offset_for_program
                0x0000000010004278       0x7c CMakeFiles/pio_uart_tx.dir/Users/masonwright/pico/pico-sdk/src/rp2_common/hardware_pio/pio.c.obj
 .text._pio_add_program_at_offset
                0x00000000100042f4       0x78 CMakeFiles/pio_uart_tx.dir/Users/masonwright/pico/pico-sdk/src/rp2_common/hardware_pio/pio.c.obj
 .text.pio_add_program
                0x000000001000436c       0x38 CMakeFiles/pio_uart_tx.dir/Users/masonwright/pico/pico-sdk/src/rp2_common/hardware_pio/pio.c.obj
                0x000000001000436c                pio_add_program
 .text.pio_sm_set_pins_with_mask
                0x00000000100043a4       0x6c CMakeFiles/pio_uart_tx.dir/Users/masonwright/pico/pico-sdk/src/rp2_common/hardware_pio/pio.c.obj
                0x00000000100043a4                pio_sm_set_pins_with_mask
 .text.pio_sm_set_pindirs_with_mask
                0x0000000010004410       0x70 CMakeFiles/pio_uart_tx.dir/Users/masonwright/pico/pico-sdk/src/rp2_common/hardware_pio/pio.c.obj
                0x0000000010004410                pio_sm_set_pindirs_with_mask
 .text.pio_sm_init
                0x0000000010004480       0xe4 CMakeFiles/pio_uart_tx.dir/Users/masonwright/pico/pico-sdk/src/rp2_common/hardware_pio/pio.c.obj
                0x0000000010004480                pio_sm_init
 .text.strlen   0x0000000010004564       0x5c /usr/local/Cellar/arm-none-eabi-gcc/10.3-2021.07/gcc/bin/../lib/gcc/arm-none-eabi/10.3.1/../../../../arm-none-eabi/lib/thumb/v6-m/nofp/libg.a(lib_a-strlen-stub.o)
                0x0000000010004564                strlen
 *(.fini)
 .fini          0x00000000100045c0        0x4 /usr/local/Cellar/arm-none-eabi-gcc/10.3-2021.07/gcc/bin/../lib/gcc/arm-none-eabi/10.3.1/thumb/v6-m/nofp/crti.o
                0x00000000100045c0                _fini
 *fill*         0x00000000100045c4        0x4 
 .fini.__stub   0x00000000100045c8       0x50 linker stubs
 *crtbegin.o(.ctors)
 *crtbegin?.o(.ctors)
 *(EXCLUDE_FILE(*crtend.o *crtend?.o) .ctors)
 *(SORT_BY_NAME(.ctors.*))
 *(.ctors)
 *crtbegin.o(.dtors)
 *crtbegin?.o(.dtors)
 *(EXCLUDE_FILE(*crtend.o *crtend?.o) .dtors)
 *(SORT_BY_NAME(.dtors.*))
 *(.dtors)
 *(.eh_frame*)
 .eh_frame      0x0000000010004618        0x0 /usr/local/Cellar/arm-none-eabi-gcc/10.3-2021.07/gcc/bin/../lib/gcc/arm-none-eabi/10.3.1/thumb/v6-m/nofp/crtbegin.o
                0x0000000010004618                . = ALIGN (0x4)

.glue_7         0x0000000010004618        0x0
 .glue_7        0x0000000010004618        0x0 linker stubs

.glue_7t        0x0000000010004618        0x0
 .glue_7t       0x0000000010004618        0x0 linker stubs

.vfp11_veneer   0x0000000010004618        0x0
 .vfp11_veneer  0x0000000010004618        0x0 linker stubs

.v4_bx          0x0000000010004618        0x0
 .v4_bx         0x0000000010004618        0x0 linker stubs

.iplt           0x0000000010004618        0x0
 .iplt          0x0000000010004618        0x0 /usr/local/Cellar/arm-none-eabi-gcc/10.3-2021.07/gcc/bin/../lib/gcc/arm-none-eabi/10.3.1/thumb/v6-m/nofp/crtbegin.o

.rodata         0x0000000010004618      0xf9c
 *(EXCLUDE_FILE(*libm.a: *libc.a:*lib_a-mem*.o *libgcc.a:) .rodata*)
 .rodata.main.str1.4
                0x0000000010004618       0x1b CMakeFiles/pio_uart_tx.dir/uart_tx.c.obj
 *fill*         0x0000000010004633        0x1 
 .rodata.uart_tx_program
                0x0000000010004634        0x6 CMakeFiles/pio_uart_tx.dir/uart_tx.c.obj
 *fill*         0x000000001000463a        0x2 
 .rodata.uart_tx_program_instructions
                0x000000001000463c        0x8 CMakeFiles/pio_uart_tx.dir/uart_tx.c.obj
 .rodata.make_branch.str1.4
                0x0000000010004644       0x73 CMakeFiles/pio_uart_tx.dir/Users/masonwright/pico/pico-sdk/src/rp2_common/hardware_irq/irq.c.obj
 *fill*         0x00000000100046b7        0x1 
 .rodata.insert_branch_and_link.str1.4
                0x00000000100046b8       0x10 CMakeFiles/pio_uart_tx.dir/Users/masonwright/pico/pico-sdk/src/rp2_common/hardware_irq/irq.c.obj
 .rodata.irq_set_exclusive_handler.str1.4
                0x00000000100046c8       0x36 CMakeFiles/pio_uart_tx.dir/Users/masonwright/pico/pico-sdk/src/rp2_common/hardware_irq/irq.c.obj
 *fill*         0x00000000100046fe        0x2 
 .rodata.irq_add_shared_handler.str1.4
                0x0000000010004700       0xd9 CMakeFiles/pio_uart_tx.dir/Users/masonwright/pico/pico-sdk/src/rp2_common/hardware_irq/irq.c.obj
 *fill*         0x00000000100047d9        0x3 
 .rodata.irq_remove_handler.str1.4
                0x00000000100047dc       0x2a CMakeFiles/pio_uart_tx.dir/Users/masonwright/pico/pico-sdk/src/rp2_common/hardware_irq/irq.c.obj
 *fill*         0x0000000010004806        0x2 
 .rodata.irq_add_tail_to_free_list.str1.4
                0x0000000010004808       0x3a CMakeFiles/pio_uart_tx.dir/Users/masonwright/pico/pico-sdk/src/rp2_common/hardware_irq/irq.c.obj
 *fill*         0x0000000010004842        0x2 
 .rodata.__func__.0
                0x0000000010004844       0x1a CMakeFiles/pio_uart_tx.dir/Users/masonwright/pico/pico-sdk/src/rp2_common/hardware_irq/irq.c.obj
 *fill*         0x000000001000485e        0x2 
 .rodata.__func__.1
                0x0000000010004860       0x17 CMakeFiles/pio_uart_tx.dir/Users/masonwright/pico/pico-sdk/src/rp2_common/hardware_irq/irq.c.obj
 *fill*         0x0000000010004877        0x1 
 .rodata.__func__.2
                0x0000000010004878       0x13 CMakeFiles/pio_uart_tx.dir/Users/masonwright/pico/pico-sdk/src/rp2_common/hardware_irq/irq.c.obj
 *fill*         0x000000001000488b        0x1 
 .rodata.__func__.3
                0x000000001000488c        0xc CMakeFiles/pio_uart_tx.dir/Users/masonwright/pico/pico-sdk/src/rp2_common/hardware_irq/irq.c.obj
 .rodata.__func__.4
                0x0000000010004898        0xf CMakeFiles/pio_uart_tx.dir/Users/masonwright/pico/pico-sdk/src/rp2_common/hardware_irq/irq.c.obj
 *fill*         0x00000000100048a7        0x1 
 .rodata.__func__.6
                0x00000000100048a8       0x1a CMakeFiles/pio_uart_tx.dir/Users/masonwright/pico/pico-sdk/src/rp2_common/hardware_irq/irq.c.obj
 *fill*         0x00000000100048c2        0x2 
 .rodata.repeating_timer_callback.str1.4
                0x00000000100048c4       0x51 CMakeFiles/pio_uart_tx.dir/Users/masonwright/pico/pico-sdk/src/common/pico_time/time.c.obj
 *fill*         0x0000000010004915        0x3 
 .rodata.alarm_pool_dump_key.str1.4
                0x0000000010004918       0x33 CMakeFiles/pio_uart_tx.dir/Users/masonwright/pico/pico-sdk/src/common/pico_time/time.c.obj
 *fill*         0x000000001000494b        0x1 
 .rodata.ph_add_child_node.str1.4
                0x000000001000494c       0x9a CMakeFiles/pio_uart_tx.dir/Users/masonwright/pico/pico-sdk/src/common/pico_time/time.c.obj
 *fill*         0x00000000100049e6        0x2 
 .rodata.add_alarm_under_lock.str1.4
                0x00000000100049e8       0x28 CMakeFiles/pio_uart_tx.dir/Users/masonwright/pico/pico-sdk/src/common/pico_time/time.c.obj
                                         0x2b (size before relaxing)
 .rodata.alarm_pool_alarm_callback.str1.4
                0x0000000010004a10       0xea CMakeFiles/pio_uart_tx.dir/Users/masonwright/pico/pico-sdk/src/common/pico_time/time.c.obj
 *fill*         0x0000000010004afa        0x2 
 .rodata.alarm_pool_get_default.str1.4
                0x0000000010004afc       0x21 CMakeFiles/pio_uart_tx.dir/Users/masonwright/pico/pico-sdk/src/common/pico_time/time.c.obj
 *fill*         0x0000000010004b1d        0x3 
 .rodata.sleep_until.str1.4
                0x0000000010004b20       0x4d CMakeFiles/pio_uart_tx.dir/Users/masonwright/pico/pico-sdk/src/common/pico_time/time.c.obj
 *fill*         0x0000000010004b6d        0x3 
 .rodata.__func__.10
                0x0000000010004b70       0x15 CMakeFiles/pio_uart_tx.dir/Users/masonwright/pico/pico-sdk/src/common/pico_time/time.c.obj
 *fill*         0x0000000010004b85        0x3 
 .rodata.__func__.11
                0x0000000010004b88       0x1a CMakeFiles/pio_uart_tx.dir/Users/masonwright/pico/pico-sdk/src/common/pico_time/time.c.obj
 *fill*         0x0000000010004ba2        0x2 
 .rodata.__func__.12
                0x0000000010004ba4        0xa CMakeFiles/pio_uart_tx.dir/Users/masonwright/pico/pico-sdk/src/common/pico_time/time.c.obj
 *fill*         0x0000000010004bae        0x2 
 .rodata.__func__.3
                0x0000000010004bb0       0x17 CMakeFiles/pio_uart_tx.dir/Users/masonwright/pico/pico-sdk/src/common/pico_time/time.c.obj
 *fill*         0x0000000010004bc7        0x1 
 .rodata.__func__.4
                0x0000000010004bc8       0x12 CMakeFiles/pio_uart_tx.dir/Users/masonwright/pico/pico-sdk/src/common/pico_time/time.c.obj
 *fill*         0x0000000010004bda        0x2 
 .rodata.__func__.5
                0x0000000010004bdc        0xd CMakeFiles/pio_uart_tx.dir/Users/masonwright/pico/pico-sdk/src/common/pico_time/time.c.obj
 *fill*         0x0000000010004be9        0x3 
 .rodata.__func__.6
                0x0000000010004bec       0x12 CMakeFiles/pio_uart_tx.dir/Users/masonwright/pico/pico-sdk/src/common/pico_time/time.c.obj
 *fill*         0x0000000010004bfe        0x2 
 .rodata.__func__.7
                0x0000000010004c00        0xf CMakeFiles/pio_uart_tx.dir/Users/masonwright/pico/pico-sdk/src/common/pico_time/time.c.obj
 *fill*         0x0000000010004c0f        0x1 
 .rodata.__func__.8
                0x0000000010004c10        0xc CMakeFiles/pio_uart_tx.dir/Users/masonwright/pico/pico-sdk/src/common/pico_time/time.c.obj
 .rodata.__func__.9
                0x0000000010004c1c       0x15 CMakeFiles/pio_uart_tx.dir/Users/masonwright/pico/pico-sdk/src/common/pico_time/time.c.obj
 *fill*         0x0000000010004c31        0x3 
 .rodata.hardware_alarm_claim.str1.4
                0x0000000010004c34       0x22 CMakeFiles/pio_uart_tx.dir/Users/masonwright/pico/pico-sdk/src/rp2_common/hardware_timer/timer.c.obj
 *fill*         0x0000000010004c56        0x2 
 .rodata.hardware_alarm_set_target.str1.4
                0x0000000010004c58       0x6b CMakeFiles/pio_uart_tx.dir/Users/masonwright/pico/pico-sdk/src/rp2_common/hardware_timer/timer.c.obj
 *fill*         0x0000000010004cc3        0x1 
 .rodata.__func__.0
                0x0000000010004cc4       0x1a CMakeFiles/pio_uart_tx.dir/Users/masonwright/pico/pico-sdk/src/rp2_common/hardware_timer/timer.c.obj
 .rodata.ph_add_child_node.str1.4
                0x0000000010004cde       0x9a CMakeFiles/pio_uart_tx.dir/Users/masonwright/pico/pico-sdk/src/common/pico_util/pheap.c.obj
 *fill*         0x0000000010004cde        0x2 
 .rodata.ph_remove_any_head.str1.4
                0x0000000010004ce0       0x94 CMakeFiles/pio_uart_tx.dir/Users/masonwright/pico/pico-sdk/src/common/pico_util/pheap.c.obj
 .rodata.ph_remove_and_free_node.str1.4
                0x0000000010004d74       0x1e CMakeFiles/pio_uart_tx.dir/Users/masonwright/pico/pico-sdk/src/common/pico_util/pheap.c.obj
                                         0x26 (size before relaxing)
 *fill*         0x0000000010004d92        0x2 
 .rodata.__func__.0
                0x0000000010004d94       0x18 CMakeFiles/pio_uart_tx.dir/Users/masonwright/pico/pico-sdk/src/common/pico_util/pheap.c.obj
 .rodata.__func__.1
                0x0000000010004dac       0x13 CMakeFiles/pio_uart_tx.dir/Users/masonwright/pico/pico-sdk/src/common/pico_util/pheap.c.obj
 *fill*         0x0000000010004dbf        0x1 
 .rodata.__func__.2
                0x0000000010004dc0       0x12 CMakeFiles/pio_uart_tx.dir/Users/masonwright/pico/pico-sdk/src/common/pico_util/pheap.c.obj
 *fill*         0x0000000010004dd2        0x2 
 .rodata.__func__.3
                0x0000000010004dd4        0xc CMakeFiles/pio_uart_tx.dir/Users/masonwright/pico/pico-sdk/src/common/pico_util/pheap.c.obj
 .rodata.str1.4
                0x0000000010004de0       0x91 CMakeFiles/pio_uart_tx.dir/Users/masonwright/pico/pico-sdk/src/common/pico_sync/mutex.c.obj
                                         0xf9 (size before relaxing)
 *fill*         0x0000000010004e71        0x3 
 .rodata.__func__.1
                0x0000000010004e74        0xb CMakeFiles/pio_uart_tx.dir/Users/masonwright/pico/pico-sdk/src/common/pico_sync/mutex.c.obj
 *fill*         0x0000000010004e7f        0x1 
 .rodata.__assert_func.str1.4
                0x0000000010004e80       0x3f CMakeFiles/pio_uart_tx.dir/Users/masonwright/pico/pico-sdk/src/rp2_common/pico_runtime/runtime.c.obj
                                         0x43 (size before relaxing)
 *fill*         0x0000000010004ebf        0x1 
 .rodata.runtime_init.str1.4
                0x0000000010004ec0       0x67 CMakeFiles/pio_uart_tx.dir/Users/masonwright/pico/pico-sdk/src/rp2_common/pico_runtime/runtime.c.obj
 *fill*         0x0000000010004f27        0x1 
 .rodata.panic.str1.4
                0x0000000010004f28       0x12 CMakeFiles/pio_uart_tx.dir/Users/masonwright/pico/pico-sdk/src/rp2_common/pico_runtime/runtime.c.obj
 *fill*         0x0000000010004f3a        0x2 
 .rodata.__func__.1
                0x0000000010004f3c        0xd CMakeFiles/pio_uart_tx.dir/Users/masonwright/pico/pico-sdk/src/rp2_common/pico_runtime/runtime.c.obj
 *fill*         0x0000000010004f49        0x3 
 .rodata.clock_configure.str1.4
                0x0000000010004f4c       0x5d CMakeFiles/pio_uart_tx.dir/Users/masonwright/pico/pico-sdk/src/rp2_common/hardware_clocks/clocks.c.obj
 *fill*         0x0000000010004fa9        0x3 
 .rodata.__func__.1
                0x0000000010004fac       0x10 CMakeFiles/pio_uart_tx.dir/Users/masonwright/pico/pico-sdk/src/rp2_common/hardware_clocks/clocks.c.obj
 .rodata.pll_init.str1.4
                0x0000000010004fbc      0x13f CMakeFiles/pio_uart_tx.dir/Users/masonwright/pico/pico-sdk/src/rp2_common/hardware_pll/pll.c.obj
 *fill*         0x00000000100050fb        0x1 
 .rodata.__func__.0
                0x00000000100050fc        0x9 CMakeFiles/pio_uart_tx.dir/Users/masonwright/pico/pico-sdk/src/rp2_common/hardware_pll/pll.c.obj
 *fill*         0x0000000010005105        0x3 
 .rodata._ftoa.str1.4
                0x0000000010005108       0x15 CMakeFiles/pio_uart_tx.dir/Users/masonwright/pico/pico-sdk/src/rp2_common/pico_printf/printf.c.obj
 *fill*         0x000000001000511d        0x3 
 .rodata._vsnprintf
                0x0000000010005120      0x1e0 CMakeFiles/pio_uart_tx.dir/Users/masonwright/pico/pico-sdk/src/rp2_common/pico_printf/printf.c.obj
 .rodata.pow10.0
                0x0000000010005300       0x50 CMakeFiles/pio_uart_tx.dir/Users/masonwright/pico/pico-sdk/src/rp2_common/pico_printf/printf.c.obj
 .rodata.__aeabi_double_init.str1.4
                0x0000000010005350       0xae CMakeFiles/pio_uart_tx.dir/Users/masonwright/pico/pico-sdk/src/rp2_common/pico_double/double_init_rom.c.obj
 *fill*         0x00000000100053fe        0x2 
 .rodata.__func__.0
                0x0000000010005400       0x14 CMakeFiles/pio_uart_tx.dir/Users/masonwright/pico/pico-sdk/src/rp2_common/pico_double/double_init_rom.c.obj
 .rodata.__aeabi_float_init.str1.4
                0x0000000010005414       0x80 CMakeFiles/pio_uart_tx.dir/Users/masonwright/pico/pico-sdk/src/rp2_common/pico_float/float_init_rom.c.obj
                                         0x84 (size before relaxing)
 .rodata.__func__.0
                0x0000000010005494       0x13 CMakeFiles/pio_uart_tx.dir/Users/masonwright/pico/pico-sdk/src/rp2_common/pico_float/float_init_rom.c.obj
 *fill*         0x00000000100054a7        0x1 
 .rodata.str1.4
                0x00000000100054a8       0x40 CMakeFiles/pio_uart_tx.dir/Users/masonwright/pico/pico-sdk/src/rp2_common/pico_standard_link/binary_info.c.obj
 .rodata.__bi_44
                0x00000000100054e8        0xc CMakeFiles/pio_uart_tx.dir/Users/masonwright/pico/pico-sdk/src/rp2_common/pico_standard_link/binary_info.c.obj
 .rodata.__bi_75
                0x00000000100054f4        0xc CMakeFiles/pio_uart_tx.dir/Users/masonwright/pico/pico-sdk/src/rp2_common/pico_standard_link/binary_info.c.obj
 .rodata.__bi_81
                0x0000000010005500        0xc CMakeFiles/pio_uart_tx.dir/Users/masonwright/pico/pico-sdk/src/rp2_common/pico_standard_link/binary_info.c.obj
 .rodata.crlf_str.3
                0x000000001000550c        0x2 CMakeFiles/pio_uart_tx.dir/Users/masonwright/pico/pico-sdk/src/rp2_common/pico_stdio/stdio.c.obj
 *fill*         0x000000001000550e        0x2 
 .rodata._pio_find_offset_for_program.str1.4
                0x0000000010005510       0x6f CMakeFiles/pio_uart_tx.dir/Users/masonwright/pico/pico-sdk/src/rp2_common/hardware_pio/pio.c.obj
 *fill*         0x000000001000557f        0x1 
 .rodata._pio_add_program_at_offset.str1.4
                0x0000000010005580       0x11 CMakeFiles/pio_uart_tx.dir/Users/masonwright/pico/pico-sdk/src/rp2_common/hardware_pio/pio.c.obj
 *fill*         0x0000000010005591        0x3 
 .rodata.__func__.1
                0x0000000010005594       0x1d CMakeFiles/pio_uart_tx.dir/Users/masonwright/pico/pico-sdk/src/rp2_common/hardware_pio/pio.c.obj
                0x00000000100055b4                . = ALIGN (0x4)
 *fill*         0x00000000100055b1        0x3 
 *(SORT_BY_ALIGNMENT(SORT_BY_NAME(.flashdata*)))
                0x00000000100055b4                . = ALIGN (0x4)

.rel.dyn        0x00000000100055b4        0x0
 .rel.iplt      0x00000000100055b4        0x0 /usr/local/Cellar/arm-none-eabi-gcc/10.3-2021.07/gcc/bin/../lib/gcc/arm-none-eabi/10.3.1/thumb/v6-m/nofp/crtbegin.o

.ARM.extab
 *(.ARM.extab* .gnu.linkonce.armextab.*)
                0x00000000100055b4                __exidx_start = .

.ARM.exidx
 *(.ARM.exidx* .gnu.linkonce.armexidx.*)
                0x00000000100055b4                __exidx_end = .
                0x00000000100055b4                . = ALIGN (0x4)
                0x00000000100055b4                __binary_info_start = .

.binary_info    0x00000000100055b4       0x1c
 *(.binary_info.keep.*)
 .binary_info.keep.__bi_ptr22
                0x00000000100055b4        0x4 CMakeFiles/pio_uart_tx.dir/Users/masonwright/pico/pico-sdk/src/rp2_common/pico_standard_link/binary_info.c.obj
 .binary_info.keep.__bi_ptr30
                0x00000000100055b8        0x4 CMakeFiles/pio_uart_tx.dir/Users/masonwright/pico/pico-sdk/src/rp2_common/pico_standard_link/binary_info.c.obj
 .binary_info.keep.__bi_ptr38
                0x00000000100055bc        0x4 CMakeFiles/pio_uart_tx.dir/Users/masonwright/pico/pico-sdk/src/rp2_common/pico_standard_link/binary_info.c.obj
 .binary_info.keep.__bi_ptr44
                0x00000000100055c0        0x4 CMakeFiles/pio_uart_tx.dir/Users/masonwright/pico/pico-sdk/src/rp2_common/pico_standard_link/binary_info.c.obj
 .binary_info.keep.__bi_ptr50
                0x00000000100055c4        0x4 CMakeFiles/pio_uart_tx.dir/Users/masonwright/pico/pico-sdk/src/rp2_common/pico_standard_link/binary_info.c.obj
 .binary_info.keep.__bi_ptr75
                0x00000000100055c8        0x4 CMakeFiles/pio_uart_tx.dir/Users/masonwright/pico/pico-sdk/src/rp2_common/pico_standard_link/binary_info.c.obj
 .binary_info.keep.__bi_ptr81
                0x00000000100055cc        0x4 CMakeFiles/pio_uart_tx.dir/Users/masonwright/pico/pico-sdk/src/rp2_common/pico_standard_link/binary_info.c.obj
 *(.binary_info.*)
                0x00000000100055d0                __binary_info_end = .
                0x00000000100055d0                . = ALIGN (0x4)
                0x00000000100055d0                __etext = .

.ram_vector_table
                0x0000000020000000       0xc0
 *(.ram_vector_table)
 .ram_vector_table
                0x0000000020000000       0xc0 CMakeFiles/pio_uart_tx.dir/Users/masonwright/pico/pico-sdk/src/rp2_common/pico_runtime/runtime.c.obj
                0x0000000020000000                ram_vector_table

.data           0x00000000200000c0      0x1ac load address 0x00000000100055d0
                0x00000000200000c0                __data_start__ = .
 *(vtable)
 *(.time_critical*)
 .time_critical.mutex_enter_blocking
                0x00000000200000c0       0x48 CMakeFiles/pio_uart_tx.dir/Users/masonwright/pico/pico-sdk/src/common/pico_sync/mutex.c.obj
                0x00000000200000c0                mutex_enter_blocking
 .time_critical.mutex_try_enter
                0x0000000020000108       0x46 CMakeFiles/pio_uart_tx.dir/Users/masonwright/pico/pico-sdk/src/common/pico_sync/mutex.c.obj
                0x0000000020000108                mutex_try_enter
 *fill*         0x000000002000014e        0x2 
 .time_critical.mutex_exit
                0x0000000020000150       0x4c CMakeFiles/pio_uart_tx.dir/Users/masonwright/pico/pico-sdk/src/common/pico_sync/mutex.c.obj
                0x0000000020000150                mutex_exit
 *(.text*)
 .text          0x000000002000019c        0x4 /usr/local/Cellar/arm-none-eabi-gcc/10.3-2021.07/gcc/bin/../lib/gcc/arm-none-eabi/10.3.1/thumb/v6-m/nofp/libgcc.a(_dvmd_tls.o)
                0x000000002000019c                __aeabi_ldiv0
                0x000000002000019c                __aeabi_idiv0
 .text.__stub   0x00000000200001a0       0x10 linker stubs
                0x00000000200001b0                . = ALIGN (0x4)
 *(.rodata*)
                0x00000000200001b0                . = ALIGN (0x4)
 *(.data*)
 .data.striped_spin_lock_num
                0x00000000200001b0        0x1 CMakeFiles/pio_uart_tx.dir/Users/masonwright/pico/pico-sdk/src/rp2_common/hardware_sync/sync.c.obj
 *fill*         0x00000000200001b1        0x3 
 .data          0x00000000200001b4       0x48 CMakeFiles/pio_uart_tx.dir/Users/masonwright/pico/pico-sdk/src/rp2_common/hardware_irq/irq_handler_chain.S.obj
                0x00000000200001b4                irq_handler_chain_slots
                0x00000000200001e4                irq_handler_chain_first_slot
                0x00000000200001ee                irq_handler_chain_remove_tail
 .data.default_alarm_pool
                0x00000000200001fc       0x18 CMakeFiles/pio_uart_tx.dir/Users/masonwright/pico/pico-sdk/src/common/pico_time/time.c.obj
 .data.default_alarm_pool_heap
                0x0000000020000214       0x10 CMakeFiles/pio_uart_tx.dir/Users/masonwright/pico/pico-sdk/src/common/pico_time/time.c.obj
 *fill*         0x0000000020000224        0xc 
 .data.aeabi_bits_funcs
                0x0000000020000230       0x10 CMakeFiles/pio_uart_tx.dir/Users/masonwright/pico/pico-sdk/src/rp2_common/pico_bit_ops/bit_ops_aeabi.S.obj
                0x0000000020000230                aeabi_bits_funcs
                0x0000000020000240                aeabi_bits_funcs_end
 .data.aeabi_mem_funcs
                0x0000000020000240       0x10 CMakeFiles/pio_uart_tx.dir/Users/masonwright/pico/pico-sdk/src/rp2_common/pico_mem_ops/mem_ops_aeabi.S.obj
                0x0000000020000240                aeabi_mem_funcs
                0x0000000020000250                aeabi_mem_funcs_end
                0x0000000020000250                . = ALIGN (0x4)
 *(.after_data.*)
                0x0000000020000250                . = ALIGN (0x4)
                0x0000000020000250                PROVIDE (__mutex_array_start = .)
 *(SORT_BY_NAME(.mutex_array.*))
 *(.mutex_array)
 .mutex_array   0x0000000020000250        0x8 CMakeFiles/pio_uart_tx.dir/Users/masonwright/pico/pico-sdk/src/rp2_common/pico_stdio/stdio.c.obj
                0x0000000020000258                PROVIDE (__mutex_array_end = .)
                0x0000000020000258                . = ALIGN (0x4)
                0x0000000020000258                PROVIDE (__preinit_array_start = .)
 *(SORT_BY_NAME(.preinit_array.*))
 .preinit_array.00001
                0x0000000020000258        0x4 CMakeFiles/pio_uart_tx.dir/Users/masonwright/pico/pico-sdk/src/rp2_common/pico_mem_ops/mem_ops_aeabi.S.obj
 .preinit_array.00010
                0x000000002000025c        0x4 CMakeFiles/pio_uart_tx.dir/Users/masonwright/pico/pico-sdk/src/rp2_common/pico_bit_ops/bit_ops_aeabi.S.obj
 .preinit_array.00020
                0x0000000020000260        0x4 CMakeFiles/pio_uart_tx.dir/Users/masonwright/pico/pico-sdk/src/rp2_common/pico_double/double_aeabi.S.obj
 .preinit_array.00020
                0x0000000020000264        0x4 CMakeFiles/pio_uart_tx.dir/Users/masonwright/pico/pico-sdk/src/rp2_common/pico_float/float_aeabi.S.obj
 *(.preinit_array)
                0x0000000020000268                PROVIDE (__preinit_array_end = .)
                0x0000000020000268                . = ALIGN (0x4)
                0x0000000020000268                PROVIDE (__init_array_start = .)
 *(SORT_BY_NAME(.init_array.*))
 *(.init_array)
 .init_array    0x0000000020000268        0x4 /usr/local/Cellar/arm-none-eabi-gcc/10.3-2021.07/gcc/bin/../lib/gcc/arm-none-eabi/10.3.1/thumb/v6-m/nofp/crtbegin.o
                0x000000002000026c                PROVIDE (__init_array_end = .)
                0x000000002000026c                . = ALIGN (0x4)
                [!provide]                        PROVIDE (__fini_array_start = .)
 *(SORT_BY_NAME(.fini_array.*))
 *(.fini_array)
                [!provide]                        PROVIDE (__fini_array_end = .)
 *(.jcr)
                0x000000002000026c                . = ALIGN (0x4)
                0x000000002000026c                __data_end__ = .

.igot.plt       0x000000002000026c        0x0 load address 0x000000001000577c
 .igot.plt      0x000000002000026c        0x0 /usr/local/Cellar/arm-none-eabi-gcc/10.3-2021.07/gcc/bin/../lib/gcc/arm-none-eabi/10.3.1/thumb/v6-m/nofp/crtbegin.o

.uninitialized_data
                0x000000002000026c        0x0 load address 0x000000001000577c
                0x000000002000026c                . = ALIGN (0x4)
 *(.uninitialized_data*)

.scratch_x      0x0000000020040000        0x0 load address 0x000000001000577c
                0x0000000020040000                __scratch_x_start__ = .
 *(.scratch_x.*)
                0x0000000020040000                . = ALIGN (0x4)
                0x0000000020040000                __scratch_x_end__ = .
                0x000000001000577c                __scratch_x_source__ = LOADADDR (.scratch_x)

.scratch_y      0x0000000020041000        0x0 load address 0x000000001000577c
                0x0000000020041000                __scratch_y_start__ = .
 *(.scratch_y.*)
                0x0000000020041000                . = ALIGN (0x4)
                0x0000000020041000                __scratch_y_end__ = .
                0x000000001000577c                __scratch_y_source__ = LOADADDR (.scratch_y)

.bss            0x0000000020000270      0x3d0
                0x0000000020000270                . = ALIGN (0x4)
                0x0000000020000270                __bss_start__ = .
 *(SORT_BY_ALIGNMENT(SORT_BY_NAME(.bss*)))
 .bss.default_alarm_pool_entries
                0x0000000020000270      0x100 CMakeFiles/pio_uart_tx.dir/Users/masonwright/pico/pico-sdk/src/common/pico_time/time.c.obj
 .bss           0x0000000020000370       0x1c /usr/local/Cellar/arm-none-eabi-gcc/10.3-2021.07/gcc/bin/../lib/gcc/arm-none-eabi/10.3.1/thumb/v6-m/nofp/crtbegin.o
 .bss._used_instruction_space
                0x000000002000038c        0x8 CMakeFiles/pio_uart_tx.dir/Users/masonwright/pico/pico-sdk/src/rp2_common/hardware_pio/pio.c.obj
 .bss.alarm_callbacks
                0x0000000020000394       0x10 CMakeFiles/pio_uart_tx.dir/Users/masonwright/pico/pico-sdk/src/rp2_common/hardware_timer/timer.c.obj
 .bss.configured_freq
                0x00000000200003a4       0x28 CMakeFiles/pio_uart_tx.dir/Users/masonwright/pico/pico-sdk/src/rp2_common/hardware_clocks/clocks.c.obj
 .bss.default_alarm_pool_entry_ids_high
                0x00000000200003cc       0x10 CMakeFiles/pio_uart_tx.dir/Users/masonwright/pico/pico-sdk/src/common/pico_time/time.c.obj
 .bss.default_alarm_pool_heap_nodes
                0x00000000200003dc       0x30 CMakeFiles/pio_uart_tx.dir/Users/masonwright/pico/pico-sdk/src/common/pico_time/time.c.obj
 .bss.drivers   0x000000002000040c        0x4 CMakeFiles/pio_uart_tx.dir/Users/masonwright/pico/pico-sdk/src/rp2_common/pico_stdio/stdio.c.obj
 .bss.filter    0x0000000020000410        0x4 CMakeFiles/pio_uart_tx.dir/Users/masonwright/pico/pico-sdk/src/rp2_common/pico_stdio/stdio.c.obj
 .bss.pools     0x0000000020000414       0x10 CMakeFiles/pio_uart_tx.dir/Users/masonwright/pico/pico-sdk/src/common/pico_time/time.c.obj
 .bss.sd_table  0x0000000020000424      0x100 CMakeFiles/pio_uart_tx.dir/Users/masonwright/pico/pico-sdk/src/rp2_common/pico_double/double_init_rom.c.obj
                0x0000000020000424                sd_table
 .bss.sf_clz_func
                0x0000000020000524        0x4 CMakeFiles/pio_uart_tx.dir/Users/masonwright/pico/pico-sdk/src/rp2_common/pico_double/double_init_rom.c.obj
                0x0000000020000524                sf_clz_func
 .bss.sf_table  0x0000000020000528      0x100 CMakeFiles/pio_uart_tx.dir/Users/masonwright/pico/pico-sdk/src/rp2_common/pico_float/float_init_rom.c.obj
                0x0000000020000528                sf_table
 .bss.sleep_notifier
                0x0000000020000628        0x4 CMakeFiles/pio_uart_tx.dir/Users/masonwright/pico/pico-sdk/src/common/pico_time/time.c.obj
 .bss.target_hi
                0x000000002000062c       0x10 CMakeFiles/pio_uart_tx.dir/Users/masonwright/pico/pico-sdk/src/rp2_common/hardware_timer/timer.c.obj
 .bss.claimed   0x000000002000063c        0x1 CMakeFiles/pio_uart_tx.dir/Users/masonwright/pico/pico-sdk/src/rp2_common/hardware_timer/timer.c.obj
 .bss.irq_hander_chain_free_slot_head
                0x000000002000063d        0x1 CMakeFiles/pio_uart_tx.dir/Users/masonwright/pico/pico-sdk/src/rp2_common/hardware_irq/irq.c.obj
 .bss.timer_callbacks_pending
                0x000000002000063e        0x1 CMakeFiles/pio_uart_tx.dir/Users/masonwright/pico/pico-sdk/src/rp2_common/hardware_timer/timer.c.obj
 *(COMMON)
                0x0000000020000640                . = ALIGN (0x4)
 *fill*         0x000000002000063f        0x1 
                0x0000000020000640                __bss_end__ = .

.heap           0x0000000020000640      0x800
                0x0000000020000640                __end__ = .
                0x0000000020000640                end = __end__
 *(.heap*)
 .heap          0x0000000020000640      0x800 CMakeFiles/pio_uart_tx.dir/Users/masonwright/pico/pico-sdk/src/rp2_common/pico_standard_link/crt0.S.obj
                0x0000000020000e40                __HeapLimit = .

.stack1_dummy   0x0000000020040000        0x0
 *(.stack1*)

.stack_dummy    0x0000000020041000      0x800
 *(.stack*)
 .stack         0x0000000020041000      0x800 CMakeFiles/pio_uart_tx.dir/Users/masonwright/pico/pico-sdk/src/rp2_common/pico_standard_link/crt0.S.obj

.flash_end      0x000000001000577c        0x0
                0x000000001000577c                __flash_binary_end = .
                0x0000000020040000                __StackLimit = (ORIGIN (RAM) + LENGTH (RAM))
                0x0000000020041000                __StackOneTop = (ORIGIN (SCRATCH_X) + LENGTH (SCRATCH_X))
                0x0000000020042000                __StackTop = (ORIGIN (SCRATCH_Y) + LENGTH (SCRATCH_Y))
                0x0000000020041000                __StackOneBottom = (__StackOneTop - SIZEOF (.stack1_dummy))
                0x0000000020041800                __StackBottom = (__StackTop - SIZEOF (.stack_dummy))
                0x0000000020042000                PROVIDE (__stack = __StackTop)
                0x0000000000000001                ASSERT ((__StackLimit >= __HeapLimit), region RAM overflowed)
                0x0000000000000001                ASSERT (((__binary_info_header_end - __logical_binary_start) <= 0x100), Binary info must be in first 256 bytes of the binary)
LOAD CMakeFiles/pio_uart_tx.dir/uart_tx.c.obj
LOAD CMakeFiles/pio_uart_tx.dir/Users/masonwright/pico/pico-sdk/src/rp2_common/pico_stdlib/stdlib.c.obj
LOAD CMakeFiles/pio_uart_tx.dir/Users/masonwright/pico/pico-sdk/src/rp2_common/hardware_gpio/gpio.c.obj
LOAD CMakeFiles/pio_uart_tx.dir/Users/masonwright/pico/pico-sdk/src/rp2_common/hardware_claim/claim.c.obj
LOAD CMakeFiles/pio_uart_tx.dir/Users/masonwright/pico/pico-sdk/src/rp2_common/pico_platform/platform.c.obj
LOAD CMakeFiles/pio_uart_tx.dir/Users/masonwright/pico/pico-sdk/src/rp2_common/hardware_sync/sync.c.obj
LOAD CMakeFiles/pio_uart_tx.dir/Users/masonwright/pico/pico-sdk/src/rp2_common/hardware_irq/irq.c.obj
LOAD CMakeFiles/pio_uart_tx.dir/Users/masonwright/pico/pico-sdk/src/rp2_common/hardware_irq/irq_handler_chain.S.obj
LOAD CMakeFiles/pio_uart_tx.dir/Users/masonwright/pico/pico-sdk/src/common/pico_sync/sem.c.obj
LOAD CMakeFiles/pio_uart_tx.dir/Users/masonwright/pico/pico-sdk/src/common/pico_sync/lock_core.c.obj
LOAD CMakeFiles/pio_uart_tx.dir/Users/masonwright/pico/pico-sdk/src/common/pico_time/time.c.obj
LOAD CMakeFiles/pio_uart_tx.dir/Users/masonwright/pico/pico-sdk/src/common/pico_time/timeout_helper.c.obj
LOAD CMakeFiles/pio_uart_tx.dir/Users/masonwright/pico/pico-sdk/src/rp2_common/hardware_timer/timer.c.obj
LOAD CMakeFiles/pio_uart_tx.dir/Users/masonwright/pico/pico-sdk/src/common/pico_util/datetime.c.obj
LOAD CMakeFiles/pio_uart_tx.dir/Users/masonwright/pico/pico-sdk/src/common/pico_util/pheap.c.obj
LOAD CMakeFiles/pio_uart_tx.dir/Users/masonwright/pico/pico-sdk/src/common/pico_util/queue.c.obj
LOAD CMakeFiles/pio_uart_tx.dir/Users/masonwright/pico/pico-sdk/src/common/pico_sync/mutex.c.obj
LOAD CMakeFiles/pio_uart_tx.dir/Users/masonwright/pico/pico-sdk/src/common/pico_sync/critical_section.c.obj
LOAD CMakeFiles/pio_uart_tx.dir/Users/masonwright/pico/pico-sdk/src/rp2_common/hardware_uart/uart.c.obj
LOAD CMakeFiles/pio_uart_tx.dir/Users/masonwright/pico/pico-sdk/src/rp2_common/hardware_divider/divider.S.obj
LOAD CMakeFiles/pio_uart_tx.dir/Users/masonwright/pico/pico-sdk/src/rp2_common/pico_runtime/runtime.c.obj
LOAD CMakeFiles/pio_uart_tx.dir/Users/masonwright/pico/pico-sdk/src/rp2_common/hardware_clocks/clocks.c.obj
LOAD CMakeFiles/pio_uart_tx.dir/Users/masonwright/pico/pico-sdk/src/rp2_common/hardware_pll/pll.c.obj
LOAD CMakeFiles/pio_uart_tx.dir/Users/masonwright/pico/pico-sdk/src/rp2_common/hardware_vreg/vreg.c.obj
LOAD CMakeFiles/pio_uart_tx.dir/Users/masonwright/pico/pico-sdk/src/rp2_common/hardware_watchdog/watchdog.c.obj
LOAD CMakeFiles/pio_uart_tx.dir/Users/masonwright/pico/pico-sdk/src/rp2_common/hardware_xosc/xosc.c.obj
LOAD CMakeFiles/pio_uart_tx.dir/Users/masonwright/pico/pico-sdk/src/rp2_common/pico_printf/printf.c.obj
LOAD CMakeFiles/pio_uart_tx.dir/Users/masonwright/pico/pico-sdk/src/rp2_common/pico_bit_ops/bit_ops_aeabi.S.obj
LOAD CMakeFiles/pio_uart_tx.dir/Users/masonwright/pico/pico-sdk/src/rp2_common/pico_bootrom/bootrom.c.obj
LOAD CMakeFiles/pio_uart_tx.dir/Users/masonwright/pico/pico-sdk/src/rp2_common/pico_divider/divider.S.obj
LOAD CMakeFiles/pio_uart_tx.dir/Users/masonwright/pico/pico-sdk/src/rp2_common/pico_double/double_aeabi.S.obj
LOAD CMakeFiles/pio_uart_tx.dir/Users/masonwright/pico/pico-sdk/src/rp2_common/pico_double/double_init_rom.c.obj
LOAD CMakeFiles/pio_uart_tx.dir/Users/masonwright/pico/pico-sdk/src/rp2_common/pico_double/double_math.c.obj
LOAD CMakeFiles/pio_uart_tx.dir/Users/masonwright/pico/pico-sdk/src/rp2_common/pico_double/double_v1_rom_shim.S.obj
LOAD CMakeFiles/pio_uart_tx.dir/Users/masonwright/pico/pico-sdk/src/rp2_common/pico_int64_ops/pico_int64_ops_aeabi.S.obj
LOAD CMakeFiles/pio_uart_tx.dir/Users/masonwright/pico/pico-sdk/src/rp2_common/pico_float/float_aeabi.S.obj
LOAD CMakeFiles/pio_uart_tx.dir/Users/masonwright/pico/pico-sdk/src/rp2_common/pico_float/float_init_rom.c.obj
LOAD CMakeFiles/pio_uart_tx.dir/Users/masonwright/pico/pico-sdk/src/rp2_common/pico_float/float_math.c.obj
LOAD CMakeFiles/pio_uart_tx.dir/Users/masonwright/pico/pico-sdk/src/rp2_common/pico_float/float_v1_rom_shim.S.obj
LOAD CMakeFiles/pio_uart_tx.dir/Users/masonwright/pico/pico-sdk/src/rp2_common/pico_malloc/pico_malloc.c.obj
LOAD CMakeFiles/pio_uart_tx.dir/Users/masonwright/pico/pico-sdk/src/rp2_common/pico_mem_ops/mem_ops_aeabi.S.obj
LOAD CMakeFiles/pio_uart_tx.dir/Users/masonwright/pico/pico-sdk/src/rp2_common/pico_standard_link/crt0.S.obj
LOAD CMakeFiles/pio_uart_tx.dir/Users/masonwright/pico/pico-sdk/src/rp2_common/pico_standard_link/new_delete.cpp.obj
LOAD CMakeFiles/pio_uart_tx.dir/Users/masonwright/pico/pico-sdk/src/rp2_common/pico_standard_link/binary_info.c.obj
LOAD CMakeFiles/pio_uart_tx.dir/Users/masonwright/pico/pico-sdk/src/rp2_common/pico_stdio/stdio.c.obj
LOAD CMakeFiles/pio_uart_tx.dir/Users/masonwright/pico/pico-sdk/src/rp2_common/pico_stdio_uart/stdio_uart.c.obj
LOAD CMakeFiles/pio_uart_tx.dir/Users/masonwright/pico/pico-sdk/src/rp2_common/hardware_pio/pio.c.obj
LOAD /var/folders/7b/c07zbwkj03nf7cs4vm_0yw1w0000gn/T//ccpJ2vdv.o
LOAD /usr/local/Cellar/arm-none-eabi-gcc/10.3-2021.07/gcc/bin/../lib/gcc/arm-none-eabi/10.3.1/../../../../arm-none-eabi/lib/thumb/v6-m/nofp/libstdc++.a
LOAD /usr/local/Cellar/arm-none-eabi-gcc/10.3-2021.07/gcc/bin/../lib/gcc/arm-none-eabi/10.3.1/../../../../arm-none-eabi/lib/thumb/v6-m/nofp/libm.a
START GROUP
LOAD /usr/local/Cellar/arm-none-eabi-gcc/10.3-2021.07/gcc/bin/../lib/gcc/arm-none-eabi/10.3.1/thumb/v6-m/nofp/libgcc.a
LOAD /usr/local/Cellar/arm-none-eabi-gcc/10.3-2021.07/gcc/bin/../lib/gcc/arm-none-eabi/10.3.1/../../../../arm-none-eabi/lib/thumb/v6-m/nofp/libg.a
LOAD /usr/local/Cellar/arm-none-eabi-gcc/10.3-2021.07/gcc/bin/../lib/gcc/arm-none-eabi/10.3.1/../../../../arm-none-eabi/lib/thumb/v6-m/nofp/libc.a
END GROUP
START GROUP
LOAD /usr/local/Cellar/arm-none-eabi-gcc/10.3-2021.07/gcc/bin/../lib/gcc/arm-none-eabi/10.3.1/thumb/v6-m/nofp/libgcc.a
LOAD /usr/local/Cellar/arm-none-eabi-gcc/10.3-2021.07/gcc/bin/../lib/gcc/arm-none-eabi/10.3.1/../../../../arm-none-eabi/lib/thumb/v6-m/nofp/libc.a
LOAD /usr/local/Cellar/arm-none-eabi-gcc/10.3-2021.07/gcc/bin/../lib/gcc/arm-none-eabi/10.3.1/../../../../arm-none-eabi/lib/thumb/v6-m/nofp/libnosys.a
END GROUP
LOAD /usr/local/Cellar/arm-none-eabi-gcc/10.3-2021.07/gcc/bin/../lib/gcc/arm-none-eabi/10.3.1/thumb/v6-m/nofp/crtend.o
LOAD /usr/local/Cellar/arm-none-eabi-gcc/10.3-2021.07/gcc/bin/../lib/gcc/arm-none-eabi/10.3.1/thumb/v6-m/nofp/crtn.o
OUTPUT(pio_uart_tx.elf elf32-littlearm)
LOAD linker stubs

.ARM.attributes
                0x0000000000000000       0x28
 .ARM.attributes
                0x0000000000000000       0x1e /usr/local/Cellar/arm-none-eabi-gcc/10.3-2021.07/gcc/bin/../lib/gcc/arm-none-eabi/10.3.1/thumb/v6-m/nofp/crti.o
 .ARM.attributes
                0x000000000000001e       0x2c /usr/local/Cellar/arm-none-eabi-gcc/10.3-2021.07/gcc/bin/../lib/gcc/arm-none-eabi/10.3.1/thumb/v6-m/nofp/crtbegin.o
 .ARM.attributes
                0x000000000000004a       0x2c CMakeFiles/pio_uart_tx.dir/uart_tx.c.obj
 .ARM.attributes
                0x0000000000000076       0x2c CMakeFiles/pio_uart_tx.dir/Users/masonwright/pico/pico-sdk/src/rp2_common/hardware_gpio/gpio.c.obj
 .ARM.attributes
                0x00000000000000a2       0x2c CMakeFiles/pio_uart_tx.dir/Users/masonwright/pico/pico-sdk/src/rp2_common/hardware_claim/claim.c.obj
 .ARM.attributes
                0x00000000000000ce       0x2c CMakeFiles/pio_uart_tx.dir/Users/masonwright/pico/pico-sdk/src/rp2_common/pico_platform/platform.c.obj
 .ARM.attributes
                0x00000000000000fa       0x2c CMakeFiles/pio_uart_tx.dir/Users/masonwright/pico/pico-sdk/src/rp2_common/hardware_sync/sync.c.obj
 .ARM.attributes
                0x0000000000000126       0x2c CMakeFiles/pio_uart_tx.dir/Users/masonwright/pico/pico-sdk/src/rp2_common/hardware_irq/irq.c.obj
 .ARM.attributes
                0x0000000000000152       0x22 CMakeFiles/pio_uart_tx.dir/Users/masonwright/pico/pico-sdk/src/rp2_common/hardware_irq/irq_handler_chain.S.obj
 .ARM.attributes
                0x0000000000000174       0x2c CMakeFiles/pio_uart_tx.dir/Users/masonwright/pico/pico-sdk/src/common/pico_sync/lock_core.c.obj
 .ARM.attributes
                0x00000000000001a0       0x2c CMakeFiles/pio_uart_tx.dir/Users/masonwright/pico/pico-sdk/src/common/pico_time/time.c.obj
 .ARM.attributes
                0x00000000000001cc       0x2c CMakeFiles/pio_uart_tx.dir/Users/masonwright/pico/pico-sdk/src/rp2_common/hardware_timer/timer.c.obj
 .ARM.attributes
                0x00000000000001f8       0x2c CMakeFiles/pio_uart_tx.dir/Users/masonwright/pico/pico-sdk/src/common/pico_util/pheap.c.obj
 .ARM.attributes
                0x0000000000000224       0x2c CMakeFiles/pio_uart_tx.dir/Users/masonwright/pico/pico-sdk/src/common/pico_sync/mutex.c.obj
 .ARM.attributes
                0x0000000000000250       0x2c CMakeFiles/pio_uart_tx.dir/Users/masonwright/pico/pico-sdk/src/rp2_common/pico_runtime/runtime.c.obj
 .ARM.attributes
                0x000000000000027c       0x2c CMakeFiles/pio_uart_tx.dir/Users/masonwright/pico/pico-sdk/src/rp2_common/hardware_clocks/clocks.c.obj
 .ARM.attributes
                0x00000000000002a8       0x2c CMakeFiles/pio_uart_tx.dir/Users/masonwright/pico/pico-sdk/src/rp2_common/hardware_pll/pll.c.obj
 .ARM.attributes
                0x00000000000002d4       0x2c CMakeFiles/pio_uart_tx.dir/Users/masonwright/pico/pico-sdk/src/rp2_common/hardware_watchdog/watchdog.c.obj
 .ARM.attributes
                0x0000000000000300       0x2c CMakeFiles/pio_uart_tx.dir/Users/masonwright/pico/pico-sdk/src/rp2_common/hardware_xosc/xosc.c.obj
 .ARM.attributes
                0x000000000000032c       0x2c CMakeFiles/pio_uart_tx.dir/Users/masonwright/pico/pico-sdk/src/rp2_common/pico_printf/printf.c.obj
 .ARM.attributes
                0x0000000000000358       0x22 CMakeFiles/pio_uart_tx.dir/Users/masonwright/pico/pico-sdk/src/rp2_common/pico_bit_ops/bit_ops_aeabi.S.obj
 .ARM.attributes
                0x000000000000037a       0x2c CMakeFiles/pio_uart_tx.dir/Users/masonwright/pico/pico-sdk/src/rp2_common/pico_bootrom/bootrom.c.obj
 .ARM.attributes
                0x00000000000003a6       0x22 CMakeFiles/pio_uart_tx.dir/Users/masonwright/pico/pico-sdk/src/rp2_common/pico_divider/divider.S.obj
 .ARM.attributes
                0x00000000000003c8       0x22 CMakeFiles/pio_uart_tx.dir/Users/masonwright/pico/pico-sdk/src/rp2_common/pico_double/double_aeabi.S.obj
 .ARM.attributes
                0x00000000000003ea       0x2c CMakeFiles/pio_uart_tx.dir/Users/masonwright/pico/pico-sdk/src/rp2_common/pico_double/double_init_rom.c.obj
 .ARM.attributes
                0x0000000000000416       0x22 CMakeFiles/pio_uart_tx.dir/Users/masonwright/pico/pico-sdk/src/rp2_common/pico_double/double_v1_rom_shim.S.obj
 .ARM.attributes
                0x0000000000000438       0x22 CMakeFiles/pio_uart_tx.dir/Users/masonwright/pico/pico-sdk/src/rp2_common/pico_int64_ops/pico_int64_ops_aeabi.S.obj
 .ARM.attributes
                0x000000000000045a       0x22 CMakeFiles/pio_uart_tx.dir/Users/masonwright/pico/pico-sdk/src/rp2_common/pico_float/float_aeabi.S.obj
 .ARM.attributes
                0x000000000000047c       0x2c CMakeFiles/pio_uart_tx.dir/Users/masonwright/pico/pico-sdk/src/rp2_common/pico_float/float_init_rom.c.obj
 .ARM.attributes
                0x00000000000004a8       0x22 CMakeFiles/pio_uart_tx.dir/Users/masonwright/pico/pico-sdk/src/rp2_common/pico_float/float_v1_rom_shim.S.obj
 .ARM.attributes
                0x00000000000004ca       0x22 CMakeFiles/pio_uart_tx.dir/Users/masonwright/pico/pico-sdk/src/rp2_common/pico_mem_ops/mem_ops_aeabi.S.obj
 .ARM.attributes
                0x00000000000004ec       0x22 CMakeFiles/pio_uart_tx.dir/Users/masonwright/pico/pico-sdk/src/rp2_common/pico_standard_link/crt0.S.obj
 .ARM.attributes
                0x000000000000050e       0x32 CMakeFiles/pio_uart_tx.dir/Users/masonwright/pico/pico-sdk/src/rp2_common/pico_standard_link/binary_info.c.obj
 .ARM.attributes
                0x0000000000000540       0x2c CMakeFiles/pio_uart_tx.dir/Users/masonwright/pico/pico-sdk/src/rp2_common/pico_stdio/stdio.c.obj
 .ARM.attributes
                0x000000000000056c       0x2c CMakeFiles/pio_uart_tx.dir/Users/masonwright/pico/pico-sdk/src/rp2_common/hardware_pio/pio.c.obj
 .ARM.attributes
                0x0000000000000598       0x22 /var/folders/7b/c07zbwkj03nf7cs4vm_0yw1w0000gn/T//ccpJ2vdv.o
 .ARM.attributes
                0x00000000000005ba       0x1e /usr/local/Cellar/arm-none-eabi-gcc/10.3-2021.07/gcc/bin/../lib/gcc/arm-none-eabi/10.3.1/thumb/v6-m/nofp/libgcc.a(_dvmd_tls.o)
 .ARM.attributes
                0x00000000000005d8       0x2c /usr/local/Cellar/arm-none-eabi-gcc/10.3-2021.07/gcc/bin/../lib/gcc/arm-none-eabi/10.3.1/../../../../arm-none-eabi/lib/thumb/v6-m/nofp/libg.a(lib_a-strlen-stub.o)

.comment        0x0000000000000000       0x49
 .comment       0x0000000000000000       0x49 CMakeFiles/pio_uart_tx.dir/uart_tx.c.obj
                                         0x4a (size before relaxing)
 .comment       0x0000000000000049       0x4a CMakeFiles/pio_uart_tx.dir/Users/masonwright/pico/pico-sdk/src/rp2_common/hardware_gpio/gpio.c.obj
 .comment       0x0000000000000049       0x4a CMakeFiles/pio_uart_tx.dir/Users/masonwright/pico/pico-sdk/src/rp2_common/hardware_claim/claim.c.obj
 .comment       0x0000000000000049       0x4a CMakeFiles/pio_uart_tx.dir/Users/masonwright/pico/pico-sdk/src/rp2_common/pico_platform/platform.c.obj
 .comment       0x0000000000000049       0x4a CMakeFiles/pio_uart_tx.dir/Users/masonwright/pico/pico-sdk/src/rp2_common/hardware_sync/sync.c.obj
 .comment       0x0000000000000049       0x4a CMakeFiles/pio_uart_tx.dir/Users/masonwright/pico/pico-sdk/src/rp2_common/hardware_irq/irq.c.obj
 .comment       0x0000000000000049       0x4a CMakeFiles/pio_uart_tx.dir/Users/masonwright/pico/pico-sdk/src/common/pico_sync/lock_core.c.obj
 .comment       0x0000000000000049       0x4a CMakeFiles/pio_uart_tx.dir/Users/masonwright/pico/pico-sdk/src/common/pico_time/time.c.obj
 .comment       0x0000000000000049       0x4a CMakeFiles/pio_uart_tx.dir/Users/masonwright/pico/pico-sdk/src/rp2_common/hardware_timer/timer.c.obj
 .comment       0x0000000000000049       0x4a CMakeFiles/pio_uart_tx.dir/Users/masonwright/pico/pico-sdk/src/common/pico_util/pheap.c.obj
 .comment       0x0000000000000049       0x4a CMakeFiles/pio_uart_tx.dir/Users/masonwright/pico/pico-sdk/src/common/pico_sync/mutex.c.obj
 .comment       0x0000000000000049       0x4a CMakeFiles/pio_uart_tx.dir/Users/masonwright/pico/pico-sdk/src/rp2_common/pico_runtime/runtime.c.obj
 .comment       0x0000000000000049       0x4a CMakeFiles/pio_uart_tx.dir/Users/masonwright/pico/pico-sdk/src/rp2_common/hardware_clocks/clocks.c.obj
 .comment       0x0000000000000049       0x4a CMakeFiles/pio_uart_tx.dir/Users/masonwright/pico/pico-sdk/src/rp2_common/hardware_pll/pll.c.obj
 .comment       0x0000000000000049       0x4a CMakeFiles/pio_uart_tx.dir/Users/masonwright/pico/pico-sdk/src/rp2_common/hardware_watchdog/watchdog.c.obj
 .comment       0x0000000000000049       0x4a CMakeFiles/pio_uart_tx.dir/Users/masonwright/pico/pico-sdk/src/rp2_common/hardware_xosc/xosc.c.obj
 .comment       0x0000000000000049       0x4a CMakeFiles/pio_uart_tx.dir/Users/masonwright/pico/pico-sdk/src/rp2_common/pico_printf/printf.c.obj
 .comment       0x0000000000000049       0x4a CMakeFiles/pio_uart_tx.dir/Users/masonwright/pico/pico-sdk/src/rp2_common/pico_bootrom/bootrom.c.obj
 .comment       0x0000000000000049       0x4a CMakeFiles/pio_uart_tx.dir/Users/masonwright/pico/pico-sdk/src/rp2_common/pico_double/double_init_rom.c.obj
 .comment       0x0000000000000049       0x4a CMakeFiles/pio_uart_tx.dir/Users/masonwright/pico/pico-sdk/src/rp2_common/pico_float/float_init_rom.c.obj
 .comment       0x0000000000000049       0x4a CMakeFiles/pio_uart_tx.dir/Users/masonwright/pico/pico-sdk/src/rp2_common/pico_standard_link/binary_info.c.obj
 .comment       0x0000000000000049       0x4a CMakeFiles/pio_uart_tx.dir/Users/masonwright/pico/pico-sdk/src/rp2_common/pico_stdio/stdio.c.obj
 .comment       0x0000000000000049       0x4a CMakeFiles/pio_uart_tx.dir/Users/masonwright/pico/pico-sdk/src/rp2_common/hardware_pio/pio.c.obj

.debug_info     0x0000000000000000    0x1545d
 .debug_info    0x0000000000000000     0x1292 CMakeFiles/pio_uart_tx.dir/uart_tx.c.obj
 .debug_info    0x0000000000001292     0x16d7 CMakeFiles/pio_uart_tx.dir/Users/masonwright/pico/pico-sdk/src/rp2_common/hardware_gpio/gpio.c.obj
 .debug_info    0x0000000000002969      0x6bb CMakeFiles/pio_uart_tx.dir/Users/masonwright/pico/pico-sdk/src/rp2_common/hardware_claim/claim.c.obj
 .debug_info    0x0000000000003024      0x1e3 CMakeFiles/pio_uart_tx.dir/Users/masonwright/pico/pico-sdk/src/rp2_common/pico_platform/platform.c.obj
 .debug_info    0x0000000000003207      0x58e CMakeFiles/pio_uart_tx.dir/Users/masonwright/pico/pico-sdk/src/rp2_common/hardware_sync/sync.c.obj
 .debug_info    0x0000000000003795     0x1c49 CMakeFiles/pio_uart_tx.dir/Users/masonwright/pico/pico-sdk/src/rp2_common/hardware_irq/irq.c.obj
 .debug_info    0x00000000000053de      0x1a4 CMakeFiles/pio_uart_tx.dir/Users/masonwright/pico/pico-sdk/src/common/pico_sync/lock_core.c.obj
 .debug_info    0x0000000000005582     0x3b3b CMakeFiles/pio_uart_tx.dir/Users/masonwright/pico/pico-sdk/src/common/pico_time/time.c.obj
 .debug_info    0x00000000000090bd     0x1134 CMakeFiles/pio_uart_tx.dir/Users/masonwright/pico/pico-sdk/src/rp2_common/hardware_timer/timer.c.obj
 .debug_info    0x000000000000a1f1     0x120c CMakeFiles/pio_uart_tx.dir/Users/masonwright/pico/pico-sdk/src/common/pico_util/pheap.c.obj
 .debug_info    0x000000000000b3fd     0x2022 CMakeFiles/pio_uart_tx.dir/Users/masonwright/pico/pico-sdk/src/common/pico_sync/mutex.c.obj
 .debug_info    0x000000000000d41f      0xa87 CMakeFiles/pio_uart_tx.dir/Users/masonwright/pico/pico-sdk/src/rp2_common/pico_runtime/runtime.c.obj
 .debug_info    0x000000000000dea6      0xf63 CMakeFiles/pio_uart_tx.dir/Users/masonwright/pico/pico-sdk/src/rp2_common/hardware_clocks/clocks.c.obj
 .debug_info    0x000000000000ee09      0x54a CMakeFiles/pio_uart_tx.dir/Users/masonwright/pico/pico-sdk/src/rp2_common/hardware_pll/pll.c.obj
 .debug_info    0x000000000000f353      0x4ee CMakeFiles/pio_uart_tx.dir/Users/masonwright/pico/pico-sdk/src/rp2_common/hardware_watchdog/watchdog.c.obj
 .debug_info    0x000000000000f841      0x1d8 CMakeFiles/pio_uart_tx.dir/Users/masonwright/pico/pico-sdk/src/rp2_common/hardware_xosc/xosc.c.obj
 .debug_info    0x000000000000fa19     0x1a5f CMakeFiles/pio_uart_tx.dir/Users/masonwright/pico/pico-sdk/src/rp2_common/pico_printf/printf.c.obj
 .debug_info    0x0000000000011478       0x22 CMakeFiles/pio_uart_tx.dir/Users/masonwright/pico/pico-sdk/src/rp2_common/pico_bit_ops/bit_ops_aeabi.S.obj
 .debug_info    0x000000000001149a      0x27c CMakeFiles/pio_uart_tx.dir/Users/masonwright/pico/pico-sdk/src/rp2_common/pico_bootrom/bootrom.c.obj
 .debug_info    0x0000000000011716       0x22 CMakeFiles/pio_uart_tx.dir/Users/masonwright/pico/pico-sdk/src/rp2_common/pico_divider/divider.S.obj
 .debug_info    0x0000000000011738       0x22 CMakeFiles/pio_uart_tx.dir/Users/masonwright/pico/pico-sdk/src/rp2_common/pico_double/double_aeabi.S.obj
 .debug_info    0x000000000001175a      0x2d1 CMakeFiles/pio_uart_tx.dir/Users/masonwright/pico/pico-sdk/src/rp2_common/pico_double/double_init_rom.c.obj
 .debug_info    0x0000000000011a2b       0x22 CMakeFiles/pio_uart_tx.dir/Users/masonwright/pico/pico-sdk/src/rp2_common/pico_double/double_v1_rom_shim.S.obj
 .debug_info    0x0000000000011a4d       0x26 CMakeFiles/pio_uart_tx.dir/Users/masonwright/pico/pico-sdk/src/rp2_common/pico_int64_ops/pico_int64_ops_aeabi.S.obj
 .debug_info    0x0000000000011a73       0x22 CMakeFiles/pio_uart_tx.dir/Users/masonwright/pico/pico-sdk/src/rp2_common/pico_float/float_aeabi.S.obj
 .debug_info    0x0000000000011a95      0x2eb CMakeFiles/pio_uart_tx.dir/Users/masonwright/pico/pico-sdk/src/rp2_common/pico_float/float_init_rom.c.obj
 .debug_info    0x0000000000011d80       0x22 CMakeFiles/pio_uart_tx.dir/Users/masonwright/pico/pico-sdk/src/rp2_common/pico_float/float_v1_rom_shim.S.obj
 .debug_info    0x0000000000011da2       0x22 CMakeFiles/pio_uart_tx.dir/Users/masonwright/pico/pico-sdk/src/rp2_common/pico_mem_ops/mem_ops_aeabi.S.obj
 .debug_info    0x0000000000011dc4       0x22 CMakeFiles/pio_uart_tx.dir/Users/masonwright/pico/pico-sdk/src/rp2_common/pico_standard_link/crt0.S.obj
 .debug_info    0x0000000000011de6      0x2f6 CMakeFiles/pio_uart_tx.dir/Users/masonwright/pico/pico-sdk/src/rp2_common/pico_standard_link/binary_info.c.obj
 .debug_info    0x00000000000120dc     0x12ee CMakeFiles/pio_uart_tx.dir/Users/masonwright/pico/pico-sdk/src/rp2_common/pico_stdio/stdio.c.obj
 .debug_info    0x00000000000133ca     0x2093 CMakeFiles/pio_uart_tx.dir/Users/masonwright/pico/pico-sdk/src/rp2_common/hardware_pio/pio.c.obj

.debug_abbrev   0x0000000000000000     0x3ff3
 .debug_abbrev  0x0000000000000000      0x3d4 CMakeFiles/pio_uart_tx.dir/uart_tx.c.obj
 .debug_abbrev  0x00000000000003d4      0x326 CMakeFiles/pio_uart_tx.dir/Users/masonwright/pico/pico-sdk/src/rp2_common/hardware_gpio/gpio.c.obj
 .debug_abbrev  0x00000000000006fa      0x2e9 CMakeFiles/pio_uart_tx.dir/Users/masonwright/pico/pico-sdk/src/rp2_common/hardware_claim/claim.c.obj
 .debug_abbrev  0x00000000000009e3       0xeb CMakeFiles/pio_uart_tx.dir/Users/masonwright/pico/pico-sdk/src/rp2_common/pico_platform/platform.c.obj
 .debug_abbrev  0x0000000000000ace      0x21b CMakeFiles/pio_uart_tx.dir/Users/masonwright/pico/pico-sdk/src/rp2_common/hardware_sync/sync.c.obj
 .debug_abbrev  0x0000000000000ce9      0x4fc CMakeFiles/pio_uart_tx.dir/Users/masonwright/pico/pico-sdk/src/rp2_common/hardware_irq/irq.c.obj
 .debug_abbrev  0x00000000000011e5      0x116 CMakeFiles/pio_uart_tx.dir/Users/masonwright/pico/pico-sdk/src/common/pico_sync/lock_core.c.obj
 .debug_abbrev  0x00000000000012fb      0x54d CMakeFiles/pio_uart_tx.dir/Users/masonwright/pico/pico-sdk/src/common/pico_time/time.c.obj
 .debug_abbrev  0x0000000000001848      0x3a2 CMakeFiles/pio_uart_tx.dir/Users/masonwright/pico/pico-sdk/src/rp2_common/hardware_timer/timer.c.obj
 .debug_abbrev  0x0000000000001bea      0x297 CMakeFiles/pio_uart_tx.dir/Users/masonwright/pico/pico-sdk/src/common/pico_util/pheap.c.obj
 .debug_abbrev  0x0000000000001e81      0x386 CMakeFiles/pio_uart_tx.dir/Users/masonwright/pico/pico-sdk/src/common/pico_sync/mutex.c.obj
 .debug_abbrev  0x0000000000002207      0x3aa CMakeFiles/pio_uart_tx.dir/Users/masonwright/pico/pico-sdk/src/rp2_common/pico_runtime/runtime.c.obj
 .debug_abbrev  0x00000000000025b1      0x3a5 CMakeFiles/pio_uart_tx.dir/Users/masonwright/pico/pico-sdk/src/rp2_common/hardware_clocks/clocks.c.obj
 .debug_abbrev  0x0000000000002956      0x1ea CMakeFiles/pio_uart_tx.dir/Users/masonwright/pico/pico-sdk/src/rp2_common/hardware_pll/pll.c.obj
 .debug_abbrev  0x0000000000002b40      0x1a8 CMakeFiles/pio_uart_tx.dir/Users/masonwright/pico/pico-sdk/src/rp2_common/hardware_watchdog/watchdog.c.obj
 .debug_abbrev  0x0000000000002ce8      0x109 CMakeFiles/pio_uart_tx.dir/Users/masonwright/pico/pico-sdk/src/rp2_common/hardware_xosc/xosc.c.obj
 .debug_abbrev  0x0000000000002df1      0x384 CMakeFiles/pio_uart_tx.dir/Users/masonwright/pico/pico-sdk/src/rp2_common/pico_printf/printf.c.obj
 .debug_abbrev  0x0000000000003175       0x12 CMakeFiles/pio_uart_tx.dir/Users/masonwright/pico/pico-sdk/src/rp2_common/pico_bit_ops/bit_ops_aeabi.S.obj
 .debug_abbrev  0x0000000000003187      0x13b CMakeFiles/pio_uart_tx.dir/Users/masonwright/pico/pico-sdk/src/rp2_common/pico_bootrom/bootrom.c.obj
 .debug_abbrev  0x00000000000032c2       0x12 CMakeFiles/pio_uart_tx.dir/Users/masonwright/pico/pico-sdk/src/rp2_common/pico_divider/divider.S.obj
 .debug_abbrev  0x00000000000032d4       0x12 CMakeFiles/pio_uart_tx.dir/Users/masonwright/pico/pico-sdk/src/rp2_common/pico_double/double_aeabi.S.obj
 .debug_abbrev  0x00000000000032e6      0x179 CMakeFiles/pio_uart_tx.dir/Users/masonwright/pico/pico-sdk/src/rp2_common/pico_double/double_init_rom.c.obj
 .debug_abbrev  0x000000000000345f       0x12 CMakeFiles/pio_uart_tx.dir/Users/masonwright/pico/pico-sdk/src/rp2_common/pico_double/double_v1_rom_shim.S.obj
 .debug_abbrev  0x0000000000003471       0x14 CMakeFiles/pio_uart_tx.dir/Users/masonwright/pico/pico-sdk/src/rp2_common/pico_int64_ops/pico_int64_ops_aeabi.S.obj
 .debug_abbrev  0x0000000000003485       0x12 CMakeFiles/pio_uart_tx.dir/Users/masonwright/pico/pico-sdk/src/rp2_common/pico_float/float_aeabi.S.obj
 .debug_abbrev  0x0000000000003497      0x18c CMakeFiles/pio_uart_tx.dir/Users/masonwright/pico/pico-sdk/src/rp2_common/pico_float/float_init_rom.c.obj
 .debug_abbrev  0x0000000000003623       0x12 CMakeFiles/pio_uart_tx.dir/Users/masonwright/pico/pico-sdk/src/rp2_common/pico_float/float_v1_rom_shim.S.obj
 .debug_abbrev  0x0000000000003635       0x12 CMakeFiles/pio_uart_tx.dir/Users/masonwright/pico/pico-sdk/src/rp2_common/pico_mem_ops/mem_ops_aeabi.S.obj
 .debug_abbrev  0x0000000000003647       0x12 CMakeFiles/pio_uart_tx.dir/Users/masonwright/pico/pico-sdk/src/rp2_common/pico_standard_link/crt0.S.obj
 .debug_abbrev  0x0000000000003659       0xad CMakeFiles/pio_uart_tx.dir/Users/masonwright/pico/pico-sdk/src/rp2_common/pico_standard_link/binary_info.c.obj
 .debug_abbrev  0x0000000000003706      0x4a9 CMakeFiles/pio_uart_tx.dir/Users/masonwright/pico/pico-sdk/src/rp2_common/pico_stdio/stdio.c.obj
 .debug_abbrev  0x0000000000003baf      0x444 CMakeFiles/pio_uart_tx.dir/Users/masonwright/pico/pico-sdk/src/rp2_common/hardware_pio/pio.c.obj

.debug_loc      0x0000000000000000     0xeeb2
 .debug_loc     0x0000000000000000      0x6a8 CMakeFiles/pio_uart_tx.dir/uart_tx.c.obj
 .debug_loc     0x00000000000006a8     0x118d CMakeFiles/pio_uart_tx.dir/Users/masonwright/pico/pico-sdk/src/rp2_common/hardware_gpio/gpio.c.obj
 .debug_loc     0x0000000000001835      0x45f CMakeFiles/pio_uart_tx.dir/Users/masonwright/pico/pico-sdk/src/rp2_common/hardware_claim/claim.c.obj
 .debug_loc     0x0000000000001c94       0xe9 CMakeFiles/pio_uart_tx.dir/Users/masonwright/pico/pico-sdk/src/rp2_common/pico_platform/platform.c.obj
 .debug_loc     0x0000000000001d7d      0x233 CMakeFiles/pio_uart_tx.dir/Users/masonwright/pico/pico-sdk/src/rp2_common/hardware_sync/sync.c.obj
 .debug_loc     0x0000000000001fb0     0x1365 CMakeFiles/pio_uart_tx.dir/Users/masonwright/pico/pico-sdk/src/rp2_common/hardware_irq/irq.c.obj
 .debug_loc     0x0000000000003315       0x60 CMakeFiles/pio_uart_tx.dir/Users/masonwright/pico/pico-sdk/src/common/pico_sync/lock_core.c.obj
 .debug_loc     0x0000000000003375     0x2e2a CMakeFiles/pio_uart_tx.dir/Users/masonwright/pico/pico-sdk/src/common/pico_time/time.c.obj
 .debug_loc     0x000000000000619f      0x952 CMakeFiles/pio_uart_tx.dir/Users/masonwright/pico/pico-sdk/src/rp2_common/hardware_timer/timer.c.obj
 .debug_loc     0x0000000000006af1     0x1439 CMakeFiles/pio_uart_tx.dir/Users/masonwright/pico/pico-sdk/src/common/pico_util/pheap.c.obj
 .debug_loc     0x0000000000007f2a     0x1469 CMakeFiles/pio_uart_tx.dir/Users/masonwright/pico/pico-sdk/src/common/pico_sync/mutex.c.obj
 .debug_loc     0x0000000000009393      0x3f0 CMakeFiles/pio_uart_tx.dir/Users/masonwright/pico/pico-sdk/src/rp2_common/pico_runtime/runtime.c.obj
 .debug_loc     0x0000000000009783      0x7eb CMakeFiles/pio_uart_tx.dir/Users/masonwright/pico/pico-sdk/src/rp2_common/hardware_clocks/clocks.c.obj
 .debug_loc     0x0000000000009f6e      0x32f CMakeFiles/pio_uart_tx.dir/Users/masonwright/pico/pico-sdk/src/rp2_common/hardware_pll/pll.c.obj
 .debug_loc     0x000000000000a29d      0x2ec CMakeFiles/pio_uart_tx.dir/Users/masonwright/pico/pico-sdk/src/rp2_common/hardware_watchdog/watchdog.c.obj
 .debug_loc     0x000000000000a589       0x71 CMakeFiles/pio_uart_tx.dir/Users/masonwright/pico/pico-sdk/src/rp2_common/hardware_xosc/xosc.c.obj
 .debug_loc     0x000000000000a5fa     0x2095 CMakeFiles/pio_uart_tx.dir/Users/masonwright/pico/pico-sdk/src/rp2_common/pico_printf/printf.c.obj
 .debug_loc     0x000000000000c68f      0x1a1 CMakeFiles/pio_uart_tx.dir/Users/masonwright/pico/pico-sdk/src/rp2_common/pico_bootrom/bootrom.c.obj